
Memory Configuration

Name             Origin             Length             Attributes
*default*        0x0000000000000000 0xffffffffffffffff

Linker script and memory map

Address of section .text set to 0xe000000
LOAD build/us_n64/bin/grass.elf
LOAD build/us_n64/actors/vanilla_actors/wf/data.o
                [!provide]                        PROVIDE (__executable_start = SEGMENT_START ("text-segment", 0x400000))
                0x0000000000400000                . = SEGMENT_START ("text-segment", 0x400000)

.interp
 *(.interp)

.MIPS.abiflags  0x0000000000400000       0x18
 *(.MIPS.abiflags)
 .MIPS.abiflags
                0x0000000000400000       0x18 build/us_n64/actors/vanilla_actors/wf/data.o

.reginfo        0x0000000000400018       0x18
 *(.reginfo)
 .reginfo       0x0000000000400018       0x18 build/us_n64/actors/vanilla_actors/wf/data.o

.note.gnu.build-id
 *(.note.gnu.build-id)

.dynamic
 *(.dynamic)

.hash
 *(.hash)

.gnu.hash
 *(.gnu.hash)

.dynsym
 *(.dynsym)

.dynstr
 *(.dynstr)

.gnu.version
 *(.gnu.version)

.gnu.version_d
 *(.gnu.version_d)

.gnu.version_r
 *(.gnu.version_r)

.rel.dyn        0x0000000000400018        0x0 load address 0x0000000000400030
 *(.rel.init)
 *(.rel.text .rel.text.* .rel.gnu.linkonce.t.*)
 *(.rel.fini)
 *(.rel.rodata .rel.rodata.* .rel.gnu.linkonce.r.*)
 *(.rel.data.rel.ro .rel.data.rel.ro.* .rel.gnu.linkonce.d.rel.ro.*)
 *(.rel.data .rel.data.* .rel.gnu.linkonce.d.*)
 *(.rel.tdata .rel.tdata.* .rel.gnu.linkonce.td.*)
 *(.rel.tbss .rel.tbss.* .rel.gnu.linkonce.tb.*)
 *(.rel.ctors)
 *(.rel.dtors)
 *(.rel.got)
 *(.rel.dyn)
 .rel.dyn       0x0000000000400018        0x0 build/us_n64/actors/vanilla_actors/wf/data.o
 *(.rel.sdata .rel.sdata.* .rel.gnu.linkonce.s.*)
 *(.rel.sbss .rel.sbss.* .rel.gnu.linkonce.sb.*)
 *(.rel.sdata2 .rel.sdata2.* .rel.gnu.linkonce.s2.*)
 *(.rel.sbss2 .rel.sbss2.* .rel.gnu.linkonce.sb2.*)
 *(.rel.bss .rel.bss.* .rel.gnu.linkonce.b.*)
                [!provide]                        PROVIDE (__rel_iplt_start = .)
 *(.rel.iplt)
                [!provide]                        PROVIDE (__rel_iplt_end = .)

.rela.dyn       0x0000000000400018        0x0
 *(.rela.init)
 *(.rela.text .rela.text.* .rela.gnu.linkonce.t.*)
 *(.rela.fini)
 *(.rela.rodata .rela.rodata.* .rela.gnu.linkonce.r.*)
 *(.rela.data .rela.data.* .rela.gnu.linkonce.d.*)
 *(.rela.tdata .rela.tdata.* .rela.gnu.linkonce.td.*)
 *(.rela.tbss .rela.tbss.* .rela.gnu.linkonce.tb.*)
 *(.rela.ctors)
 *(.rela.dtors)
 *(.rela.got)
 *(.rela.sdata .rela.sdata.* .rela.gnu.linkonce.s.*)
 *(.rela.sbss .rela.sbss.* .rela.gnu.linkonce.sb.*)
 *(.rela.sdata2 .rela.sdata2.* .rela.gnu.linkonce.s2.*)
 *(.rela.sbss2 .rela.sbss2.* .rela.gnu.linkonce.sb2.*)
 *(.rela.bss .rela.bss.* .rela.gnu.linkonce.b.*)
                [!provide]                        PROVIDE (__rela_iplt_start = .)
 *(.rela.iplt)
                [!provide]                        PROVIDE (__rela_iplt_end = .)

.rel.plt
 *(.rel.plt)

.rela.plt
 *(.rela.plt)

.init
 *(SORT_NONE(.init))

.plt
 *(.plt)

.iplt
 *(.iplt)

.text           0x000000000e000000        0x0 load address 0x000000000e000018
                0x000000000e000000                _ftext = .
 *(.text.unlikely .text.*_unlikely .text.unlikely.*)
 *(.text.exit .text.exit.*)
 *(.text.startup .text.startup.*)
 *(.text.hot .text.hot.*)
 *(.text .stub .text.* .gnu.linkonce.t.*)
 .text          0x000000000e000000        0x0 build/us_n64/actors/vanilla_actors/wf/data.o
 *(.gnu.warning)
 *(.mips16.fn.*)
 *(.mips16.call.*)

.fini
 *(SORT_NONE(.fini))
                [!provide]                        PROVIDE (__etext = .)
                [!provide]                        PROVIDE (_etext = .)
                [!provide]                        PROVIDE (etext = .)

.rodata
 *(.rodata .rodata.* .gnu.linkonce.r.*)

.rodata1
 *(.rodata1)

.sdata2
 *(.sdata2 .sdata2.* .gnu.linkonce.s2.*)

.sbss2
 *(.sbss2 .sbss2.* .gnu.linkonce.sb2.*)

.eh_frame_hdr
 *(.eh_frame_hdr)
 *(.eh_frame_entry .eh_frame_entry.*)

.eh_frame
 *(.eh_frame)
 *(.eh_frame.*)

.gcc_except_table
 *(.gcc_except_table .gcc_except_table.*)

.gnu_extab
 *(.gnu_extab*)

.exception_ranges
 *(.exception_ranges .exception_ranges*)
                0x000000000e000000                . = DATA_SEGMENT_ALIGN (CONSTANT (MAXPAGESIZE), CONSTANT (COMMONPAGESIZE))

.eh_frame
 *(.eh_frame)
 *(.eh_frame.*)

.gnu_extab
 *(.gnu_extab)

.gcc_except_table
 *(.gcc_except_table .gcc_except_table.*)

.exception_ranges
 *(.exception_ranges .exception_ranges*)

.tdata
 *(.tdata .tdata.* .gnu.linkonce.td.*)

.tbss
 *(.tbss .tbss.* .gnu.linkonce.tb.*)
 *(.tcommon)

.preinit_array  0x000000000e000000        0x0
                [!provide]                        PROVIDE (__preinit_array_start = .)
 *(.preinit_array)
                [!provide]                        PROVIDE (__preinit_array_end = .)

.init_array     0x000000000e000000        0x0
                [!provide]                        PROVIDE (__init_array_start = .)
 *(SORT_BY_INIT_PRIORITY(.init_array.*) SORT_BY_INIT_PRIORITY(.ctors.*))
 *(.init_array EXCLUDE_FILE(*crtend?.o *crtend.o *crtbegin?.o *crtbegin.o) .ctors)
                [!provide]                        PROVIDE (__init_array_end = .)

.fini_array     0x000000000e000000        0x0
                [!provide]                        PROVIDE (__fini_array_start = .)
 *(SORT_BY_INIT_PRIORITY(.fini_array.*) SORT_BY_INIT_PRIORITY(.dtors.*))
 *(.fini_array EXCLUDE_FILE(*crtend?.o *crtend.o *crtbegin?.o *crtbegin.o) .dtors)
                [!provide]                        PROVIDE (__fini_array_end = .)

.ctors
 *crtbegin.o(.ctors)
 *crtbegin?.o(.ctors)
 *(EXCLUDE_FILE(*crtend?.o *crtend.o) .ctors)
 *(SORT_BY_NAME(.ctors.*))
 *(.ctors)

.dtors
 *crtbegin.o(.dtors)
 *crtbegin?.o(.dtors)
 *(EXCLUDE_FILE(*crtend?.o *crtend.o) .dtors)
 *(SORT_BY_NAME(.dtors.*))
 *(.dtors)

.jcr
 *(.jcr)

.data.rel.ro
 *(.data.rel.ro.local* .gnu.linkonce.d.rel.ro.local.*)
 *(.data.rel.ro .data.rel.ro.* .gnu.linkonce.d.rel.ro.*)
                0x000000000e000000                . = DATA_SEGMENT_RELRO_END (., 0x0)

.data           0x000000000e000000     0x72b0 load address 0x000000000e000018
                0x000000000e000000                _fdata = .
 *(.data .data.* .gnu.linkonce.d.*)
 .data          0x000000000e000000     0x72b0 build/us_n64/actors/vanilla_actors/wf/data.o
                0x000000000e000000                wf_seg7_collision_bullet_bill_cannon
                0x000000000e00008c                wf_seg7_collision_tower
                0x000000000e0005c0                wf_seg7_collision_rotating_platform
                0x000000000e0006d0                wf_seg7_collision_tower_door
                0x000000000e000704                wf_seg7_collision_kickable_board
                0x000000000e0007a0                wf_seg7_collision_breakable_wall_2
                0x000000000e0007dc                wf_seg7_collision_breakable_wall
                0x000000000e000818                wf_seg7_collision_platform
                0x000000000e0008a4                wf_seg7_collision_trapezoid
                0x000000000e000930                wf_seg7_collision_tumbling_bridge
                0x000000000e000964                wf_seg7_collision_sliding_brick_platform
                0x000000000e0009b4                wf_seg7_collision_clocklike_rotation
                0x000000000e000a74                wf_seg7_collision_large_bomp
                0x000000000e000b64                wf_seg7_collision_small_bomp
                0x000000000e000c58                wf_seg7_dl_0700F7F8
                0x000000000e000d58                wf_seg7_dl_0700F6C0
                0x000000000e000e28                wf_seg7_dl_0700F610
                0x000000000e0010c0                wf_seg7_dl_07009278
                0x000000000e001310                wf_seg7_dl_07008FE8
                0x000000000e001aa0                wf_seg7_dl_070087B0
                0x000000000e002bc0                wf_seg7_dl_0700BF50
                0x000000000e003030                wf_seg7_dl_0700A170
                0x000000000e003398                wf_seg7_dl_0700F340
                0x000000000e003520                wf_seg7_dl_0700F1A8
                0x000000000e0036a8                wf_seg7_dl_0700F018
                0x000000000e0038d0                wf_seg7_dl_0700EDC0
                0x000000000e003b20                wf_seg7_dl_0700EB40
                0x000000000e003c98                wf_seg7_dl_0700E9B8
                0x000000000e003ec0                wf_seg7_dl_0700E760
                0x000000000e004210                wf_seg7_dl_0700E3D0
                0x000000000e0044b8                wf_seg7_dl_0700E0F0
                0x000000000e004750                wf_seg7_dl_0700DE20
                0x000000000e004b38                wf_seg7_dl_0700D9F0
                0x000000000e004df0                wf_seg7_dl_0700D708

.data1
 *(.data1)

.got.plt
 *(.got.plt)
                0x000000000e0072b0                . = .
                0x000000000e0072b0                . = .
                0x000000000e00f2a0                _gp = (ALIGN (0x10) + 0x7ff0)

.got
 *(.got)

.sdata
 *(.sdata .sdata.* .gnu.linkonce.s.*)

.lit8
 *(.lit8)

.lit4
 *(.lit4)
                0x000000000e0072b0                _edata = .
                [!provide]                        PROVIDE (edata = .)
                0x000000000e0072b0                . = .
                0x000000000e0072b0                __bss_start = .
                0x000000000e0072b0                _fbss = .

.sbss
 *(.dynsbss)
 *(.sbss .sbss.* .gnu.linkonce.sb.*)
 *(.scommon)

.bss            0x000000000e0072b0        0x0 load address 0x000000000e0072c8
 *(.dynbss)
 *(.bss .bss.* .gnu.linkonce.b.*)
 .bss           0x000000000e0072b0        0x0 build/us_n64/actors/vanilla_actors/wf/data.o
 *(COMMON)
                0x000000000e0072b0                . = ALIGN ((. != 0x0)?0x4:0x1)
                0x000000000e0072b0                . = ALIGN (0x4)
                0x000000000e0072b0                . = SEGMENT_START ("ldata-segment", .)
                0x000000000e0072b0                . = ALIGN (0x4)
                0x000000000e0072b0                _end = .
                [!provide]                        PROVIDE (end = .)
                0x000000000e0072b0                . = DATA_SEGMENT_END (.)

.stab
 *(.stab)

.stabstr
 *(.stabstr)

.stab.excl
 *(.stab.excl)

.stab.exclstr
 *(.stab.exclstr)

.stab.index
 *(.stab.index)

.stab.indexstr
 *(.stab.indexstr)

.comment        0x0000000000000000       0x12
 *(.comment)
 .comment       0x0000000000000000       0x12 build/us_n64/actors/vanilla_actors/wf/data.o
                                         0x13 (size before relaxing)

.pdr            0x0000000000000000        0x0
 .pdr           0x0000000000000000        0x0 build/us_n64/actors/vanilla_actors/wf/data.o

.debug
 *(.debug)

.line
 *(.line)

.debug_srcinfo
 *(.debug_srcinfo)

.debug_sfnames
 *(.debug_sfnames)

.debug_aranges
 *(.debug_aranges)

.debug_pubnames
 *(.debug_pubnames)

.debug_info
 *(.debug_info .gnu.linkonce.wi.*)

.debug_abbrev
 *(.debug_abbrev)

.debug_line
 *(.debug_line .debug_line.* .debug_line_end)

.debug_frame
 *(.debug_frame)

.debug_str
 *(.debug_str)

.debug_loc
 *(.debug_loc)

.debug_macinfo
 *(.debug_macinfo)

.debug_weaknames
 *(.debug_weaknames)

.debug_funcnames
 *(.debug_funcnames)

.debug_typenames
 *(.debug_typenames)

.debug_varnames
 *(.debug_varnames)

.debug_pubtypes
 *(.debug_pubtypes)

.debug_ranges
 *(.debug_ranges)

.debug_macro
 *(.debug_macro)

.debug_addr
 *(.debug_addr)

.gnu.attributes
                0x0000000000000000       0x10
 *(.gnu.attributes)
 .gnu.attributes
                0x0000000000000000       0x10 build/us_n64/actors/vanilla_actors/wf/data.o

.gptab.sdata
 *(.gptab.data)
 *(.gptab.sdata)

.gptab.sbss
 *(.gptab.bss)
 *(.gptab.sbss)

.mdebug.abi32   0x0000000000000000        0x0
 *(.mdebug.abi32)
 .mdebug.abi32  0x0000000000000000        0x0 build/us_n64/actors/vanilla_actors/wf/data.o

.mdebug.abiN32
 *(.mdebug.abiN32)

.mdebug.abi64
 *(.mdebug.abi64)

.mdebug.abiO64
 *(.mdebug.abiO64)

.mdebug.eabi32
 *(.mdebug.eabi32)

.mdebug.eabi64
 *(.mdebug.eabi64)

.gcc_compiled_long32
 *(.gcc_compiled_long32)

.gcc_compiled_long64
 *(.gcc_compiled_long64)

/DISCARD/
 *(.note.GNU-stack)
 *(.gnu_debuglink)
 *(.gnu.lto_*)
OUTPUT(build/us_n64/actors/vanilla_actors/wf/data.elf elf32-bigmips)
