
Memory Configuration

Name             Origin             Length             Attributes
*default*        0x0000000000000000 0xffffffffffffffff

Linker script and memory map

Address of section .text set to 0x1b000000
LOAD build/us_n64/bin/translation_en.o
                [!provide]                        PROVIDE (__executable_start = SEGMENT_START ("text-segment", 0x400000))
                0x0000000000400000                . = SEGMENT_START ("text-segment", 0x400000)

.interp
 *(.interp)

.MIPS.abiflags  0x0000000000400000       0x18
 *(.MIPS.abiflags)
 .MIPS.abiflags
                0x0000000000400000       0x18 build/us_n64/bin/translation_en.o

.reginfo        0x0000000000400018       0x18
 *(.reginfo)
 .reginfo       0x0000000000400018       0x18 build/us_n64/bin/translation_en.o

.note.gnu.build-id
 *(.note.gnu.build-id)

.dynamic
 *(.dynamic)

.hash
 *(.hash)

.gnu.hash
 *(.gnu.hash)

.dynsym
 *(.dynsym)

.dynstr
 *(.dynstr)

.gnu.version
 *(.gnu.version)

.gnu.version_d
 *(.gnu.version_d)

.gnu.version_r
 *(.gnu.version_r)

.rel.dyn        0x0000000000400018        0x0
 *(.rel.init)
 *(.rel.text .rel.text.* .rel.gnu.linkonce.t.*)
 *(.rel.fini)
 *(.rel.rodata .rel.rodata.* .rel.gnu.linkonce.r.*)
 *(.rel.data.rel.ro .rel.data.rel.ro.* .rel.gnu.linkonce.d.rel.ro.*)
 *(.rel.data .rel.data.* .rel.gnu.linkonce.d.*)
 *(.rel.tdata .rel.tdata.* .rel.gnu.linkonce.td.*)
 *(.rel.tbss .rel.tbss.* .rel.gnu.linkonce.tb.*)
 *(.rel.ctors)
 *(.rel.dtors)
 *(.rel.got)
 *(.rel.dyn)
 *(.rel.sdata .rel.sdata.* .rel.gnu.linkonce.s.*)
 *(.rel.sbss .rel.sbss.* .rel.gnu.linkonce.sb.*)
 *(.rel.sdata2 .rel.sdata2.* .rel.gnu.linkonce.s2.*)
 *(.rel.sbss2 .rel.sbss2.* .rel.gnu.linkonce.sb2.*)
 *(.rel.bss .rel.bss.* .rel.gnu.linkonce.b.*)
                [!provide]                        PROVIDE (__rel_iplt_start = .)
 *(.rel.iplt)
                [!provide]                        PROVIDE (__rel_iplt_end = .)

.rela.dyn       0x0000000000400018        0x0
 *(.rela.init)
 *(.rela.text .rela.text.* .rela.gnu.linkonce.t.*)
 *(.rela.fini)
 *(.rela.rodata .rela.rodata.* .rela.gnu.linkonce.r.*)
 *(.rela.data .rela.data.* .rela.gnu.linkonce.d.*)
 *(.rela.tdata .rela.tdata.* .rela.gnu.linkonce.td.*)
 *(.rela.tbss .rela.tbss.* .rela.gnu.linkonce.tb.*)
 *(.rela.ctors)
 *(.rela.dtors)
 *(.rela.got)
 *(.rela.sdata .rela.sdata.* .rela.gnu.linkonce.s.*)
 *(.rela.sbss .rela.sbss.* .rela.gnu.linkonce.sb.*)
 *(.rela.sdata2 .rela.sdata2.* .rela.gnu.linkonce.s2.*)
 *(.rela.sbss2 .rela.sbss2.* .rela.gnu.linkonce.sb2.*)
 *(.rela.bss .rela.bss.* .rela.gnu.linkonce.b.*)
                [!provide]                        PROVIDE (__rela_iplt_start = .)
 *(.rela.iplt)
                [!provide]                        PROVIDE (__rela_iplt_end = .)

.rel.plt
 *(.rel.plt)

.rela.plt
 *(.rela.plt)

.init
 *(SORT_NONE(.init))

.plt
 *(.plt)

.iplt
 *(.iplt)

.text           0x000000001b000000        0x0
                0x000000001b000000                _ftext = .
 *(.text.unlikely .text.*_unlikely .text.unlikely.*)
 *(.text.exit .text.exit.*)
 *(.text.startup .text.startup.*)
 *(.text.hot .text.hot.*)
 *(.text .stub .text.* .gnu.linkonce.t.*)
 .text          0x000000001b000000        0x0 build/us_n64/bin/translation_en.o
 *(.gnu.warning)
 *(.mips16.fn.*)
 *(.mips16.call.*)

.fini
 *(SORT_NONE(.fini))
                [!provide]                        PROVIDE (__etext = .)
                [!provide]                        PROVIDE (_etext = .)
                [!provide]                        PROVIDE (etext = .)

.rodata         0x000000001b000000     0xa085
 *(.rodata .rodata.* .gnu.linkonce.r.*)
 .rodata.act_name_table_en
                0x000000001b000000      0x188 build/us_n64/bin/translation_en.o
                0x000000001b000000                act_name_table_en
 .rodata.extra_text_6
                0x000000001b000188        0x1 build/us_n64/bin/translation_en.o
 *fill*         0x000000001b000189        0x3 
 .rodata.extra_text_5
                0x000000001b00018c        0x1 build/us_n64/bin/translation_en.o
 *fill*         0x000000001b00018d        0x3 
 .rodata.extra_text_4
                0x000000001b000190        0x1 build/us_n64/bin/translation_en.o
 *fill*         0x000000001b000191        0x3 
 .rodata.extra_text_3
                0x000000001b000194        0x1 build/us_n64/bin/translation_en.o
 *fill*         0x000000001b000195        0x3 
 .rodata.extra_text_2
                0x000000001b000198        0x1 build/us_n64/bin/translation_en.o
 *fill*         0x000000001b000199        0x3 
 .rodata.extra_text_1
                0x000000001b00019c        0x1 build/us_n64/bin/translation_en.o
 *fill*         0x000000001b00019d        0x3 
 .rodata.extra_text_0
                0x000000001b0001a0       0x22 build/us_n64/bin/translation_en.o
 *fill*         0x000000001b0001c2        0x2 
 .rodata.act_name_COURSE_RR_6
                0x000000001b0001c4       0x1b build/us_n64/bin/translation_en.o
 *fill*         0x000000001b0001df        0x1 
 .rodata.act_name_COURSE_RR_5
                0x000000001b0001e0       0x12 build/us_n64/bin/translation_en.o
 *fill*         0x000000001b0001f2        0x2 
 .rodata.act_name_COURSE_RR_4
                0x000000001b0001f4       0x17 build/us_n64/bin/translation_en.o
 *fill*         0x000000001b00020b        0x1 
 .rodata.act_name_COURSE_RR_3
                0x000000001b00020c       0x18 build/us_n64/bin/translation_en.o
 .rodata.act_name_COURSE_RR_2
                0x000000001b000224       0x19 build/us_n64/bin/translation_en.o
 *fill*         0x000000001b00023d        0x3 
 .rodata.act_name_COURSE_RR_1
                0x000000001b000240       0x1d build/us_n64/bin/translation_en.o
 *fill*         0x000000001b00025d        0x3 
 .rodata.act_name_COURSE_TTC_6
                0x000000001b000260       0x18 build/us_n64/bin/translation_en.o
 .rodata.act_name_COURSE_TTC_5
                0x000000001b000278       0x1b build/us_n64/bin/translation_en.o
 *fill*         0x000000001b000293        0x1 
 .rodata.act_name_COURSE_TTC_4
                0x000000001b000294       0x14 build/us_n64/bin/translation_en.o
 .rodata.act_name_COURSE_TTC_3
                0x000000001b0002a8        0xb build/us_n64/bin/translation_en.o
 *fill*         0x000000001b0002b3        0x1 
 .rodata.act_name_COURSE_TTC_2
                0x000000001b0002b4       0x1a build/us_n64/bin/translation_en.o
 *fill*         0x000000001b0002ce        0x2 
 .rodata.act_name_COURSE_TTC_1
                0x000000001b0002d0       0x13 build/us_n64/bin/translation_en.o
 *fill*         0x000000001b0002e3        0x1 
 .rodata.act_name_COURSE_THI_6
                0x000000001b0002e4       0x14 build/us_n64/bin/translation_en.o
 .rodata.act_name_COURSE_THI_5
                0x000000001b0002f8       0x14 build/us_n64/bin/translation_en.o
 .rodata.act_name_COURSE_THI_4
                0x000000001b00030c       0x18 build/us_n64/bin/translation_en.o
 .rodata.act_name_COURSE_THI_3
                0x000000001b000324       0x1d build/us_n64/bin/translation_en.o
 *fill*         0x000000001b000341        0x3 
 .rodata.act_name_COURSE_THI_2
                0x000000001b000344       0x1f build/us_n64/bin/translation_en.o
 *fill*         0x000000001b000363        0x1 
 .rodata.act_name_COURSE_THI_1
                0x000000001b000364       0x19 build/us_n64/bin/translation_en.o
 *fill*         0x000000001b00037d        0x3 
 .rodata.act_name_COURSE_TTM_6
                0x000000001b000380       0x1d build/us_n64/bin/translation_en.o
 *fill*         0x000000001b00039d        0x3 
 .rodata.act_name_COURSE_TTM_5
                0x000000001b0003a0       0x1e build/us_n64/bin/translation_en.o
 *fill*         0x000000001b0003be        0x2 
 .rodata.act_name_COURSE_TTM_4
                0x000000001b0003c0       0x18 build/us_n64/bin/translation_en.o
 .rodata.act_name_COURSE_TTM_3
                0x000000001b0003d8       0x1a build/us_n64/bin/translation_en.o
 *fill*         0x000000001b0003f2        0x2 
 .rodata.act_name_COURSE_TTM_2
                0x000000001b0003f4       0x1b build/us_n64/bin/translation_en.o
 *fill*         0x000000001b00040f        0x1 
 .rodata.act_name_COURSE_TTM_1
                0x000000001b000410       0x13 build/us_n64/bin/translation_en.o
 *fill*         0x000000001b000423        0x1 
 .rodata.act_name_COURSE_WDW_6
                0x000000001b000424       0x1d build/us_n64/bin/translation_en.o
 *fill*         0x000000001b000441        0x3 
 .rodata.act_name_COURSE_WDW_5
                0x000000001b000444       0x19 build/us_n64/bin/translation_en.o
 *fill*         0x000000001b00045d        0x3 
 .rodata.act_name_COURSE_WDW_4
                0x000000001b000460       0x1c build/us_n64/bin/translation_en.o
 .rodata.act_name_COURSE_WDW_3
                0x000000001b00047c       0x1e build/us_n64/bin/translation_en.o
 *fill*         0x000000001b00049a        0x2 
 .rodata.act_name_COURSE_WDW_2
                0x000000001b00049c       0x10 build/us_n64/bin/translation_en.o
 .rodata.act_name_COURSE_WDW_1
                0x000000001b0004ac       0x16 build/us_n64/bin/translation_en.o
 *fill*         0x000000001b0004c2        0x2 
 .rodata.act_name_COURSE_SL_6
                0x000000001b0004c4        0xf build/us_n64/bin/translation_en.o
 *fill*         0x000000001b0004d3        0x1 
 .rodata.act_name_COURSE_SL_5
                0x000000001b0004d4       0x1e build/us_n64/bin/translation_en.o
 *fill*         0x000000001b0004f2        0x2 
 .rodata.act_name_COURSE_SL_4
                0x000000001b0004f4       0x1d build/us_n64/bin/translation_en.o
 *fill*         0x000000001b000511        0x3 
 .rodata.act_name_COURSE_SL_3
                0x000000001b000514       0x13 build/us_n64/bin/translation_en.o
 *fill*         0x000000001b000527        0x1 
 .rodata.act_name_COURSE_SL_2
                0x000000001b000528       0x15 build/us_n64/bin/translation_en.o
 *fill*         0x000000001b00053d        0x3 
 .rodata.act_name_COURSE_SL_1
                0x000000001b000540       0x13 build/us_n64/bin/translation_en.o
 *fill*         0x000000001b000553        0x1 
 .rodata.act_name_COURSE_DDD_6
                0x000000001b000554       0x14 build/us_n64/bin/translation_en.o
 .rodata.act_name_COURSE_DDD_5
                0x000000001b000568       0x17 build/us_n64/bin/translation_en.o
 *fill*         0x000000001b00057f        0x1 
 .rodata.act_name_COURSE_DDD_4
                0x000000001b000580       0x17 build/us_n64/bin/translation_en.o
 *fill*         0x000000001b000597        0x1 
 .rodata.act_name_COURSE_DDD_3
                0x000000001b000598       0x1b build/us_n64/bin/translation_en.o
 *fill*         0x000000001b0005b3        0x1 
 .rodata.act_name_COURSE_DDD_2
                0x000000001b0005b4       0x16 build/us_n64/bin/translation_en.o
 *fill*         0x000000001b0005ca        0x2 
 .rodata.act_name_COURSE_DDD_1
                0x000000001b0005cc       0x13 build/us_n64/bin/translation_en.o
 *fill*         0x000000001b0005df        0x1 
 .rodata.act_name_COURSE_SSL_6
                0x000000001b0005e0        0xf build/us_n64/bin/translation_en.o
 *fill*         0x000000001b0005ef        0x1 
 .rodata.act_name_COURSE_SSL_5
                0x000000001b0005f0       0x1c build/us_n64/bin/translation_en.o
 .rodata.act_name_COURSE_SSL_4
                0x000000001b00060c       0x1f build/us_n64/bin/translation_en.o
 *fill*         0x000000001b00062b        0x1 
 .rodata.act_name_COURSE_SSL_3
                0x000000001b00062c       0x1b build/us_n64/bin/translation_en.o
 *fill*         0x000000001b000647        0x1 
 .rodata.act_name_COURSE_SSL_2
                0x000000001b000648       0x19 build/us_n64/bin/translation_en.o
 *fill*         0x000000001b000661        0x3 
 .rodata.act_name_COURSE_SSL_1
                0x000000001b000664       0x1e build/us_n64/bin/translation_en.o
 *fill*         0x000000001b000682        0x2 
 .rodata.act_name_COURSE_LLL_6
                0x000000001b000684       0x1d build/us_n64/bin/translation_en.o
 *fill*         0x000000001b0006a1        0x3 
 .rodata.act_name_COURSE_LLL_5
                0x000000001b0006a4       0x1d build/us_n64/bin/translation_en.o
 *fill*         0x000000001b0006c1        0x3 
 .rodata.act_name_COURSE_LLL_4
                0x000000001b0006c4       0x14 build/us_n64/bin/translation_en.o
 .rodata.act_name_COURSE_LLL_3
                0x000000001b0006d8       0x1d build/us_n64/bin/translation_en.o
 *fill*         0x000000001b0006f5        0x3 
 .rodata.act_name_COURSE_LLL_2
                0x000000001b0006f8       0x12 build/us_n64/bin/translation_en.o
 *fill*         0x000000001b00070a        0x2 
 .rodata.act_name_COURSE_LLL_1
                0x000000001b00070c       0x13 build/us_n64/bin/translation_en.o
 *fill*         0x000000001b00071f        0x1 
 .rodata.act_name_COURSE_HMC_6
                0x000000001b000720       0x18 build/us_n64/bin/translation_en.o
 .rodata.act_name_COURSE_HMC_5
                0x000000001b000738       0x1a build/us_n64/bin/translation_en.o
 *fill*         0x000000001b000752        0x2 
 .rodata.act_name_COURSE_HMC_4
                0x000000001b000754       0x1a build/us_n64/bin/translation_en.o
 *fill*         0x000000001b00076e        0x2 
 .rodata.act_name_COURSE_HMC_3
                0x000000001b000770       0x1b build/us_n64/bin/translation_en.o
 *fill*         0x000000001b00078b        0x1 
 .rodata.act_name_COURSE_HMC_2
                0x000000001b00078c       0x18 build/us_n64/bin/translation_en.o
 .rodata.act_name_COURSE_HMC_1
                0x000000001b0007a4       0x1d build/us_n64/bin/translation_en.o
 *fill*         0x000000001b0007c1        0x3 
 .rodata.act_name_COURSE_BBH_6
                0x000000001b0007c4       0x1e build/us_n64/bin/translation_en.o
 *fill*         0x000000001b0007e2        0x2 
 .rodata.act_name_COURSE_BBH_5
                0x000000001b0007e4       0x12 build/us_n64/bin/translation_en.o
 *fill*         0x000000001b0007f6        0x2 
 .rodata.act_name_COURSE_BBH_4
                0x000000001b0007f8       0x15 build/us_n64/bin/translation_en.o
 *fill*         0x000000001b00080d        0x3 
 .rodata.act_name_COURSE_BBH_3
                0x000000001b000810       0x1c build/us_n64/bin/translation_en.o
 .rodata.act_name_COURSE_BBH_2
                0x000000001b00082c       0x1e build/us_n64/bin/translation_en.o
 *fill*         0x000000001b00084a        0x2 
 .rodata.act_name_COURSE_BBH_1
                0x000000001b00084c        0xe build/us_n64/bin/translation_en.o
 *fill*         0x000000001b00085a        0x2 
 .rodata.act_name_COURSE_CCM_6
                0x000000001b00085c       0x19 build/us_n64/bin/translation_en.o
 *fill*         0x000000001b000875        0x3 
 .rodata.act_name_COURSE_CCM_5
                0x000000001b000878       0x2a build/us_n64/bin/translation_en.o
 *fill*         0x000000001b0008a2        0x2 
 .rodata.act_name_COURSE_CCM_4
                0x000000001b0008a4       0x29 build/us_n64/bin/translation_en.o
 *fill*         0x000000001b0008cd        0x3 
 .rodata.act_name_COURSE_CCM_3
                0x000000001b0008d0       0x23 build/us_n64/bin/translation_en.o
 *fill*         0x000000001b0008f3        0x1 
 .rodata.act_name_COURSE_CCM_2
                0x000000001b0008f4       0x17 build/us_n64/bin/translation_en.o
 *fill*         0x000000001b00090b        0x1 
 .rodata.act_name_COURSE_CCM_1
                0x000000001b00090c       0x17 build/us_n64/bin/translation_en.o
 *fill*         0x000000001b000923        0x1 
 .rodata.act_name_COURSE_JRB_6
                0x000000001b000924       0x1e build/us_n64/bin/translation_en.o
 *fill*         0x000000001b000942        0x2 
 .rodata.act_name_COURSE_JRB_5
                0x000000001b000944       0x20 build/us_n64/bin/translation_en.o
 .rodata.act_name_COURSE_JRB_4
                0x000000001b000964       0x17 build/us_n64/bin/translation_en.o
 *fill*         0x000000001b00097b        0x1 
 .rodata.act_name_COURSE_JRB_3
                0x000000001b00097c       0x1c build/us_n64/bin/translation_en.o
 .rodata.act_name_COURSE_JRB_2
                0x000000001b000998       0x13 build/us_n64/bin/translation_en.o
 *fill*         0x000000001b0009ab        0x1 
 .rodata.act_name_COURSE_JRB_1
                0x000000001b0009ac       0x16 build/us_n64/bin/translation_en.o
 *fill*         0x000000001b0009c2        0x2 
 .rodata.act_name_COURSE_WF_6
                0x000000001b0009c4       0x1c build/us_n64/bin/translation_en.o
 .rodata.act_name_COURSE_WF_5
                0x000000001b0009e0       0x1c build/us_n64/bin/translation_en.o
 .rodata.act_name_COURSE_WF_4
                0x000000001b0009fc       0x1c build/us_n64/bin/translation_en.o
 .rodata.act_name_COURSE_WF_3
                0x000000001b000a18       0x17 build/us_n64/bin/translation_en.o
 *fill*         0x000000001b000a2f        0x1 
 .rodata.act_name_COURSE_WF_2
                0x000000001b000a30       0x15 build/us_n64/bin/translation_en.o
 *fill*         0x000000001b000a45        0x3 
 .rodata.act_name_COURSE_WF_1
                0x000000001b000a48       0x1c build/us_n64/bin/translation_en.o
 .rodata.act_name_COURSE_BOB_6
                0x000000001b000a64       0x14 build/us_n64/bin/translation_en.o
 .rodata.act_name_COURSE_BOB_5
                0x000000001b000a78       0x1a build/us_n64/bin/translation_en.o
 *fill*         0x000000001b000a92        0x2 
 .rodata.act_name_COURSE_BOB_4
                0x000000001b000a94       0x17 build/us_n64/bin/translation_en.o
 *fill*         0x000000001b000aab        0x1 
 .rodata.act_name_COURSE_BOB_3
                0x000000001b000aac       0x1b build/us_n64/bin/translation_en.o
 *fill*         0x000000001b000ac7        0x1 
 .rodata.act_name_COURSE_BOB_2
                0x000000001b000ac8       0x16 build/us_n64/bin/translation_en.o
 *fill*         0x000000001b000ade        0x2 
 .rodata.act_name_COURSE_BOB_1
                0x000000001b000ae0       0x16 build/us_n64/bin/translation_en.o
 *fill*         0x000000001b000af6        0x2 
 .rodata.course_name_table_en
                0x000000001b000af8       0x6c build/us_n64/bin/translation_en.o
                0x000000001b000af8                course_name_table_en
 .rodata.course_name_table_en_castle_secret_stars
                0x000000001b000b64       0x14 build/us_n64/bin/translation_en.o
 .rodata.course_name_table_en_24
                0x000000001b000b78        0x1 build/us_n64/bin/translation_en.o
 *fill*         0x000000001b000b79        0x3 
 .rodata.course_name_table_en_23
                0x000000001b000b7c       0x14 build/us_n64/bin/translation_en.o
 .rodata.course_name_table_en_22
                0x000000001b000b90       0x1c build/us_n64/bin/translation_en.o
 .rodata.course_name_table_en_21
                0x000000001b000bac       0x1a build/us_n64/bin/translation_en.o
 *fill*         0x000000001b000bc6        0x2 
 .rodata.course_name_table_en_20
                0x000000001b000bc8       0x16 build/us_n64/bin/translation_en.o
 *fill*         0x000000001b000bde        0x2 
 .rodata.course_name_table_en_19
                0x000000001b000be0       0x18 build/us_n64/bin/translation_en.o
 .rodata.course_name_table_en_18
                0x000000001b000bf8       0x1c build/us_n64/bin/translation_en.o
 .rodata.course_name_table_en_17
                0x000000001b000c14       0x18 build/us_n64/bin/translation_en.o
 .rodata.course_name_table_en_16
                0x000000001b000c2c       0x17 build/us_n64/bin/translation_en.o
 *fill*         0x000000001b000c43        0x1 
 .rodata.course_name_table_en_15
                0x000000001b000c44       0x19 build/us_n64/bin/translation_en.o
 *fill*         0x000000001b000c5d        0x3 
 .rodata.course_name_table_en_COURSE_RR
                0x000000001b000c60        0xd build/us_n64/bin/translation_en.o
 *fill*         0x000000001b000c6d        0x3 
 .rodata.course_name_table_en_COURSE_TTC
                0x000000001b000c70       0x10 build/us_n64/bin/translation_en.o
 .rodata.course_name_table_en_COURSE_THI
                0x000000001b000c80       0x11 build/us_n64/bin/translation_en.o
 *fill*         0x000000001b000c91        0x3 
 .rodata.course_name_table_en_COURSE_TTM
                0x000000001b000c94       0x14 build/us_n64/bin/translation_en.o
 .rodata.course_name_table_en_COURSE_WDW
                0x000000001b000ca8        0xe build/us_n64/bin/translation_en.o
 *fill*         0x000000001b000cb6        0x2 
 .rodata.course_name_table_en_COURSE_SL
                0x000000001b000cb8        0xf build/us_n64/bin/translation_en.o
 *fill*         0x000000001b000cc7        0x1 
 .rodata.course_name_table_en_COURSE_DDD
                0x000000001b000cc8       0x11 build/us_n64/bin/translation_en.o
 *fill*         0x000000001b000cd9        0x3 
 .rodata.course_name_table_en_COURSE_SSL
                0x000000001b000cdc       0x13 build/us_n64/bin/translation_en.o
 *fill*         0x000000001b000cef        0x1 
 .rodata.course_name_table_en_COURSE_LLL
                0x000000001b000cf0       0x11 build/us_n64/bin/translation_en.o
 *fill*         0x000000001b000d01        0x3 
 .rodata.course_name_table_en_COURSE_HMC
                0x000000001b000d04        0xf build/us_n64/bin/translation_en.o
 *fill*         0x000000001b000d13        0x1 
 .rodata.course_name_table_en_COURSE_BBH
                0x000000001b000d14        0xc build/us_n64/bin/translation_en.o
 .rodata.course_name_table_en_COURSE_CCM
                0x000000001b000d20       0x12 build/us_n64/bin/translation_en.o
 *fill*         0x000000001b000d32        0x2 
 .rodata.course_name_table_en_COURSE_JRB
                0x000000001b000d34       0x10 build/us_n64/bin/translation_en.o
 .rodata.course_name_table_en_COURSE_WF
                0x000000001b000d44        0xb build/us_n64/bin/translation_en.o
 *fill*         0x000000001b000d4f        0x1 
 .rodata.course_name_table_en_COURSE_BOB
                0x000000001b000d50       0x10 build/us_n64/bin/translation_en.o
 .rodata.dialog_table_en
                0x000000001b000d60      0x2ac build/us_n64/bin/translation_en.o
                0x000000001b000d60                dialog_table_en
 .rodata.dialog_entry_DIALOG_169
                0x000000001b00100c        0xc build/us_n64/bin/translation_en.o
 .rodata.dialog_entry_DIALOG_168
                0x000000001b001018        0xc build/us_n64/bin/translation_en.o
 .rodata.dialog_entry_DIALOG_167
                0x000000001b001024        0xc build/us_n64/bin/translation_en.o
 .rodata.dialog_entry_DIALOG_166
                0x000000001b001030        0xc build/us_n64/bin/translation_en.o
 .rodata.dialog_entry_DIALOG_165
                0x000000001b00103c        0xc build/us_n64/bin/translation_en.o
 .rodata.dialog_entry_DIALOG_164
                0x000000001b001048        0xc build/us_n64/bin/translation_en.o
 .rodata.dialog_entry_DIALOG_163
                0x000000001b001054        0xc build/us_n64/bin/translation_en.o
 .rodata.dialog_entry_DIALOG_162
                0x000000001b001060        0xc build/us_n64/bin/translation_en.o
 .rodata.dialog_entry_DIALOG_161
                0x000000001b00106c        0xc build/us_n64/bin/translation_en.o
 .rodata.dialog_entry_DIALOG_160
                0x000000001b001078        0xc build/us_n64/bin/translation_en.o
 .rodata.dialog_entry_DIALOG_159
                0x000000001b001084        0xc build/us_n64/bin/translation_en.o
 .rodata.dialog_entry_DIALOG_158
                0x000000001b001090        0xc build/us_n64/bin/translation_en.o
 .rodata.dialog_entry_DIALOG_157
                0x000000001b00109c        0xc build/us_n64/bin/translation_en.o
 .rodata.dialog_entry_DIALOG_156
                0x000000001b0010a8        0xc build/us_n64/bin/translation_en.o
 .rodata.dialog_entry_DIALOG_155
                0x000000001b0010b4        0xc build/us_n64/bin/translation_en.o
 .rodata.dialog_entry_DIALOG_154
                0x000000001b0010c0        0xc build/us_n64/bin/translation_en.o
 .rodata.dialog_entry_DIALOG_153
                0x000000001b0010cc        0xc build/us_n64/bin/translation_en.o
 .rodata.dialog_entry_DIALOG_152
                0x000000001b0010d8        0xc build/us_n64/bin/translation_en.o
 .rodata.dialog_entry_DIALOG_151
                0x000000001b0010e4        0xc build/us_n64/bin/translation_en.o
 .rodata.dialog_entry_DIALOG_150
                0x000000001b0010f0        0xc build/us_n64/bin/translation_en.o
 .rodata.dialog_entry_DIALOG_149
                0x000000001b0010fc        0xc build/us_n64/bin/translation_en.o
 .rodata.dialog_entry_DIALOG_148
                0x000000001b001108        0xc build/us_n64/bin/translation_en.o
 .rodata.dialog_entry_DIALOG_147
                0x000000001b001114        0xc build/us_n64/bin/translation_en.o
 .rodata.dialog_entry_DIALOG_146
                0x000000001b001120        0xc build/us_n64/bin/translation_en.o
 .rodata.dialog_entry_DIALOG_145
                0x000000001b00112c        0xc build/us_n64/bin/translation_en.o
 .rodata.dialog_entry_DIALOG_144
                0x000000001b001138        0xc build/us_n64/bin/translation_en.o
 .rodata.dialog_entry_DIALOG_143
                0x000000001b001144        0xc build/us_n64/bin/translation_en.o
 .rodata.dialog_entry_DIALOG_142
                0x000000001b001150        0xc build/us_n64/bin/translation_en.o
 .rodata.dialog_entry_DIALOG_141
                0x000000001b00115c        0xc build/us_n64/bin/translation_en.o
 .rodata.dialog_entry_DIALOG_140
                0x000000001b001168        0xc build/us_n64/bin/translation_en.o
 .rodata.dialog_entry_DIALOG_139
                0x000000001b001174        0xc build/us_n64/bin/translation_en.o
 .rodata.dialog_entry_DIALOG_138
                0x000000001b001180        0xc build/us_n64/bin/translation_en.o
 .rodata.dialog_entry_DIALOG_137
                0x000000001b00118c        0xc build/us_n64/bin/translation_en.o
 .rodata.dialog_entry_DIALOG_136
                0x000000001b001198        0xc build/us_n64/bin/translation_en.o
 .rodata.dialog_entry_DIALOG_135
                0x000000001b0011a4        0xc build/us_n64/bin/translation_en.o
 .rodata.dialog_entry_DIALOG_134
                0x000000001b0011b0        0xc build/us_n64/bin/translation_en.o
 .rodata.dialog_entry_DIALOG_133
                0x000000001b0011bc        0xc build/us_n64/bin/translation_en.o
 .rodata.dialog_entry_DIALOG_132
                0x000000001b0011c8        0xc build/us_n64/bin/translation_en.o
 .rodata.dialog_entry_DIALOG_131
                0x000000001b0011d4        0xc build/us_n64/bin/translation_en.o
 .rodata.dialog_entry_DIALOG_130
                0x000000001b0011e0        0xc build/us_n64/bin/translation_en.o
 .rodata.dialog_entry_DIALOG_129
                0x000000001b0011ec        0xc build/us_n64/bin/translation_en.o
 .rodata.dialog_entry_DIALOG_128
                0x000000001b0011f8        0xc build/us_n64/bin/translation_en.o
 .rodata.dialog_entry_DIALOG_127
                0x000000001b001204        0xc build/us_n64/bin/translation_en.o
 .rodata.dialog_entry_DIALOG_126
                0x000000001b001210        0xc build/us_n64/bin/translation_en.o
 .rodata.dialog_entry_DIALOG_125
                0x000000001b00121c        0xc build/us_n64/bin/translation_en.o
 .rodata.dialog_entry_DIALOG_124
                0x000000001b001228        0xc build/us_n64/bin/translation_en.o
 .rodata.dialog_entry_DIALOG_123
                0x000000001b001234        0xc build/us_n64/bin/translation_en.o
 .rodata.dialog_entry_DIALOG_122
                0x000000001b001240        0xc build/us_n64/bin/translation_en.o
 .rodata.dialog_entry_DIALOG_121
                0x000000001b00124c        0xc build/us_n64/bin/translation_en.o
 .rodata.dialog_entry_DIALOG_120
                0x000000001b001258        0xc build/us_n64/bin/translation_en.o
 .rodata.dialog_entry_DIALOG_119
                0x000000001b001264        0xc build/us_n64/bin/translation_en.o
 .rodata.dialog_entry_DIALOG_118
                0x000000001b001270        0xc build/us_n64/bin/translation_en.o
 .rodata.dialog_entry_DIALOG_117
                0x000000001b00127c        0xc build/us_n64/bin/translation_en.o
 .rodata.dialog_entry_DIALOG_116
                0x000000001b001288        0xc build/us_n64/bin/translation_en.o
 .rodata.dialog_entry_DIALOG_115
                0x000000001b001294        0xc build/us_n64/bin/translation_en.o
 .rodata.dialog_entry_DIALOG_114
                0x000000001b0012a0        0xc build/us_n64/bin/translation_en.o
 .rodata.dialog_entry_DIALOG_113
                0x000000001b0012ac        0xc build/us_n64/bin/translation_en.o
 .rodata.dialog_entry_DIALOG_112
                0x000000001b0012b8        0xc build/us_n64/bin/translation_en.o
 .rodata.dialog_entry_DIALOG_111
                0x000000001b0012c4        0xc build/us_n64/bin/translation_en.o
 .rodata.dialog_entry_DIALOG_110
                0x000000001b0012d0        0xc build/us_n64/bin/translation_en.o
 .rodata.dialog_entry_DIALOG_109
                0x000000001b0012dc        0xc build/us_n64/bin/translation_en.o
 .rodata.dialog_entry_DIALOG_108
                0x000000001b0012e8        0xc build/us_n64/bin/translation_en.o
 .rodata.dialog_entry_DIALOG_107
                0x000000001b0012f4        0xc build/us_n64/bin/translation_en.o
 .rodata.dialog_entry_DIALOG_106
                0x000000001b001300        0xc build/us_n64/bin/translation_en.o
 .rodata.dialog_entry_DIALOG_105
                0x000000001b00130c        0xc build/us_n64/bin/translation_en.o
 .rodata.dialog_entry_DIALOG_104
                0x000000001b001318        0xc build/us_n64/bin/translation_en.o
 .rodata.dialog_entry_DIALOG_103
                0x000000001b001324        0xc build/us_n64/bin/translation_en.o
 .rodata.dialog_entry_DIALOG_102
                0x000000001b001330        0xc build/us_n64/bin/translation_en.o
 .rodata.dialog_entry_DIALOG_101
                0x000000001b00133c        0xc build/us_n64/bin/translation_en.o
 .rodata.dialog_entry_DIALOG_100
                0x000000001b001348        0xc build/us_n64/bin/translation_en.o
 .rodata.dialog_entry_DIALOG_099
                0x000000001b001354        0xc build/us_n64/bin/translation_en.o
 .rodata.dialog_entry_DIALOG_098
                0x000000001b001360        0xc build/us_n64/bin/translation_en.o
 .rodata.dialog_entry_DIALOG_097
                0x000000001b00136c        0xc build/us_n64/bin/translation_en.o
 .rodata.dialog_entry_DIALOG_096
                0x000000001b001378        0xc build/us_n64/bin/translation_en.o
 .rodata.dialog_entry_DIALOG_095
                0x000000001b001384        0xc build/us_n64/bin/translation_en.o
 .rodata.dialog_entry_DIALOG_094
                0x000000001b001390        0xc build/us_n64/bin/translation_en.o
 .rodata.dialog_entry_DIALOG_093
                0x000000001b00139c        0xc build/us_n64/bin/translation_en.o
 .rodata.dialog_entry_DIALOG_092
                0x000000001b0013a8        0xc build/us_n64/bin/translation_en.o
 .rodata.dialog_entry_DIALOG_091
                0x000000001b0013b4        0xc build/us_n64/bin/translation_en.o
 .rodata.dialog_entry_DIALOG_090
                0x000000001b0013c0        0xc build/us_n64/bin/translation_en.o
 .rodata.dialog_entry_DIALOG_089
                0x000000001b0013cc        0xc build/us_n64/bin/translation_en.o
 .rodata.dialog_entry_DIALOG_088
                0x000000001b0013d8        0xc build/us_n64/bin/translation_en.o
 .rodata.dialog_entry_DIALOG_087
                0x000000001b0013e4        0xc build/us_n64/bin/translation_en.o
 .rodata.dialog_entry_DIALOG_086
                0x000000001b0013f0        0xc build/us_n64/bin/translation_en.o
 .rodata.dialog_entry_DIALOG_085
                0x000000001b0013fc        0xc build/us_n64/bin/translation_en.o
 .rodata.dialog_entry_DIALOG_084
                0x000000001b001408        0xc build/us_n64/bin/translation_en.o
 .rodata.dialog_entry_DIALOG_083
                0x000000001b001414        0xc build/us_n64/bin/translation_en.o
 .rodata.dialog_entry_DIALOG_082
                0x000000001b001420        0xc build/us_n64/bin/translation_en.o
 .rodata.dialog_entry_DIALOG_081
                0x000000001b00142c        0xc build/us_n64/bin/translation_en.o
 .rodata.dialog_entry_DIALOG_080
                0x000000001b001438        0xc build/us_n64/bin/translation_en.o
 .rodata.dialog_entry_DIALOG_079
                0x000000001b001444        0xc build/us_n64/bin/translation_en.o
 .rodata.dialog_entry_DIALOG_078
                0x000000001b001450        0xc build/us_n64/bin/translation_en.o
 .rodata.dialog_entry_DIALOG_077
                0x000000001b00145c        0xc build/us_n64/bin/translation_en.o
 .rodata.dialog_entry_DIALOG_076
                0x000000001b001468        0xc build/us_n64/bin/translation_en.o
 .rodata.dialog_entry_DIALOG_075
                0x000000001b001474        0xc build/us_n64/bin/translation_en.o
 .rodata.dialog_entry_DIALOG_074
                0x000000001b001480        0xc build/us_n64/bin/translation_en.o
 .rodata.dialog_entry_DIALOG_073
                0x000000001b00148c        0xc build/us_n64/bin/translation_en.o
 .rodata.dialog_entry_DIALOG_072
                0x000000001b001498        0xc build/us_n64/bin/translation_en.o
 .rodata.dialog_entry_DIALOG_071
                0x000000001b0014a4        0xc build/us_n64/bin/translation_en.o
 .rodata.dialog_entry_DIALOG_070
                0x000000001b0014b0        0xc build/us_n64/bin/translation_en.o
 .rodata.dialog_entry_DIALOG_069
                0x000000001b0014bc        0xc build/us_n64/bin/translation_en.o
 .rodata.dialog_entry_DIALOG_068
                0x000000001b0014c8        0xc build/us_n64/bin/translation_en.o
 .rodata.dialog_entry_DIALOG_067
                0x000000001b0014d4        0xc build/us_n64/bin/translation_en.o
 .rodata.dialog_entry_DIALOG_066
                0x000000001b0014e0        0xc build/us_n64/bin/translation_en.o
 .rodata.dialog_entry_DIALOG_065
                0x000000001b0014ec        0xc build/us_n64/bin/translation_en.o
 .rodata.dialog_entry_DIALOG_064
                0x000000001b0014f8        0xc build/us_n64/bin/translation_en.o
 .rodata.dialog_entry_DIALOG_063
                0x000000001b001504        0xc build/us_n64/bin/translation_en.o
 .rodata.dialog_entry_DIALOG_062
                0x000000001b001510        0xc build/us_n64/bin/translation_en.o
 .rodata.dialog_entry_DIALOG_061
                0x000000001b00151c        0xc build/us_n64/bin/translation_en.o
 .rodata.dialog_entry_DIALOG_060
                0x000000001b001528        0xc build/us_n64/bin/translation_en.o
 .rodata.dialog_entry_DIALOG_059
                0x000000001b001534        0xc build/us_n64/bin/translation_en.o
 .rodata.dialog_entry_DIALOG_058
                0x000000001b001540        0xc build/us_n64/bin/translation_en.o
 .rodata.dialog_entry_DIALOG_057
                0x000000001b00154c        0xc build/us_n64/bin/translation_en.o
 .rodata.dialog_entry_DIALOG_056
                0x000000001b001558        0xc build/us_n64/bin/translation_en.o
 .rodata.dialog_entry_DIALOG_055
                0x000000001b001564        0xc build/us_n64/bin/translation_en.o
 .rodata.dialog_entry_DIALOG_054
                0x000000001b001570        0xc build/us_n64/bin/translation_en.o
 .rodata.dialog_entry_DIALOG_053
                0x000000001b00157c        0xc build/us_n64/bin/translation_en.o
 .rodata.dialog_entry_DIALOG_052
                0x000000001b001588        0xc build/us_n64/bin/translation_en.o
 .rodata.dialog_entry_DIALOG_051
                0x000000001b001594        0xc build/us_n64/bin/translation_en.o
 .rodata.dialog_entry_DIALOG_050
                0x000000001b0015a0        0xc build/us_n64/bin/translation_en.o
 .rodata.dialog_entry_DIALOG_049
                0x000000001b0015ac        0xc build/us_n64/bin/translation_en.o
 .rodata.dialog_entry_DIALOG_048
                0x000000001b0015b8        0xc build/us_n64/bin/translation_en.o
 .rodata.dialog_entry_DIALOG_047
                0x000000001b0015c4        0xc build/us_n64/bin/translation_en.o
 .rodata.dialog_entry_DIALOG_046
                0x000000001b0015d0        0xc build/us_n64/bin/translation_en.o
 .rodata.dialog_entry_DIALOG_045
                0x000000001b0015dc        0xc build/us_n64/bin/translation_en.o
 .rodata.dialog_entry_DIALOG_044
                0x000000001b0015e8        0xc build/us_n64/bin/translation_en.o
 .rodata.dialog_entry_DIALOG_043
                0x000000001b0015f4        0xc build/us_n64/bin/translation_en.o
 .rodata.dialog_entry_DIALOG_042
                0x000000001b001600        0xc build/us_n64/bin/translation_en.o
 .rodata.dialog_entry_DIALOG_041
                0x000000001b00160c        0xc build/us_n64/bin/translation_en.o
 .rodata.dialog_entry_DIALOG_040
                0x000000001b001618        0xc build/us_n64/bin/translation_en.o
 .rodata.dialog_entry_DIALOG_039
                0x000000001b001624        0xc build/us_n64/bin/translation_en.o
 .rodata.dialog_entry_DIALOG_038
                0x000000001b001630        0xc build/us_n64/bin/translation_en.o
 .rodata.dialog_entry_DIALOG_037
                0x000000001b00163c        0xc build/us_n64/bin/translation_en.o
 .rodata.dialog_entry_DIALOG_036
                0x000000001b001648        0xc build/us_n64/bin/translation_en.o
 .rodata.dialog_entry_DIALOG_035
                0x000000001b001654        0xc build/us_n64/bin/translation_en.o
 .rodata.dialog_entry_DIALOG_034
                0x000000001b001660        0xc build/us_n64/bin/translation_en.o
 .rodata.dialog_entry_DIALOG_033
                0x000000001b00166c        0xc build/us_n64/bin/translation_en.o
 .rodata.dialog_entry_DIALOG_032
                0x000000001b001678        0xc build/us_n64/bin/translation_en.o
 .rodata.dialog_entry_DIALOG_031
                0x000000001b001684        0xc build/us_n64/bin/translation_en.o
 .rodata.dialog_entry_DIALOG_030
                0x000000001b001690        0xc build/us_n64/bin/translation_en.o
 .rodata.dialog_entry_DIALOG_029
                0x000000001b00169c        0xc build/us_n64/bin/translation_en.o
 .rodata.dialog_entry_DIALOG_028
                0x000000001b0016a8        0xc build/us_n64/bin/translation_en.o
 .rodata.dialog_entry_DIALOG_027
                0x000000001b0016b4        0xc build/us_n64/bin/translation_en.o
 .rodata.dialog_entry_DIALOG_026
                0x000000001b0016c0        0xc build/us_n64/bin/translation_en.o
 .rodata.dialog_entry_DIALOG_025
                0x000000001b0016cc        0xc build/us_n64/bin/translation_en.o
 .rodata.dialog_entry_DIALOG_024
                0x000000001b0016d8        0xc build/us_n64/bin/translation_en.o
 .rodata.dialog_entry_DIALOG_023
                0x000000001b0016e4        0xc build/us_n64/bin/translation_en.o
 .rodata.dialog_entry_DIALOG_022
                0x000000001b0016f0        0xc build/us_n64/bin/translation_en.o
 .rodata.dialog_entry_DIALOG_021
                0x000000001b0016fc        0xc build/us_n64/bin/translation_en.o
 .rodata.dialog_entry_DIALOG_020
                0x000000001b001708        0xc build/us_n64/bin/translation_en.o
 .rodata.dialog_entry_DIALOG_019
                0x000000001b001714        0xc build/us_n64/bin/translation_en.o
 .rodata.dialog_entry_DIALOG_018
                0x000000001b001720        0xc build/us_n64/bin/translation_en.o
 .rodata.dialog_entry_DIALOG_017
                0x000000001b00172c        0xc build/us_n64/bin/translation_en.o
 .rodata.dialog_entry_DIALOG_016
                0x000000001b001738        0xc build/us_n64/bin/translation_en.o
 .rodata.dialog_entry_DIALOG_015
                0x000000001b001744        0xc build/us_n64/bin/translation_en.o
 .rodata.dialog_entry_DIALOG_014
                0x000000001b001750        0xc build/us_n64/bin/translation_en.o
 .rodata.dialog_entry_DIALOG_013
                0x000000001b00175c        0xc build/us_n64/bin/translation_en.o
 .rodata.dialog_entry_DIALOG_012
                0x000000001b001768        0xc build/us_n64/bin/translation_en.o
 .rodata.dialog_entry_DIALOG_011
                0x000000001b001774        0xc build/us_n64/bin/translation_en.o
 .rodata.dialog_entry_DIALOG_010
                0x000000001b001780        0xc build/us_n64/bin/translation_en.o
 .rodata.dialog_entry_DIALOG_009
                0x000000001b00178c        0xc build/us_n64/bin/translation_en.o
 .rodata.dialog_entry_DIALOG_008
                0x000000001b001798        0xc build/us_n64/bin/translation_en.o
 .rodata.dialog_entry_DIALOG_007
                0x000000001b0017a4        0xc build/us_n64/bin/translation_en.o
 .rodata.dialog_entry_DIALOG_006
                0x000000001b0017b0        0xc build/us_n64/bin/translation_en.o
 .rodata.dialog_entry_DIALOG_005
                0x000000001b0017bc        0xc build/us_n64/bin/translation_en.o
 .rodata.dialog_entry_DIALOG_004
                0x000000001b0017c8        0xc build/us_n64/bin/translation_en.o
 .rodata.dialog_entry_DIALOG_003
                0x000000001b0017d4        0xc build/us_n64/bin/translation_en.o
 .rodata.dialog_entry_DIALOG_002
                0x000000001b0017e0        0xc build/us_n64/bin/translation_en.o
 .rodata.dialog_entry_DIALOG_001
                0x000000001b0017ec        0xc build/us_n64/bin/translation_en.o
 .rodata.dialog_entry_DIALOG_000
                0x000000001b0017f8        0xc build/us_n64/bin/translation_en.o
 .rodata.dialog_text_DIALOG_169
                0x000000001b001804       0x6d build/us_n64/bin/translation_en.o
 *fill*         0x000000001b001871        0x3 
 .rodata.dialog_text_DIALOG_168
                0x000000001b001874       0x67 build/us_n64/bin/translation_en.o
 *fill*         0x000000001b0018db        0x1 
 .rodata.dialog_text_DIALOG_167
                0x000000001b0018dc       0xb5 build/us_n64/bin/translation_en.o
 *fill*         0x000000001b001991        0x3 
 .rodata.dialog_text_DIALOG_166
                0x000000001b001994       0x50 build/us_n64/bin/translation_en.o
 .rodata.dialog_text_DIALOG_165
                0x000000001b0019e4       0x68 build/us_n64/bin/translation_en.o
 .rodata.dialog_text_DIALOG_164
                0x000000001b001a4c       0xcc build/us_n64/bin/translation_en.o
 .rodata.dialog_text_DIALOG_163
                0x000000001b001b18      0x1a7 build/us_n64/bin/translation_en.o
 *fill*         0x000000001b001cbf        0x1 
 .rodata.dialog_text_DIALOG_162
                0x000000001b001cc0       0xf9 build/us_n64/bin/translation_en.o
 *fill*         0x000000001b001db9        0x3 
 .rodata.dialog_text_DIALOG_161
                0x000000001b001dbc      0x234 build/us_n64/bin/translation_en.o
 .rodata.dialog_text_DIALOG_160
                0x000000001b001ff0        0x1 build/us_n64/bin/translation_en.o
 *fill*         0x000000001b001ff1        0x3 
 .rodata.dialog_text_DIALOG_159
                0x000000001b001ff4        0x1 build/us_n64/bin/translation_en.o
 *fill*         0x000000001b001ff5        0x3 
 .rodata.dialog_text_DIALOG_158
                0x000000001b001ff8        0x1 build/us_n64/bin/translation_en.o
 *fill*         0x000000001b001ff9        0x3 
 .rodata.dialog_text_DIALOG_157
                0x000000001b001ffc      0x212 build/us_n64/bin/translation_en.o
 *fill*         0x000000001b00220e        0x2 
 .rodata.dialog_text_DIALOG_156
                0x000000001b002210       0x64 build/us_n64/bin/translation_en.o
 .rodata.dialog_text_DIALOG_155
                0x000000001b002274       0x57 build/us_n64/bin/translation_en.o
 *fill*         0x000000001b0022cb        0x1 
 .rodata.dialog_text_DIALOG_154
                0x000000001b0022cc       0x80 build/us_n64/bin/translation_en.o
 .rodata.dialog_text_DIALOG_153
                0x000000001b00234c        0x1 build/us_n64/bin/translation_en.o
 *fill*         0x000000001b00234d        0x3 
 .rodata.dialog_text_DIALOG_152
                0x000000001b002350        0x1 build/us_n64/bin/translation_en.o
 *fill*         0x000000001b002351        0x3 
 .rodata.dialog_text_DIALOG_151
                0x000000001b002354       0x85 build/us_n64/bin/translation_en.o
 *fill*         0x000000001b0023d9        0x3 
 .rodata.dialog_text_DIALOG_150
                0x000000001b0023dc        0x1 build/us_n64/bin/translation_en.o
 *fill*         0x000000001b0023dd        0x3 
 .rodata.dialog_text_DIALOG_149
                0x000000001b0023e0      0x331 build/us_n64/bin/translation_en.o
 *fill*         0x000000001b002711        0x3 
 .rodata.dialog_text_DIALOG_148
                0x000000001b002714      0x2e2 build/us_n64/bin/translation_en.o
 *fill*         0x000000001b0029f6        0x2 
 .rodata.dialog_text_DIALOG_147
                0x000000001b0029f8      0x167 build/us_n64/bin/translation_en.o
 *fill*         0x000000001b002b5f        0x1 
 .rodata.dialog_text_DIALOG_146
                0x000000001b002b60       0x8e build/us_n64/bin/translation_en.o
 *fill*         0x000000001b002bee        0x2 
 .rodata.dialog_text_DIALOG_145
                0x000000001b002bf0      0x129 build/us_n64/bin/translation_en.o
 *fill*         0x000000001b002d19        0x3 
 .rodata.dialog_text_DIALOG_144
                0x000000001b002d1c      0x16f build/us_n64/bin/translation_en.o
 *fill*         0x000000001b002e8b        0x1 
 .rodata.dialog_text_DIALOG_143
                0x000000001b002e8c       0x96 build/us_n64/bin/translation_en.o
 *fill*         0x000000001b002f22        0x2 
 .rodata.dialog_text_DIALOG_142
                0x000000001b002f24       0xc0 build/us_n64/bin/translation_en.o
 .rodata.dialog_text_DIALOG_141
                0x000000001b002fe4       0x67 build/us_n64/bin/translation_en.o
 *fill*         0x000000001b00304b        0x1 
 .rodata.dialog_text_DIALOG_140
                0x000000001b00304c      0x24d build/us_n64/bin/translation_en.o
 *fill*         0x000000001b003299        0x3 
 .rodata.dialog_text_DIALOG_139
                0x000000001b00329c      0x10b build/us_n64/bin/translation_en.o
 *fill*         0x000000001b0033a7        0x1 
 .rodata.dialog_text_DIALOG_138
                0x000000001b0033a8      0x2e4 build/us_n64/bin/translation_en.o
 .rodata.dialog_text_DIALOG_137
                0x000000001b00368c      0x107 build/us_n64/bin/translation_en.o
 *fill*         0x000000001b003793        0x1 
 .rodata.dialog_text_DIALOG_136
                0x000000001b003794      0x1dc build/us_n64/bin/translation_en.o
 .rodata.dialog_text_DIALOG_135
                0x000000001b003970      0x1a0 build/us_n64/bin/translation_en.o
 .rodata.dialog_text_DIALOG_134
                0x000000001b003b10       0x89 build/us_n64/bin/translation_en.o
 *fill*         0x000000001b003b99        0x3 
 .rodata.dialog_text_DIALOG_133
                0x000000001b003b9c      0x284 build/us_n64/bin/translation_en.o
 .rodata.dialog_text_DIALOG_132
                0x000000001b003e20       0x9e build/us_n64/bin/translation_en.o
 *fill*         0x000000001b003ebe        0x2 
 .rodata.dialog_text_DIALOG_131
                0x000000001b003ec0      0x183 build/us_n64/bin/translation_en.o
 *fill*         0x000000001b004043        0x1 
 .rodata.dialog_text_DIALOG_130
                0x000000001b004044       0xc5 build/us_n64/bin/translation_en.o
 *fill*         0x000000001b004109        0x3 
 .rodata.dialog_text_DIALOG_129
                0x000000001b00410c       0xfa build/us_n64/bin/translation_en.o
 *fill*         0x000000001b004206        0x2 
 .rodata.dialog_text_DIALOG_128
                0x000000001b004208       0x5c build/us_n64/bin/translation_en.o
 .rodata.dialog_text_DIALOG_127
                0x000000001b004264       0xa9 build/us_n64/bin/translation_en.o
 *fill*         0x000000001b00430d        0x3 
 .rodata.dialog_text_DIALOG_126
                0x000000001b004310       0x31 build/us_n64/bin/translation_en.o
 *fill*         0x000000001b004341        0x3 
 .rodata.dialog_text_DIALOG_125
                0x000000001b004344       0x2e build/us_n64/bin/translation_en.o
 *fill*         0x000000001b004372        0x2 
 .rodata.dialog_text_DIALOG_124
                0x000000001b004374        0x1 build/us_n64/bin/translation_en.o
 *fill*         0x000000001b004375        0x3 
 .rodata.dialog_text_DIALOG_123
                0x000000001b004378       0x38 build/us_n64/bin/translation_en.o
 .rodata.dialog_text_DIALOG_122
                0x000000001b0043b0       0x4a build/us_n64/bin/translation_en.o
 *fill*         0x000000001b0043fa        0x2 
 .rodata.dialog_text_DIALOG_121
                0x000000001b0043fc      0x143 build/us_n64/bin/translation_en.o
 *fill*         0x000000001b00453f        0x1 
 .rodata.dialog_text_DIALOG_120
                0x000000001b004540      0x105 build/us_n64/bin/translation_en.o
 *fill*         0x000000001b004645        0x3 
 .rodata.dialog_text_DIALOG_119
                0x000000001b004648      0x103 build/us_n64/bin/translation_en.o
 *fill*         0x000000001b00474b        0x1 
 .rodata.dialog_text_DIALOG_118
                0x000000001b00474c       0xc0 build/us_n64/bin/translation_en.o
 .rodata.dialog_text_DIALOG_117
                0x000000001b00480c       0xc7 build/us_n64/bin/translation_en.o
 *fill*         0x000000001b0048d3        0x1 
 .rodata.dialog_text_DIALOG_116
                0x000000001b0048d4      0x17a build/us_n64/bin/translation_en.o
 *fill*         0x000000001b004a4e        0x2 
 .rodata.dialog_text_DIALOG_115
                0x000000001b004a50       0x78 build/us_n64/bin/translation_en.o
 .rodata.dialog_text_DIALOG_114
                0x000000001b004ac8      0x121 build/us_n64/bin/translation_en.o
 *fill*         0x000000001b004be9        0x3 
 .rodata.dialog_text_DIALOG_113
                0x000000001b004bec       0x81 build/us_n64/bin/translation_en.o
 *fill*         0x000000001b004c6d        0x3 
 .rodata.dialog_text_DIALOG_112
                0x000000001b004c70      0x11b build/us_n64/bin/translation_en.o
 *fill*         0x000000001b004d8b        0x1 
 .rodata.dialog_text_DIALOG_111
                0x000000001b004d8c       0x5b build/us_n64/bin/translation_en.o
 *fill*         0x000000001b004de7        0x1 
 .rodata.dialog_text_DIALOG_110
                0x000000001b004de8       0x76 build/us_n64/bin/translation_en.o
 *fill*         0x000000001b004e5e        0x2 
 .rodata.dialog_text_DIALOG_109
                0x000000001b004e60       0xba build/us_n64/bin/translation_en.o
 *fill*         0x000000001b004f1a        0x2 
 .rodata.dialog_text_DIALOG_108
                0x000000001b004f1c       0x5f build/us_n64/bin/translation_en.o
 *fill*         0x000000001b004f7b        0x1 
 .rodata.dialog_text_DIALOG_107
                0x000000001b004f7c       0x52 build/us_n64/bin/translation_en.o
 *fill*         0x000000001b004fce        0x2 
 .rodata.dialog_text_DIALOG_106
                0x000000001b004fd0       0x32 build/us_n64/bin/translation_en.o
 *fill*         0x000000001b005002        0x2 
 .rodata.dialog_text_DIALOG_105
                0x000000001b005004       0xf0 build/us_n64/bin/translation_en.o
 .rodata.dialog_text_DIALOG_104
                0x000000001b0050f4       0x76 build/us_n64/bin/translation_en.o
 *fill*         0x000000001b00516a        0x2 
 .rodata.dialog_text_DIALOG_103
                0x000000001b00516c       0x4e build/us_n64/bin/translation_en.o
 *fill*         0x000000001b0051ba        0x2 
 .rodata.dialog_text_DIALOG_102
                0x000000001b0051bc       0xd9 build/us_n64/bin/translation_en.o
 *fill*         0x000000001b005295        0x3 
 .rodata.dialog_text_DIALOG_101
                0x000000001b005298       0xdb build/us_n64/bin/translation_en.o
 *fill*         0x000000001b005373        0x1 
 .rodata.dialog_text_DIALOG_100
                0x000000001b005374       0x46 build/us_n64/bin/translation_en.o
 *fill*         0x000000001b0053ba        0x2 
 .rodata.dialog_text_DIALOG_099
                0x000000001b0053bc       0x6a build/us_n64/bin/translation_en.o
 *fill*         0x000000001b005426        0x2 
 .rodata.dialog_text_DIALOG_098
                0x000000001b005428       0x27 build/us_n64/bin/translation_en.o
 *fill*         0x000000001b00544f        0x1 
 .rodata.dialog_text_DIALOG_097
                0x000000001b005450       0x79 build/us_n64/bin/translation_en.o
 *fill*         0x000000001b0054c9        0x3 
 .rodata.dialog_text_DIALOG_096
                0x000000001b0054cc       0xb8 build/us_n64/bin/translation_en.o
 .rodata.dialog_text_DIALOG_095
                0x000000001b005584       0xe5 build/us_n64/bin/translation_en.o
 *fill*         0x000000001b005669        0x3 
 .rodata.dialog_text_DIALOG_094
                0x000000001b00566c       0x57 build/us_n64/bin/translation_en.o
 *fill*         0x000000001b0056c3        0x1 
 .rodata.dialog_text_DIALOG_093
                0x000000001b0056c4       0xa6 build/us_n64/bin/translation_en.o
 *fill*         0x000000001b00576a        0x2 
 .rodata.dialog_text_DIALOG_092
                0x000000001b00576c       0xbe build/us_n64/bin/translation_en.o
 *fill*         0x000000001b00582a        0x2 
 .rodata.dialog_text_DIALOG_091
                0x000000001b00582c       0x37 build/us_n64/bin/translation_en.o
 *fill*         0x000000001b005863        0x1 
 .rodata.dialog_text_DIALOG_090
                0x000000001b005864       0x76 build/us_n64/bin/translation_en.o
 *fill*         0x000000001b0058da        0x2 
 .rodata.dialog_text_DIALOG_089
                0x000000001b0058dc      0x100 build/us_n64/bin/translation_en.o
 .rodata.dialog_text_DIALOG_088
                0x000000001b0059dc       0x5e build/us_n64/bin/translation_en.o
 *fill*         0x000000001b005a3a        0x2 
 .rodata.dialog_text_DIALOG_087
                0x000000001b005a3c       0x5a build/us_n64/bin/translation_en.o
 *fill*         0x000000001b005a96        0x2 
 .rodata.dialog_text_DIALOG_086
                0x000000001b005a98       0x3f build/us_n64/bin/translation_en.o
 *fill*         0x000000001b005ad7        0x1 
 .rodata.dialog_text_DIALOG_085
                0x000000001b005ad8       0x6f build/us_n64/bin/translation_en.o
 *fill*         0x000000001b005b47        0x1 
 .rodata.dialog_text_DIALOG_084
                0x000000001b005b48       0xfb build/us_n64/bin/translation_en.o
 *fill*         0x000000001b005c43        0x1 
 .rodata.dialog_text_DIALOG_083
                0x000000001b005c44       0x8f build/us_n64/bin/translation_en.o
 *fill*         0x000000001b005cd3        0x1 
 .rodata.dialog_text_DIALOG_082
                0x000000001b005cd4       0xa3 build/us_n64/bin/translation_en.o
 *fill*         0x000000001b005d77        0x1 
 .rodata.dialog_text_DIALOG_081
                0x000000001b005d78       0x83 build/us_n64/bin/translation_en.o
 *fill*         0x000000001b005dfb        0x1 
 .rodata.dialog_text_DIALOG_080
                0x000000001b005dfc       0x12 build/us_n64/bin/translation_en.o
 *fill*         0x000000001b005e0e        0x2 
 .rodata.dialog_text_DIALOG_079
                0x000000001b005e10       0xc7 build/us_n64/bin/translation_en.o
 *fill*         0x000000001b005ed7        0x1 
 .rodata.dialog_text_DIALOG_078
                0x000000001b005ed8      0x275 build/us_n64/bin/translation_en.o
 *fill*         0x000000001b00614d        0x3 
 .rodata.dialog_text_DIALOG_077
                0x000000001b006150       0x30 build/us_n64/bin/translation_en.o
 .rodata.dialog_text_DIALOG_076
                0x000000001b006180       0x9f build/us_n64/bin/translation_en.o
 *fill*         0x000000001b00621f        0x1 
 .rodata.dialog_text_DIALOG_075
                0x000000001b006220      0x226 build/us_n64/bin/translation_en.o
 *fill*         0x000000001b006446        0x2 
 .rodata.dialog_text_DIALOG_074
                0x000000001b006448      0x14d build/us_n64/bin/translation_en.o
 *fill*         0x000000001b006595        0x3 
 .rodata.dialog_text_DIALOG_073
                0x000000001b006598       0xc7 build/us_n64/bin/translation_en.o
 *fill*         0x000000001b00665f        0x1 
 .rodata.dialog_text_DIALOG_072
                0x000000001b006660       0x66 build/us_n64/bin/translation_en.o
 *fill*         0x000000001b0066c6        0x2 
 .rodata.dialog_text_DIALOG_071
                0x000000001b0066c8       0x65 build/us_n64/bin/translation_en.o
 *fill*         0x000000001b00672d        0x3 
 .rodata.dialog_text_DIALOG_070
                0x000000001b006730      0x235 build/us_n64/bin/translation_en.o
 *fill*         0x000000001b006965        0x3 
 .rodata.dialog_text_DIALOG_069
                0x000000001b006968       0x84 build/us_n64/bin/translation_en.o
 .rodata.dialog_text_DIALOG_068
                0x000000001b0069ec       0xad build/us_n64/bin/translation_en.o
 *fill*         0x000000001b006a99        0x3 
 .rodata.dialog_text_DIALOG_067
                0x000000001b006a9c       0xca build/us_n64/bin/translation_en.o
 *fill*         0x000000001b006b66        0x2 
 .rodata.dialog_text_DIALOG_066
                0x000000001b006b68      0x21b build/us_n64/bin/translation_en.o
 *fill*         0x000000001b006d83        0x1 
 .rodata.dialog_text_DIALOG_065
                0x000000001b006d84        0x1 build/us_n64/bin/translation_en.o
 *fill*         0x000000001b006d85        0x3 
 .rodata.dialog_text_DIALOG_064
                0x000000001b006d88      0x15d build/us_n64/bin/translation_en.o
 *fill*         0x000000001b006ee5        0x3 
 .rodata.dialog_text_DIALOG_063
                0x000000001b006ee8       0xbc build/us_n64/bin/translation_en.o
 .rodata.dialog_text_DIALOG_062
                0x000000001b006fa4       0x5e build/us_n64/bin/translation_en.o
 *fill*         0x000000001b007002        0x2 
 .rodata.dialog_text_DIALOG_061
                0x000000001b007004      0x30c build/us_n64/bin/translation_en.o
 .rodata.dialog_text_DIALOG_060
                0x000000001b007310       0x44 build/us_n64/bin/translation_en.o
 .rodata.dialog_text_DIALOG_059
                0x000000001b007354       0x51 build/us_n64/bin/translation_en.o
 *fill*         0x000000001b0073a5        0x3 
 .rodata.dialog_text_DIALOG_058
                0x000000001b0073a8       0xa4 build/us_n64/bin/translation_en.o
 .rodata.dialog_text_DIALOG_057
                0x000000001b00744c       0xf8 build/us_n64/bin/translation_en.o
 .rodata.dialog_text_DIALOG_056
                0x000000001b007544       0xcd build/us_n64/bin/translation_en.o
 *fill*         0x000000001b007611        0x3 
 .rodata.dialog_text_DIALOG_055
                0x000000001b007614       0xe7 build/us_n64/bin/translation_en.o
 *fill*         0x000000001b0076fb        0x1 
 .rodata.dialog_text_DIALOG_054
                0x000000001b0076fc       0x6c build/us_n64/bin/translation_en.o
 .rodata.dialog_text_DIALOG_053
                0x000000001b007768      0x146 build/us_n64/bin/translation_en.o
 *fill*         0x000000001b0078ae        0x2 
 .rodata.dialog_text_DIALOG_052
                0x000000001b0078b0       0xbc build/us_n64/bin/translation_en.o
 .rodata.dialog_text_DIALOG_051
                0x000000001b00796c      0x132 build/us_n64/bin/translation_en.o
 *fill*         0x000000001b007a9e        0x2 
 .rodata.dialog_text_DIALOG_050
                0x000000001b007aa0       0x67 build/us_n64/bin/translation_en.o
 *fill*         0x000000001b007b07        0x1 
 .rodata.dialog_text_DIALOG_049
                0x000000001b007b08      0x1b3 build/us_n64/bin/translation_en.o
 *fill*         0x000000001b007cbb        0x1 
 .rodata.dialog_text_DIALOG_048
                0x000000001b007cbc       0x54 build/us_n64/bin/translation_en.o
 .rodata.dialog_text_DIALOG_047
                0x000000001b007d10       0x25 build/us_n64/bin/translation_en.o
 *fill*         0x000000001b007d35        0x3 
 .rodata.dialog_text_DIALOG_046
                0x000000001b007d38      0x1fa build/us_n64/bin/translation_en.o
 *fill*         0x000000001b007f32        0x2 
 .rodata.dialog_text_DIALOG_045
                0x000000001b007f34       0x85 build/us_n64/bin/translation_en.o
 *fill*         0x000000001b007fb9        0x3 
 .rodata.dialog_text_DIALOG_044
                0x000000001b007fbc       0x72 build/us_n64/bin/translation_en.o
 *fill*         0x000000001b00802e        0x2 
 .rodata.dialog_text_DIALOG_043
                0x000000001b008030      0x141 build/us_n64/bin/translation_en.o
 *fill*         0x000000001b008171        0x3 
 .rodata.dialog_text_DIALOG_042
                0x000000001b008174       0xc8 build/us_n64/bin/translation_en.o
 .rodata.dialog_text_DIALOG_041
                0x000000001b00823c      0x117 build/us_n64/bin/translation_en.o
 *fill*         0x000000001b008353        0x1 
 .rodata.dialog_text_DIALOG_040
                0x000000001b008354       0x24 build/us_n64/bin/translation_en.o
 .rodata.dialog_text_DIALOG_039
                0x000000001b008378      0x18a build/us_n64/bin/translation_en.o
 *fill*         0x000000001b008502        0x2 
 .rodata.dialog_text_DIALOG_038
                0x000000001b008504       0x33 build/us_n64/bin/translation_en.o
 *fill*         0x000000001b008537        0x1 
 .rodata.dialog_text_DIALOG_037
                0x000000001b008538       0x61 build/us_n64/bin/translation_en.o
 *fill*         0x000000001b008599        0x3 
 .rodata.dialog_text_DIALOG_036
                0x000000001b00859c       0x3f build/us_n64/bin/translation_en.o
 *fill*         0x000000001b0085db        0x1 
 .rodata.dialog_text_DIALOG_035
                0x000000001b0085dc       0x1a build/us_n64/bin/translation_en.o
 *fill*         0x000000001b0085f6        0x2 
 .rodata.dialog_text_DIALOG_034
                0x000000001b0085f8      0x28e build/us_n64/bin/translation_en.o
 *fill*         0x000000001b008886        0x2 
 .rodata.dialog_text_DIALOG_033
                0x000000001b008888      0x115 build/us_n64/bin/translation_en.o
 *fill*         0x000000001b00899d        0x3 
 .rodata.dialog_text_DIALOG_032
                0x000000001b0089a0       0x1b build/us_n64/bin/translation_en.o
 *fill*         0x000000001b0089bb        0x1 
 .rodata.dialog_text_DIALOG_031
                0x000000001b0089bc       0xc2 build/us_n64/bin/translation_en.o
 *fill*         0x000000001b008a7e        0x2 
 .rodata.dialog_text_DIALOG_030
                0x000000001b008a80      0x1da build/us_n64/bin/translation_en.o
 *fill*         0x000000001b008c5a        0x2 
 .rodata.dialog_text_DIALOG_029
                0x000000001b008c5c       0x57 build/us_n64/bin/translation_en.o
 *fill*         0x000000001b008cb3        0x1 
 .rodata.dialog_text_DIALOG_028
                0x000000001b008cb4       0x4a build/us_n64/bin/translation_en.o
 *fill*         0x000000001b008cfe        0x2 
 .rodata.dialog_text_DIALOG_027
                0x000000001b008d00       0x4a build/us_n64/bin/translation_en.o
 *fill*         0x000000001b008d4a        0x2 
 .rodata.dialog_text_DIALOG_026
                0x000000001b008d4c       0x49 build/us_n64/bin/translation_en.o
 *fill*         0x000000001b008d95        0x3 
 .rodata.dialog_text_DIALOG_025
                0x000000001b008d98       0x49 build/us_n64/bin/translation_en.o
 *fill*         0x000000001b008de1        0x3 
 .rodata.dialog_text_DIALOG_024
                0x000000001b008de4       0x70 build/us_n64/bin/translation_en.o
 .rodata.dialog_text_DIALOG_023
                0x000000001b008e54       0x35 build/us_n64/bin/translation_en.o
 *fill*         0x000000001b008e89        0x3 
 .rodata.dialog_text_DIALOG_022
                0x000000001b008e8c       0x22 build/us_n64/bin/translation_en.o
 *fill*         0x000000001b008eae        0x2 
 .rodata.dialog_text_DIALOG_021
                0x000000001b008eb0       0x44 build/us_n64/bin/translation_en.o
 .rodata.dialog_text_DIALOG_020
                0x000000001b008ef4       0x63 build/us_n64/bin/translation_en.o
 *fill*         0x000000001b008f57        0x1 
 .rodata.dialog_text_DIALOG_019
                0x000000001b008f58       0x2a build/us_n64/bin/translation_en.o
 *fill*         0x000000001b008f82        0x2 
 .rodata.dialog_text_DIALOG_018
                0x000000001b008f84      0x150 build/us_n64/bin/translation_en.o
 .rodata.dialog_text_DIALOG_017
                0x000000001b0090d4      0x1d8 build/us_n64/bin/translation_en.o
 .rodata.dialog_text_DIALOG_016
                0x000000001b0092ac        0x1 build/us_n64/bin/translation_en.o
 *fill*         0x000000001b0092ad        0x3 
 .rodata.dialog_text_DIALOG_015
                0x000000001b0092b0       0x40 build/us_n64/bin/translation_en.o
 .rodata.dialog_text_DIALOG_014
                0x000000001b0092f0       0x85 build/us_n64/bin/translation_en.o
 *fill*         0x000000001b009375        0x3 
 .rodata.dialog_text_DIALOG_013
                0x000000001b009378       0x5c build/us_n64/bin/translation_en.o
 .rodata.dialog_text_DIALOG_012
                0x000000001b0093d4       0xb6 build/us_n64/bin/translation_en.o
 *fill*         0x000000001b00948a        0x2 
 .rodata.dialog_text_DIALOG_011
                0x000000001b00948c       0xb7 build/us_n64/bin/translation_en.o
 *fill*         0x000000001b009543        0x1 
 .rodata.dialog_text_DIALOG_010
                0x000000001b009544       0x71 build/us_n64/bin/translation_en.o
 *fill*         0x000000001b0095b5        0x3 
 .rodata.dialog_text_DIALOG_009
                0x000000001b0095b8      0x10a build/us_n64/bin/translation_en.o
 *fill*         0x000000001b0096c2        0x2 
 .rodata.dialog_text_DIALOG_008
                0x000000001b0096c4       0xb4 build/us_n64/bin/translation_en.o
 .rodata.dialog_text_DIALOG_007
                0x000000001b009778       0xfb build/us_n64/bin/translation_en.o
 *fill*         0x000000001b009873        0x1 
 .rodata.dialog_text_DIALOG_006
                0x000000001b009874       0x9f build/us_n64/bin/translation_en.o
 *fill*         0x000000001b009913        0x1 
 .rodata.dialog_text_DIALOG_005
                0x000000001b009914      0x1a2 build/us_n64/bin/translation_en.o
 *fill*         0x000000001b009ab6        0x2 
 .rodata.dialog_text_DIALOG_004
                0x000000001b009ab8       0xc0 build/us_n64/bin/translation_en.o
 .rodata.dialog_text_DIALOG_003
                0x000000001b009b78      0x14b build/us_n64/bin/translation_en.o
 *fill*         0x000000001b009cc3        0x1 
 .rodata.dialog_text_DIALOG_002
                0x000000001b009cc4        0x1 build/us_n64/bin/translation_en.o
 *fill*         0x000000001b009cc5        0x3 
 .rodata.dialog_text_DIALOG_001
                0x000000001b009cc8      0x3b9 build/us_n64/bin/translation_en.o
 *fill*         0x000000001b00a081        0x3 
 .rodata.dialog_text_DIALOG_000
                0x000000001b00a084        0x1 build/us_n64/bin/translation_en.o

.rodata1
 *(.rodata1)

.sdata2
 *(.sdata2 .sdata2.* .gnu.linkonce.s2.*)

.sbss2
 *(.sbss2 .sbss2.* .gnu.linkonce.sb2.*)

.eh_frame_hdr
 *(.eh_frame_hdr)
 *(.eh_frame_entry .eh_frame_entry.*)

.eh_frame
 *(.eh_frame)
 *(.eh_frame.*)

.gcc_except_table
 *(.gcc_except_table .gcc_except_table.*)

.gnu_extab
 *(.gnu_extab*)

.exception_ranges
 *(.exception_ranges .exception_ranges*)
                0x000000001b00b085                . = DATA_SEGMENT_ALIGN (CONSTANT (MAXPAGESIZE), CONSTANT (COMMONPAGESIZE))

.eh_frame
 *(.eh_frame)
 *(.eh_frame.*)

.gnu_extab
 *(.gnu_extab)

.gcc_except_table
 *(.gcc_except_table .gcc_except_table.*)

.exception_ranges
 *(.exception_ranges .exception_ranges*)

.tdata
 *(.tdata .tdata.* .gnu.linkonce.td.*)

.tbss
 *(.tbss .tbss.* .gnu.linkonce.tb.*)
 *(.tcommon)

.preinit_array  0x000000001b00b085        0x0
                [!provide]                        PROVIDE (__preinit_array_start = .)
 *(.preinit_array)
                [!provide]                        PROVIDE (__preinit_array_end = .)

.init_array     0x000000001b00b085        0x0
                [!provide]                        PROVIDE (__init_array_start = .)
 *(SORT_BY_INIT_PRIORITY(.init_array.*) SORT_BY_INIT_PRIORITY(.ctors.*))
 *(.init_array EXCLUDE_FILE(*crtend?.o *crtend.o *crtbegin?.o *crtbegin.o) .ctors)
                [!provide]                        PROVIDE (__init_array_end = .)

.fini_array     0x000000001b00b085        0x0
                [!provide]                        PROVIDE (__fini_array_start = .)
 *(SORT_BY_INIT_PRIORITY(.fini_array.*) SORT_BY_INIT_PRIORITY(.dtors.*))
 *(.fini_array EXCLUDE_FILE(*crtend?.o *crtend.o *crtbegin?.o *crtbegin.o) .dtors)
                [!provide]                        PROVIDE (__fini_array_end = .)

.ctors
 *crtbegin.o(.ctors)
 *crtbegin?.o(.ctors)
 *(EXCLUDE_FILE(*crtend?.o *crtend.o) .ctors)
 *(SORT_BY_NAME(.ctors.*))
 *(.ctors)

.dtors
 *crtbegin.o(.dtors)
 *crtbegin?.o(.dtors)
 *(EXCLUDE_FILE(*crtend?.o *crtend.o) .dtors)
 *(SORT_BY_NAME(.dtors.*))
 *(.dtors)

.jcr
 *(.jcr)

.data.rel.ro
 *(.data.rel.ro.local* .gnu.linkonce.d.rel.ro.local.*)
 *(.data.rel.ro .data.rel.ro.* .gnu.linkonce.d.rel.ro.*)
                0x000000001b00b085                . = DATA_SEGMENT_RELRO_END (., 0x0)

.data           0x000000001b00b085        0x0
                0x000000001b00b085                _fdata = .
 *(.data .data.* .gnu.linkonce.d.*)
 .data          0x000000001b00b085        0x0 build/us_n64/bin/translation_en.o

.data1
 *(.data1)

.got.plt
 *(.got.plt)
                0x000000001b00b085                . = .
                0x000000001b00b085                . = .
                0x000000001b013080                _gp = (ALIGN (0x10) + 0x7ff0)

.got
 *(.got)

.sdata
 *(.sdata .sdata.* .gnu.linkonce.s.*)

.lit8
 *(.lit8)

.lit4
 *(.lit4)
                0x000000001b00b085                _edata = .
                [!provide]                        PROVIDE (edata = .)
                0x000000001b00b085                . = .
                0x000000001b00b085                __bss_start = .
                0x000000001b00b085                _fbss = .

.sbss
 *(.dynsbss)
 *(.sbss .sbss.* .gnu.linkonce.sb.*)
 *(.scommon)

.bss            0x000000001b00b085        0x0
 *(.dynbss)
 *(.bss .bss.* .gnu.linkonce.b.*)
 .bss           0x000000001b00b085        0x0 build/us_n64/bin/translation_en.o
 *(COMMON)
                0x000000001b00b085                . = ALIGN ((. != 0x0)?0x4:0x1)
                0x000000001b00b088                . = ALIGN (0x4)
                0x000000001b00b088                . = SEGMENT_START ("ldata-segment", .)
                0x000000001b00b088                . = ALIGN (0x4)
                0x000000001b00b088                _end = .
                [!provide]                        PROVIDE (end = .)
                0x000000001b00b088                . = DATA_SEGMENT_END (.)

.stab
 *(.stab)

.stabstr
 *(.stabstr)

.stab.excl
 *(.stab.excl)

.stab.exclstr
 *(.stab.exclstr)

.stab.index
 *(.stab.index)

.stab.indexstr
 *(.stab.indexstr)

.comment        0x0000000000000000       0x12
 *(.comment)
 .comment       0x0000000000000000       0x12 build/us_n64/bin/translation_en.o
                                         0x13 (size before relaxing)

.pdr            0x0000000000000000        0x0
 .pdr           0x0000000000000000        0x0 build/us_n64/bin/translation_en.o

.debug
 *(.debug)

.line
 *(.line)

.debug_srcinfo
 *(.debug_srcinfo)

.debug_sfnames
 *(.debug_sfnames)

.debug_aranges
 *(.debug_aranges)

.debug_pubnames
 *(.debug_pubnames)

.debug_info
 *(.debug_info .gnu.linkonce.wi.*)

.debug_abbrev
 *(.debug_abbrev)

.debug_line
 *(.debug_line .debug_line.* .debug_line_end)

.debug_frame
 *(.debug_frame)

.debug_str
 *(.debug_str)

.debug_loc
 *(.debug_loc)

.debug_macinfo
 *(.debug_macinfo)

.debug_weaknames
 *(.debug_weaknames)

.debug_funcnames
 *(.debug_funcnames)

.debug_typenames
 *(.debug_typenames)

.debug_varnames
 *(.debug_varnames)

.debug_pubtypes
 *(.debug_pubtypes)

.debug_ranges
 *(.debug_ranges)

.debug_macro
 *(.debug_macro)

.debug_addr
 *(.debug_addr)

.gnu.attributes
                0x0000000000000000       0x10
 *(.gnu.attributes)
 .gnu.attributes
                0x0000000000000000       0x10 build/us_n64/bin/translation_en.o

.gptab.sdata
 *(.gptab.data)
 *(.gptab.sdata)

.gptab.sbss
 *(.gptab.bss)
 *(.gptab.sbss)

.mdebug.abi32   0x0000000000000000        0x0
 *(.mdebug.abi32)
 .mdebug.abi32  0x0000000000000000        0x0 build/us_n64/bin/translation_en.o

.mdebug.abiN32
 *(.mdebug.abiN32)

.mdebug.abi64
 *(.mdebug.abi64)

.mdebug.abiO64
 *(.mdebug.abiO64)

.mdebug.eabi32
 *(.mdebug.eabi32)

.mdebug.eabi64
 *(.mdebug.eabi64)

.gcc_compiled_long32
 *(.gcc_compiled_long32)

.gcc_compiled_long64
 *(.gcc_compiled_long64)

/DISCARD/
 *(.note.GNU-stack)
 *(.gnu_debuglink)
 *(.gnu.lto_*)
OUTPUT(build/us_n64/bin/translation_en.elf elf32-bigmips)
