
Memory Configuration

Name             Origin             Length             Attributes
*default*        0x0000000000000000 0xffffffffffffffff

Linker script and memory map

Address of section .text set to 0x1b000000
LOAD build/us_n64/bin/translation_fr.o
                [!provide]                        PROVIDE (__executable_start = SEGMENT_START ("text-segment", 0x400000))
                0x0000000000400000                . = SEGMENT_START ("text-segment", 0x400000)

.interp
 *(.interp)

.MIPS.abiflags  0x0000000000400000       0x18
 *(.MIPS.abiflags)
 .MIPS.abiflags
                0x0000000000400000       0x18 build/us_n64/bin/translation_fr.o

.reginfo        0x0000000000400018       0x18
 *(.reginfo)
 .reginfo       0x0000000000400018       0x18 build/us_n64/bin/translation_fr.o

.note.gnu.build-id
 *(.note.gnu.build-id)

.dynamic
 *(.dynamic)

.hash
 *(.hash)

.gnu.hash
 *(.gnu.hash)

.dynsym
 *(.dynsym)

.dynstr
 *(.dynstr)

.gnu.version
 *(.gnu.version)

.gnu.version_d
 *(.gnu.version_d)

.gnu.version_r
 *(.gnu.version_r)

.rel.dyn        0x0000000000400018        0x0
 *(.rel.init)
 *(.rel.text .rel.text.* .rel.gnu.linkonce.t.*)
 *(.rel.fini)
 *(.rel.rodata .rel.rodata.* .rel.gnu.linkonce.r.*)
 *(.rel.data.rel.ro .rel.data.rel.ro.* .rel.gnu.linkonce.d.rel.ro.*)
 *(.rel.data .rel.data.* .rel.gnu.linkonce.d.*)
 *(.rel.tdata .rel.tdata.* .rel.gnu.linkonce.td.*)
 *(.rel.tbss .rel.tbss.* .rel.gnu.linkonce.tb.*)
 *(.rel.ctors)
 *(.rel.dtors)
 *(.rel.got)
 *(.rel.dyn)
 *(.rel.sdata .rel.sdata.* .rel.gnu.linkonce.s.*)
 *(.rel.sbss .rel.sbss.* .rel.gnu.linkonce.sb.*)
 *(.rel.sdata2 .rel.sdata2.* .rel.gnu.linkonce.s2.*)
 *(.rel.sbss2 .rel.sbss2.* .rel.gnu.linkonce.sb2.*)
 *(.rel.bss .rel.bss.* .rel.gnu.linkonce.b.*)
                [!provide]                        PROVIDE (__rel_iplt_start = .)
 *(.rel.iplt)
                [!provide]                        PROVIDE (__rel_iplt_end = .)

.rela.dyn       0x0000000000400018        0x0
 *(.rela.init)
 *(.rela.text .rela.text.* .rela.gnu.linkonce.t.*)
 *(.rela.fini)
 *(.rela.rodata .rela.rodata.* .rela.gnu.linkonce.r.*)
 *(.rela.data .rela.data.* .rela.gnu.linkonce.d.*)
 *(.rela.tdata .rela.tdata.* .rela.gnu.linkonce.td.*)
 *(.rela.tbss .rela.tbss.* .rela.gnu.linkonce.tb.*)
 *(.rela.ctors)
 *(.rela.dtors)
 *(.rela.got)
 *(.rela.sdata .rela.sdata.* .rela.gnu.linkonce.s.*)
 *(.rela.sbss .rela.sbss.* .rela.gnu.linkonce.sb.*)
 *(.rela.sdata2 .rela.sdata2.* .rela.gnu.linkonce.s2.*)
 *(.rela.sbss2 .rela.sbss2.* .rela.gnu.linkonce.sb2.*)
 *(.rela.bss .rela.bss.* .rela.gnu.linkonce.b.*)
                [!provide]                        PROVIDE (__rela_iplt_start = .)
 *(.rela.iplt)
                [!provide]                        PROVIDE (__rela_iplt_end = .)

.rel.plt
 *(.rel.plt)

.rela.plt
 *(.rela.plt)

.init
 *(SORT_NONE(.init))

.plt
 *(.plt)

.iplt
 *(.iplt)

.text           0x000000001b000000        0x0
                0x000000001b000000                _ftext = .
 *(.text.unlikely .text.*_unlikely .text.unlikely.*)
 *(.text.exit .text.exit.*)
 *(.text.startup .text.startup.*)
 *(.text.hot .text.hot.*)
 *(.text .stub .text.* .gnu.linkonce.t.*)
 .text          0x000000001b000000        0x0 build/us_n64/bin/translation_fr.o
 *(.gnu.warning)
 *(.mips16.fn.*)
 *(.mips16.call.*)

.fini
 *(SORT_NONE(.fini))
                [!provide]                        PROVIDE (__etext = .)
                [!provide]                        PROVIDE (_etext = .)
                [!provide]                        PROVIDE (etext = .)

.rodata         0x000000001b000000     0xb27f
 *(.rodata .rodata.* .gnu.linkonce.r.*)
 .rodata.act_name_table_fr
                0x000000001b000000      0x188 build/us_n64/bin/translation_fr.o
                0x000000001b000000                act_name_table_fr
 .rodata.extra_text_6
                0x000000001b000188        0x1 build/us_n64/bin/translation_fr.o
 *fill*         0x000000001b000189        0x3 
 .rodata.extra_text_5
                0x000000001b00018c        0x1 build/us_n64/bin/translation_fr.o
 *fill*         0x000000001b00018d        0x3 
 .rodata.extra_text_4
                0x000000001b000190        0x1 build/us_n64/bin/translation_fr.o
 *fill*         0x000000001b000191        0x3 
 .rodata.extra_text_3
                0x000000001b000194        0x1 build/us_n64/bin/translation_fr.o
 *fill*         0x000000001b000195        0x3 
 .rodata.extra_text_2
                0x000000001b000198        0x1 build/us_n64/bin/translation_fr.o
 *fill*         0x000000001b000199        0x3 
 .rodata.extra_text_1
                0x000000001b00019c        0x1 build/us_n64/bin/translation_fr.o
 *fill*         0x000000001b00019d        0x3 
 .rodata.extra_text_0
                0x000000001b0001a0       0x21 build/us_n64/bin/translation_fr.o
 *fill*         0x000000001b0001c1        0x3 
 .rodata.act_name_COURSE_RR_6
                0x000000001b0001c4       0x1a build/us_n64/bin/translation_fr.o
 *fill*         0x000000001b0001de        0x2 
 .rodata.act_name_COURSE_RR_5
                0x000000001b0001e0       0x13 build/us_n64/bin/translation_fr.o
 *fill*         0x000000001b0001f3        0x1 
 .rodata.act_name_COURSE_RR_4
                0x000000001b0001f4       0x15 build/us_n64/bin/translation_fr.o
 *fill*         0x000000001b000209        0x3 
 .rodata.act_name_COURSE_RR_3
                0x000000001b00020c       0x1e build/us_n64/bin/translation_fr.o
 *fill*         0x000000001b00022a        0x2 
 .rodata.act_name_COURSE_RR_2
                0x000000001b00022c       0x15 build/us_n64/bin/translation_fr.o
 *fill*         0x000000001b000241        0x3 
 .rodata.act_name_COURSE_RR_1
                0x000000001b000244       0x1d build/us_n64/bin/translation_fr.o
 *fill*         0x000000001b000261        0x3 
 .rodata.act_name_COURSE_TTC_6
                0x000000001b000264       0x1e build/us_n64/bin/translation_fr.o
 *fill*         0x000000001b000282        0x2 
 .rodata.act_name_COURSE_TTC_5
                0x000000001b000284       0x14 build/us_n64/bin/translation_fr.o
 .rodata.act_name_COURSE_TTC_4
                0x000000001b000298       0x11 build/us_n64/bin/translation_fr.o
 *fill*         0x000000001b0002a9        0x3 
 .rodata.act_name_COURSE_TTC_3
                0x000000001b0002ac       0x16 build/us_n64/bin/translation_fr.o
 *fill*         0x000000001b0002c2        0x2 
 .rodata.act_name_COURSE_TTC_2
                0x000000001b0002c4       0x18 build/us_n64/bin/translation_fr.o
 .rodata.act_name_COURSE_TTC_1
                0x000000001b0002dc       0x18 build/us_n64/bin/translation_fr.o
 .rodata.act_name_COURSE_THI_6
                0x000000001b0002f4       0x15 build/us_n64/bin/translation_fr.o
 *fill*         0x000000001b000309        0x3 
 .rodata.act_name_COURSE_THI_5
                0x000000001b00030c       0x1f build/us_n64/bin/translation_fr.o
 *fill*         0x000000001b00032b        0x1 
 .rodata.act_name_COURSE_THI_4
                0x000000001b00032c       0x19 build/us_n64/bin/translation_fr.o
 *fill*         0x000000001b000345        0x3 
 .rodata.act_name_COURSE_THI_3
                0x000000001b000348       0x1b build/us_n64/bin/translation_fr.o
 *fill*         0x000000001b000363        0x1 
 .rodata.act_name_COURSE_THI_2
                0x000000001b000364       0x20 build/us_n64/bin/translation_fr.o
 .rodata.act_name_COURSE_THI_1
                0x000000001b000384       0x1f build/us_n64/bin/translation_fr.o
 *fill*         0x000000001b0003a3        0x1 
 .rodata.act_name_COURSE_TTM_6
                0x000000001b0003a4       0x19 build/us_n64/bin/translation_fr.o
 *fill*         0x000000001b0003bd        0x3 
 .rodata.act_name_COURSE_TTM_5
                0x000000001b0003c0       0x11 build/us_n64/bin/translation_fr.o
 *fill*         0x000000001b0003d1        0x3 
 .rodata.act_name_COURSE_TTM_4
                0x000000001b0003d4       0x13 build/us_n64/bin/translation_fr.o
 *fill*         0x000000001b0003e7        0x1 
 .rodata.act_name_COURSE_TTM_3
                0x000000001b0003e8       0x1e build/us_n64/bin/translation_fr.o
 *fill*         0x000000001b000406        0x2 
 .rodata.act_name_COURSE_TTM_2
                0x000000001b000408       0x1d build/us_n64/bin/translation_fr.o
 *fill*         0x000000001b000425        0x3 
 .rodata.act_name_COURSE_TTM_1
                0x000000001b000428       0x16 build/us_n64/bin/translation_fr.o
 *fill*         0x000000001b00043e        0x2 
 .rodata.act_name_COURSE_WDW_6
                0x000000001b000440       0x10 build/us_n64/bin/translation_fr.o
 .rodata.act_name_COURSE_WDW_5
                0x000000001b000450       0x20 build/us_n64/bin/translation_fr.o
 .rodata.act_name_COURSE_WDW_4
                0x000000001b000470       0x13 build/us_n64/bin/translation_fr.o
 *fill*         0x000000001b000483        0x1 
 .rodata.act_name_COURSE_WDW_3
                0x000000001b000484       0x1d build/us_n64/bin/translation_fr.o
 *fill*         0x000000001b0004a1        0x3 
 .rodata.act_name_COURSE_WDW_2
                0x000000001b0004a4        0xe build/us_n64/bin/translation_fr.o
 *fill*         0x000000001b0004b2        0x2 
 .rodata.act_name_COURSE_WDW_1
                0x000000001b0004b4       0x1f build/us_n64/bin/translation_fr.o
 *fill*         0x000000001b0004d3        0x1 
 .rodata.act_name_COURSE_SL_6
                0x000000001b0004d4        0xd build/us_n64/bin/translation_fr.o
 *fill*         0x000000001b0004e1        0x3 
 .rodata.act_name_COURSE_SL_5
                0x000000001b0004e4       0x1d build/us_n64/bin/translation_fr.o
 *fill*         0x000000001b000501        0x3 
 .rodata.act_name_COURSE_SL_4
                0x000000001b000504       0x15 build/us_n64/bin/translation_fr.o
 *fill*         0x000000001b000519        0x3 
 .rodata.act_name_COURSE_SL_3
                0x000000001b00051c       0x10 build/us_n64/bin/translation_fr.o
 .rodata.act_name_COURSE_SL_2
                0x000000001b00052c       0x1f build/us_n64/bin/translation_fr.o
 *fill*         0x000000001b00054b        0x1 
 .rodata.act_name_COURSE_SL_1
                0x000000001b00054c       0x19 build/us_n64/bin/translation_fr.o
 *fill*         0x000000001b000565        0x3 
 .rodata.act_name_COURSE_DDD_6
                0x000000001b000568       0x1d build/us_n64/bin/translation_fr.o
 *fill*         0x000000001b000585        0x3 
 .rodata.act_name_COURSE_DDD_5
                0x000000001b000588       0x17 build/us_n64/bin/translation_fr.o
 *fill*         0x000000001b00059f        0x1 
 .rodata.act_name_COURSE_DDD_4
                0x000000001b0005a0        0xf build/us_n64/bin/translation_fr.o
 *fill*         0x000000001b0005af        0x1 
 .rodata.act_name_COURSE_DDD_3
                0x000000001b0005b0       0x1c build/us_n64/bin/translation_fr.o
 .rodata.act_name_COURSE_DDD_2
                0x000000001b0005cc       0x18 build/us_n64/bin/translation_fr.o
 .rodata.act_name_COURSE_DDD_1
                0x000000001b0005e4       0x15 build/us_n64/bin/translation_fr.o
 *fill*         0x000000001b0005f9        0x3 
 .rodata.act_name_COURSE_SSL_6
                0x000000001b0005fc       0x17 build/us_n64/bin/translation_fr.o
 *fill*         0x000000001b000613        0x1 
 .rodata.act_name_COURSE_SSL_5
                0x000000001b000614       0x1c build/us_n64/bin/translation_fr.o
 .rodata.act_name_COURSE_SSL_4
                0x000000001b000630       0x1d build/us_n64/bin/translation_fr.o
 *fill*         0x000000001b00064d        0x3 
 .rodata.act_name_COURSE_SSL_3
                0x000000001b000650       0x19 build/us_n64/bin/translation_fr.o
 *fill*         0x000000001b000669        0x3 
 .rodata.act_name_COURSE_SSL_2
                0x000000001b00066c       0x19 build/us_n64/bin/translation_fr.o
 *fill*         0x000000001b000685        0x3 
 .rodata.act_name_COURSE_SSL_1
                0x000000001b000688       0x1c build/us_n64/bin/translation_fr.o
 .rodata.act_name_COURSE_LLL_6
                0x000000001b0006a4       0x19 build/us_n64/bin/translation_fr.o
 *fill*         0x000000001b0006bd        0x3 
 .rodata.act_name_COURSE_LLL_5
                0x000000001b0006c0       0x15 build/us_n64/bin/translation_fr.o
 *fill*         0x000000001b0006d5        0x3 
 .rodata.act_name_COURSE_LLL_4
                0x000000001b0006d8       0x15 build/us_n64/bin/translation_fr.o
 *fill*         0x000000001b0006ed        0x3 
 .rodata.act_name_COURSE_LLL_3
                0x000000001b0006f0       0x1b build/us_n64/bin/translation_fr.o
 *fill*         0x000000001b00070b        0x1 
 .rodata.act_name_COURSE_LLL_2
                0x000000001b00070c       0x1a build/us_n64/bin/translation_fr.o
 *fill*         0x000000001b000726        0x2 
 .rodata.act_name_COURSE_LLL_1
                0x000000001b000728       0x15 build/us_n64/bin/translation_fr.o
 *fill*         0x000000001b00073d        0x3 
 .rodata.act_name_COURSE_HMC_6
                0x000000001b000740       0x16 build/us_n64/bin/translation_fr.o
 *fill*         0x000000001b000756        0x2 
 .rodata.act_name_COURSE_HMC_5
                0x000000001b000758       0x15 build/us_n64/bin/translation_fr.o
 *fill*         0x000000001b00076d        0x3 
 .rodata.act_name_COURSE_HMC_4
                0x000000001b000770       0x1b build/us_n64/bin/translation_fr.o
 *fill*         0x000000001b00078b        0x1 
 .rodata.act_name_COURSE_HMC_3
                0x000000001b00078c       0x17 build/us_n64/bin/translation_fr.o
 *fill*         0x000000001b0007a3        0x1 
 .rodata.act_name_COURSE_HMC_2
                0x000000001b0007a4       0x1c build/us_n64/bin/translation_fr.o
 .rodata.act_name_COURSE_HMC_1
                0x000000001b0007c0       0x18 build/us_n64/bin/translation_fr.o
 .rodata.act_name_COURSE_BBH_6
                0x000000001b0007d8       0x21 build/us_n64/bin/translation_fr.o
 *fill*         0x000000001b0007f9        0x3 
 .rodata.act_name_COURSE_BBH_5
                0x000000001b0007fc       0x12 build/us_n64/bin/translation_fr.o
 *fill*         0x000000001b00080e        0x2 
 .rodata.act_name_COURSE_BBH_4
                0x000000001b000810       0x1d build/us_n64/bin/translation_fr.o
 *fill*         0x000000001b00082d        0x3 
 .rodata.act_name_COURSE_BBH_3
                0x000000001b000830       0x1a build/us_n64/bin/translation_fr.o
 *fill*         0x000000001b00084a        0x2 
 .rodata.act_name_COURSE_BBH_2
                0x000000001b00084c       0x1b build/us_n64/bin/translation_fr.o
 *fill*         0x000000001b000867        0x1 
 .rodata.act_name_COURSE_BBH_1
                0x000000001b000868       0x14 build/us_n64/bin/translation_fr.o
 .rodata.act_name_COURSE_CCM_6
                0x000000001b00087c       0x13 build/us_n64/bin/translation_fr.o
 *fill*         0x000000001b00088f        0x1 
 .rodata.act_name_COURSE_CCM_5
                0x000000001b000890       0x1d build/us_n64/bin/translation_fr.o
 *fill*         0x000000001b0008ad        0x3 
 .rodata.act_name_COURSE_CCM_4
                0x000000001b0008b0       0x1a build/us_n64/bin/translation_fr.o
 *fill*         0x000000001b0008ca        0x2 
 .rodata.act_name_COURSE_CCM_3
                0x000000001b0008cc       0x13 build/us_n64/bin/translation_fr.o
 *fill*         0x000000001b0008df        0x1 
 .rodata.act_name_COURSE_CCM_2
                0x000000001b0008e0       0x15 build/us_n64/bin/translation_fr.o
 *fill*         0x000000001b0008f5        0x3 
 .rodata.act_name_COURSE_CCM_1
                0x000000001b0008f8       0x13 build/us_n64/bin/translation_fr.o
 *fill*         0x000000001b00090b        0x1 
 .rodata.act_name_COURSE_JRB_6
                0x000000001b00090c        0xf build/us_n64/bin/translation_fr.o
 *fill*         0x000000001b00091b        0x1 
 .rodata.act_name_COURSE_JRB_5
                0x000000001b00091c       0x17 build/us_n64/bin/translation_fr.o
 *fill*         0x000000001b000933        0x1 
 .rodata.act_name_COURSE_JRB_4
                0x000000001b000934       0x18 build/us_n64/bin/translation_fr.o
 .rodata.act_name_COURSE_JRB_3
                0x000000001b00094c       0x18 build/us_n64/bin/translation_fr.o
 .rodata.act_name_COURSE_JRB_2
                0x000000001b000964       0x1e build/us_n64/bin/translation_fr.o
 *fill*         0x000000001b000982        0x2 
 .rodata.act_name_COURSE_JRB_1
                0x000000001b000984       0x18 build/us_n64/bin/translation_fr.o
 .rodata.act_name_COURSE_WF_6
                0x000000001b00099c       0x15 build/us_n64/bin/translation_fr.o
 *fill*         0x000000001b0009b1        0x3 
 .rodata.act_name_COURSE_WF_5
                0x000000001b0009b4       0x1d build/us_n64/bin/translation_fr.o
 *fill*         0x000000001b0009d1        0x3 
 .rodata.act_name_COURSE_WF_4
                0x000000001b0009d4       0x1d build/us_n64/bin/translation_fr.o
 *fill*         0x000000001b0009f1        0x3 
 .rodata.act_name_COURSE_WF_3
                0x000000001b0009f4       0x15 build/us_n64/bin/translation_fr.o
 *fill*         0x000000001b000a09        0x3 
 .rodata.act_name_COURSE_WF_2
                0x000000001b000a0c       0x19 build/us_n64/bin/translation_fr.o
 *fill*         0x000000001b000a25        0x3 
 .rodata.act_name_COURSE_WF_1
                0x000000001b000a28       0x1a build/us_n64/bin/translation_fr.o
 *fill*         0x000000001b000a42        0x2 
 .rodata.act_name_COURSE_BOB_6
                0x000000001b000a44       0x1b build/us_n64/bin/translation_fr.o
 *fill*         0x000000001b000a5f        0x1 
 .rodata.act_name_COURSE_BOB_5
                0x000000001b000a60       0x13 build/us_n64/bin/translation_fr.o
 *fill*         0x000000001b000a73        0x1 
 .rodata.act_name_COURSE_BOB_4
                0x000000001b000a74       0x15 build/us_n64/bin/translation_fr.o
 *fill*         0x000000001b000a89        0x3 
 .rodata.act_name_COURSE_BOB_3
                0x000000001b000a8c       0x1b build/us_n64/bin/translation_fr.o
 *fill*         0x000000001b000aa7        0x1 
 .rodata.act_name_COURSE_BOB_2
                0x000000001b000aa8       0x1b build/us_n64/bin/translation_fr.o
 *fill*         0x000000001b000ac3        0x1 
 .rodata.act_name_COURSE_BOB_1
                0x000000001b000ac4       0x16 build/us_n64/bin/translation_fr.o
 *fill*         0x000000001b000ada        0x2 
 .rodata.course_name_table_fr
                0x000000001b000adc       0x6c build/us_n64/bin/translation_fr.o
                0x000000001b000adc                course_name_table_fr
 .rodata.course_name_table_fr_castle_secret_stars
                0x000000001b000b48       0x13 build/us_n64/bin/translation_fr.o
 *fill*         0x000000001b000b5b        0x1 
 .rodata.course_name_table_fr_COURSE_CAKE_END
                0x000000001b000b5c        0x1 build/us_n64/bin/translation_fr.o
 *fill*         0x000000001b000b5d        0x3 
 .rodata.course_name_table_fr_COURSE_SA
                0x000000001b000b60       0x10 build/us_n64/bin/translation_fr.o
 .rodata.course_name_table_fr_COURSE_WMOTR
                0x000000001b000b70       0x1a build/us_n64/bin/translation_fr.o
 *fill*         0x000000001b000b8a        0x2 
 .rodata.course_name_table_fr_COURSE_VCUTM
                0x000000001b000b8c       0x1a build/us_n64/bin/translation_fr.o
 *fill*         0x000000001b000ba6        0x2 
 .rodata.course_name_table_fr_COURSE_TOTWC
                0x000000001b000ba8       0x1f build/us_n64/bin/translation_fr.o
 *fill*         0x000000001b000bc7        0x1 
 .rodata.course_name_table_fr_COURSE_COTMC
                0x000000001b000bc8       0x1b build/us_n64/bin/translation_fr.o
 *fill*         0x000000001b000be3        0x1 
 .rodata.course_name_table_fr_COURSE_PSS
                0x000000001b000be4       0x19 build/us_n64/bin/translation_fr.o
 *fill*         0x000000001b000bfd        0x3 
 .rodata.course_name_table_fr_COURSE_BITS
                0x000000001b000c00       0x11 build/us_n64/bin/translation_fr.o
 *fill*         0x000000001b000c11        0x3 
 .rodata.course_name_table_fr_COURSE_BITFS
                0x000000001b000c14       0x11 build/us_n64/bin/translation_fr.o
 *fill*         0x000000001b000c25        0x3 
 .rodata.course_name_table_fr_COURSE_BITDW
                0x000000001b000c28       0x16 build/us_n64/bin/translation_fr.o
 *fill*         0x000000001b000c3e        0x2 
 .rodata.course_name_table_fr_COURSE_RR
                0x000000001b000c40       0x13 build/us_n64/bin/translation_fr.o
 *fill*         0x000000001b000c53        0x1 
 .rodata.course_name_table_fr_COURSE_TTC
                0x000000001b000c54       0x10 build/us_n64/bin/translation_fr.o
 .rodata.course_name_table_fr_COURSE_THI
                0x000000001b000c64       0x13 build/us_n64/bin/translation_fr.o
 *fill*         0x000000001b000c77        0x1 
 .rodata.course_name_table_fr_COURSE_TTM
                0x000000001b000c78       0x14 build/us_n64/bin/translation_fr.o
 .rodata.course_name_table_fr_COURSE_WDW
                0x000000001b000c8c       0x13 build/us_n64/bin/translation_fr.o
 *fill*         0x000000001b000c9f        0x1 
 .rodata.course_name_table_fr_COURSE_SL
                0x000000001b000ca0       0x17 build/us_n64/bin/translation_fr.o
 *fill*         0x000000001b000cb7        0x1 
 .rodata.course_name_table_fr_COURSE_DDD
                0x000000001b000cb8        0xf build/us_n64/bin/translation_fr.o
 *fill*         0x000000001b000cc7        0x1 
 .rodata.course_name_table_fr_COURSE_SSL
                0x000000001b000cc8       0x15 build/us_n64/bin/translation_fr.o
 *fill*         0x000000001b000cdd        0x3 
 .rodata.course_name_table_fr_COURSE_LLL
                0x000000001b000ce0        0xe build/us_n64/bin/translation_fr.o
 *fill*         0x000000001b000cee        0x2 
 .rodata.course_name_table_fr_COURSE_HMC
                0x000000001b000cf0       0x11 build/us_n64/bin/translation_fr.o
 *fill*         0x000000001b000d01        0x3 
 .rodata.course_name_table_fr_COURSE_BBH
                0x000000001b000d04       0x12 build/us_n64/bin/translation_fr.o
 *fill*         0x000000001b000d16        0x2 
 .rodata.course_name_table_fr_COURSE_CCM
                0x000000001b000d18       0x11 build/us_n64/bin/translation_fr.o
 *fill*         0x000000001b000d29        0x3 
 .rodata.course_name_table_fr_COURSE_JRB
                0x000000001b000d2c       0x11 build/us_n64/bin/translation_fr.o
 *fill*         0x000000001b000d3d        0x3 
 .rodata.course_name_table_fr_COURSE_WF
                0x000000001b000d40       0x14 build/us_n64/bin/translation_fr.o
 .rodata.course_name_table_fr_COURSE_BOB
                0x000000001b000d54       0x14 build/us_n64/bin/translation_fr.o
 .rodata.dialog_table_fr
                0x000000001b000d68      0x2ac build/us_n64/bin/translation_fr.o
                0x000000001b000d68                dialog_table_fr
 .rodata.dialog_entry_DIALOG_169
                0x000000001b001014        0xc build/us_n64/bin/translation_fr.o
 .rodata.dialog_entry_DIALOG_168
                0x000000001b001020        0xc build/us_n64/bin/translation_fr.o
 .rodata.dialog_entry_DIALOG_167
                0x000000001b00102c        0xc build/us_n64/bin/translation_fr.o
 .rodata.dialog_entry_DIALOG_166
                0x000000001b001038        0xc build/us_n64/bin/translation_fr.o
 .rodata.dialog_entry_DIALOG_165
                0x000000001b001044        0xc build/us_n64/bin/translation_fr.o
 .rodata.dialog_entry_DIALOG_164
                0x000000001b001050        0xc build/us_n64/bin/translation_fr.o
 .rodata.dialog_entry_DIALOG_163
                0x000000001b00105c        0xc build/us_n64/bin/translation_fr.o
 .rodata.dialog_entry_DIALOG_162
                0x000000001b001068        0xc build/us_n64/bin/translation_fr.o
 .rodata.dialog_entry_DIALOG_161
                0x000000001b001074        0xc build/us_n64/bin/translation_fr.o
 .rodata.dialog_entry_DIALOG_160
                0x000000001b001080        0xc build/us_n64/bin/translation_fr.o
 .rodata.dialog_entry_DIALOG_159
                0x000000001b00108c        0xc build/us_n64/bin/translation_fr.o
 .rodata.dialog_entry_DIALOG_158
                0x000000001b001098        0xc build/us_n64/bin/translation_fr.o
 .rodata.dialog_entry_DIALOG_157
                0x000000001b0010a4        0xc build/us_n64/bin/translation_fr.o
 .rodata.dialog_entry_DIALOG_156
                0x000000001b0010b0        0xc build/us_n64/bin/translation_fr.o
 .rodata.dialog_entry_DIALOG_155
                0x000000001b0010bc        0xc build/us_n64/bin/translation_fr.o
 .rodata.dialog_entry_DIALOG_154
                0x000000001b0010c8        0xc build/us_n64/bin/translation_fr.o
 .rodata.dialog_entry_DIALOG_153
                0x000000001b0010d4        0xc build/us_n64/bin/translation_fr.o
 .rodata.dialog_entry_DIALOG_152
                0x000000001b0010e0        0xc build/us_n64/bin/translation_fr.o
 .rodata.dialog_entry_DIALOG_151
                0x000000001b0010ec        0xc build/us_n64/bin/translation_fr.o
 .rodata.dialog_entry_DIALOG_150
                0x000000001b0010f8        0xc build/us_n64/bin/translation_fr.o
 .rodata.dialog_entry_DIALOG_149
                0x000000001b001104        0xc build/us_n64/bin/translation_fr.o
 .rodata.dialog_entry_DIALOG_148
                0x000000001b001110        0xc build/us_n64/bin/translation_fr.o
 .rodata.dialog_entry_DIALOG_147
                0x000000001b00111c        0xc build/us_n64/bin/translation_fr.o
 .rodata.dialog_entry_DIALOG_146
                0x000000001b001128        0xc build/us_n64/bin/translation_fr.o
 .rodata.dialog_entry_DIALOG_145
                0x000000001b001134        0xc build/us_n64/bin/translation_fr.o
 .rodata.dialog_entry_DIALOG_144
                0x000000001b001140        0xc build/us_n64/bin/translation_fr.o
 .rodata.dialog_entry_DIALOG_143
                0x000000001b00114c        0xc build/us_n64/bin/translation_fr.o
 .rodata.dialog_entry_DIALOG_142
                0x000000001b001158        0xc build/us_n64/bin/translation_fr.o
 .rodata.dialog_entry_DIALOG_141
                0x000000001b001164        0xc build/us_n64/bin/translation_fr.o
 .rodata.dialog_entry_DIALOG_140
                0x000000001b001170        0xc build/us_n64/bin/translation_fr.o
 .rodata.dialog_entry_DIALOG_139
                0x000000001b00117c        0xc build/us_n64/bin/translation_fr.o
 .rodata.dialog_entry_DIALOG_138
                0x000000001b001188        0xc build/us_n64/bin/translation_fr.o
 .rodata.dialog_entry_DIALOG_137
                0x000000001b001194        0xc build/us_n64/bin/translation_fr.o
 .rodata.dialog_entry_DIALOG_136
                0x000000001b0011a0        0xc build/us_n64/bin/translation_fr.o
 .rodata.dialog_entry_DIALOG_135
                0x000000001b0011ac        0xc build/us_n64/bin/translation_fr.o
 .rodata.dialog_entry_DIALOG_134
                0x000000001b0011b8        0xc build/us_n64/bin/translation_fr.o
 .rodata.dialog_entry_DIALOG_133
                0x000000001b0011c4        0xc build/us_n64/bin/translation_fr.o
 .rodata.dialog_entry_DIALOG_132
                0x000000001b0011d0        0xc build/us_n64/bin/translation_fr.o
 .rodata.dialog_entry_DIALOG_131
                0x000000001b0011dc        0xc build/us_n64/bin/translation_fr.o
 .rodata.dialog_entry_DIALOG_130
                0x000000001b0011e8        0xc build/us_n64/bin/translation_fr.o
 .rodata.dialog_entry_DIALOG_129
                0x000000001b0011f4        0xc build/us_n64/bin/translation_fr.o
 .rodata.dialog_entry_DIALOG_128
                0x000000001b001200        0xc build/us_n64/bin/translation_fr.o
 .rodata.dialog_entry_DIALOG_127
                0x000000001b00120c        0xc build/us_n64/bin/translation_fr.o
 .rodata.dialog_entry_DIALOG_126
                0x000000001b001218        0xc build/us_n64/bin/translation_fr.o
 .rodata.dialog_entry_DIALOG_125
                0x000000001b001224        0xc build/us_n64/bin/translation_fr.o
 .rodata.dialog_entry_DIALOG_124
                0x000000001b001230        0xc build/us_n64/bin/translation_fr.o
 .rodata.dialog_entry_DIALOG_123
                0x000000001b00123c        0xc build/us_n64/bin/translation_fr.o
 .rodata.dialog_entry_DIALOG_122
                0x000000001b001248        0xc build/us_n64/bin/translation_fr.o
 .rodata.dialog_entry_DIALOG_121
                0x000000001b001254        0xc build/us_n64/bin/translation_fr.o
 .rodata.dialog_entry_DIALOG_120
                0x000000001b001260        0xc build/us_n64/bin/translation_fr.o
 .rodata.dialog_entry_DIALOG_119
                0x000000001b00126c        0xc build/us_n64/bin/translation_fr.o
 .rodata.dialog_entry_DIALOG_118
                0x000000001b001278        0xc build/us_n64/bin/translation_fr.o
 .rodata.dialog_entry_DIALOG_117
                0x000000001b001284        0xc build/us_n64/bin/translation_fr.o
 .rodata.dialog_entry_DIALOG_116
                0x000000001b001290        0xc build/us_n64/bin/translation_fr.o
 .rodata.dialog_entry_DIALOG_115
                0x000000001b00129c        0xc build/us_n64/bin/translation_fr.o
 .rodata.dialog_entry_DIALOG_114
                0x000000001b0012a8        0xc build/us_n64/bin/translation_fr.o
 .rodata.dialog_entry_DIALOG_113
                0x000000001b0012b4        0xc build/us_n64/bin/translation_fr.o
 .rodata.dialog_entry_DIALOG_112
                0x000000001b0012c0        0xc build/us_n64/bin/translation_fr.o
 .rodata.dialog_entry_DIALOG_111
                0x000000001b0012cc        0xc build/us_n64/bin/translation_fr.o
 .rodata.dialog_entry_DIALOG_110
                0x000000001b0012d8        0xc build/us_n64/bin/translation_fr.o
 .rodata.dialog_entry_DIALOG_109
                0x000000001b0012e4        0xc build/us_n64/bin/translation_fr.o
 .rodata.dialog_entry_DIALOG_108
                0x000000001b0012f0        0xc build/us_n64/bin/translation_fr.o
 .rodata.dialog_entry_DIALOG_107
                0x000000001b0012fc        0xc build/us_n64/bin/translation_fr.o
 .rodata.dialog_entry_DIALOG_106
                0x000000001b001308        0xc build/us_n64/bin/translation_fr.o
 .rodata.dialog_entry_DIALOG_105
                0x000000001b001314        0xc build/us_n64/bin/translation_fr.o
 .rodata.dialog_entry_DIALOG_104
                0x000000001b001320        0xc build/us_n64/bin/translation_fr.o
 .rodata.dialog_entry_DIALOG_103
                0x000000001b00132c        0xc build/us_n64/bin/translation_fr.o
 .rodata.dialog_entry_DIALOG_102
                0x000000001b001338        0xc build/us_n64/bin/translation_fr.o
 .rodata.dialog_entry_DIALOG_101
                0x000000001b001344        0xc build/us_n64/bin/translation_fr.o
 .rodata.dialog_entry_DIALOG_100
                0x000000001b001350        0xc build/us_n64/bin/translation_fr.o
 .rodata.dialog_entry_DIALOG_099
                0x000000001b00135c        0xc build/us_n64/bin/translation_fr.o
 .rodata.dialog_entry_DIALOG_098
                0x000000001b001368        0xc build/us_n64/bin/translation_fr.o
 .rodata.dialog_entry_DIALOG_097
                0x000000001b001374        0xc build/us_n64/bin/translation_fr.o
 .rodata.dialog_entry_DIALOG_096
                0x000000001b001380        0xc build/us_n64/bin/translation_fr.o
 .rodata.dialog_entry_DIALOG_095
                0x000000001b00138c        0xc build/us_n64/bin/translation_fr.o
 .rodata.dialog_entry_DIALOG_094
                0x000000001b001398        0xc build/us_n64/bin/translation_fr.o
 .rodata.dialog_entry_DIALOG_093
                0x000000001b0013a4        0xc build/us_n64/bin/translation_fr.o
 .rodata.dialog_entry_DIALOG_092
                0x000000001b0013b0        0xc build/us_n64/bin/translation_fr.o
 .rodata.dialog_entry_DIALOG_091
                0x000000001b0013bc        0xc build/us_n64/bin/translation_fr.o
 .rodata.dialog_entry_DIALOG_090
                0x000000001b0013c8        0xc build/us_n64/bin/translation_fr.o
 .rodata.dialog_entry_DIALOG_089
                0x000000001b0013d4        0xc build/us_n64/bin/translation_fr.o
 .rodata.dialog_entry_DIALOG_088
                0x000000001b0013e0        0xc build/us_n64/bin/translation_fr.o
 .rodata.dialog_entry_DIALOG_087
                0x000000001b0013ec        0xc build/us_n64/bin/translation_fr.o
 .rodata.dialog_entry_DIALOG_086
                0x000000001b0013f8        0xc build/us_n64/bin/translation_fr.o
 .rodata.dialog_entry_DIALOG_085
                0x000000001b001404        0xc build/us_n64/bin/translation_fr.o
 .rodata.dialog_entry_DIALOG_084
                0x000000001b001410        0xc build/us_n64/bin/translation_fr.o
 .rodata.dialog_entry_DIALOG_083
                0x000000001b00141c        0xc build/us_n64/bin/translation_fr.o
 .rodata.dialog_entry_DIALOG_082
                0x000000001b001428        0xc build/us_n64/bin/translation_fr.o
 .rodata.dialog_entry_DIALOG_081
                0x000000001b001434        0xc build/us_n64/bin/translation_fr.o
 .rodata.dialog_entry_DIALOG_080
                0x000000001b001440        0xc build/us_n64/bin/translation_fr.o
 .rodata.dialog_entry_DIALOG_079
                0x000000001b00144c        0xc build/us_n64/bin/translation_fr.o
 .rodata.dialog_entry_DIALOG_078
                0x000000001b001458        0xc build/us_n64/bin/translation_fr.o
 .rodata.dialog_entry_DIALOG_077
                0x000000001b001464        0xc build/us_n64/bin/translation_fr.o
 .rodata.dialog_entry_DIALOG_076
                0x000000001b001470        0xc build/us_n64/bin/translation_fr.o
 .rodata.dialog_entry_DIALOG_075
                0x000000001b00147c        0xc build/us_n64/bin/translation_fr.o
 .rodata.dialog_entry_DIALOG_074
                0x000000001b001488        0xc build/us_n64/bin/translation_fr.o
 .rodata.dialog_entry_DIALOG_073
                0x000000001b001494        0xc build/us_n64/bin/translation_fr.o
 .rodata.dialog_entry_DIALOG_072
                0x000000001b0014a0        0xc build/us_n64/bin/translation_fr.o
 .rodata.dialog_entry_DIALOG_071
                0x000000001b0014ac        0xc build/us_n64/bin/translation_fr.o
 .rodata.dialog_entry_DIALOG_070
                0x000000001b0014b8        0xc build/us_n64/bin/translation_fr.o
 .rodata.dialog_entry_DIALOG_069
                0x000000001b0014c4        0xc build/us_n64/bin/translation_fr.o
 .rodata.dialog_entry_DIALOG_068
                0x000000001b0014d0        0xc build/us_n64/bin/translation_fr.o
 .rodata.dialog_entry_DIALOG_067
                0x000000001b0014dc        0xc build/us_n64/bin/translation_fr.o
 .rodata.dialog_entry_DIALOG_066
                0x000000001b0014e8        0xc build/us_n64/bin/translation_fr.o
 .rodata.dialog_entry_DIALOG_065
                0x000000001b0014f4        0xc build/us_n64/bin/translation_fr.o
 .rodata.dialog_entry_DIALOG_064
                0x000000001b001500        0xc build/us_n64/bin/translation_fr.o
 .rodata.dialog_entry_DIALOG_063
                0x000000001b00150c        0xc build/us_n64/bin/translation_fr.o
 .rodata.dialog_entry_DIALOG_062
                0x000000001b001518        0xc build/us_n64/bin/translation_fr.o
 .rodata.dialog_entry_DIALOG_061
                0x000000001b001524        0xc build/us_n64/bin/translation_fr.o
 .rodata.dialog_entry_DIALOG_060
                0x000000001b001530        0xc build/us_n64/bin/translation_fr.o
 .rodata.dialog_entry_DIALOG_059
                0x000000001b00153c        0xc build/us_n64/bin/translation_fr.o
 .rodata.dialog_entry_DIALOG_058
                0x000000001b001548        0xc build/us_n64/bin/translation_fr.o
 .rodata.dialog_entry_DIALOG_057
                0x000000001b001554        0xc build/us_n64/bin/translation_fr.o
 .rodata.dialog_entry_DIALOG_056
                0x000000001b001560        0xc build/us_n64/bin/translation_fr.o
 .rodata.dialog_entry_DIALOG_055
                0x000000001b00156c        0xc build/us_n64/bin/translation_fr.o
 .rodata.dialog_entry_DIALOG_054
                0x000000001b001578        0xc build/us_n64/bin/translation_fr.o
 .rodata.dialog_entry_DIALOG_053
                0x000000001b001584        0xc build/us_n64/bin/translation_fr.o
 .rodata.dialog_entry_DIALOG_052
                0x000000001b001590        0xc build/us_n64/bin/translation_fr.o
 .rodata.dialog_entry_DIALOG_051
                0x000000001b00159c        0xc build/us_n64/bin/translation_fr.o
 .rodata.dialog_entry_DIALOG_050
                0x000000001b0015a8        0xc build/us_n64/bin/translation_fr.o
 .rodata.dialog_entry_DIALOG_049
                0x000000001b0015b4        0xc build/us_n64/bin/translation_fr.o
 .rodata.dialog_entry_DIALOG_048
                0x000000001b0015c0        0xc build/us_n64/bin/translation_fr.o
 .rodata.dialog_entry_DIALOG_047
                0x000000001b0015cc        0xc build/us_n64/bin/translation_fr.o
 .rodata.dialog_entry_DIALOG_046
                0x000000001b0015d8        0xc build/us_n64/bin/translation_fr.o
 .rodata.dialog_entry_DIALOG_045
                0x000000001b0015e4        0xc build/us_n64/bin/translation_fr.o
 .rodata.dialog_entry_DIALOG_044
                0x000000001b0015f0        0xc build/us_n64/bin/translation_fr.o
 .rodata.dialog_entry_DIALOG_043
                0x000000001b0015fc        0xc build/us_n64/bin/translation_fr.o
 .rodata.dialog_entry_DIALOG_042
                0x000000001b001608        0xc build/us_n64/bin/translation_fr.o
 .rodata.dialog_entry_DIALOG_041
                0x000000001b001614        0xc build/us_n64/bin/translation_fr.o
 .rodata.dialog_entry_DIALOG_040
                0x000000001b001620        0xc build/us_n64/bin/translation_fr.o
 .rodata.dialog_entry_DIALOG_039
                0x000000001b00162c        0xc build/us_n64/bin/translation_fr.o
 .rodata.dialog_entry_DIALOG_038
                0x000000001b001638        0xc build/us_n64/bin/translation_fr.o
 .rodata.dialog_entry_DIALOG_037
                0x000000001b001644        0xc build/us_n64/bin/translation_fr.o
 .rodata.dialog_entry_DIALOG_036
                0x000000001b001650        0xc build/us_n64/bin/translation_fr.o
 .rodata.dialog_entry_DIALOG_035
                0x000000001b00165c        0xc build/us_n64/bin/translation_fr.o
 .rodata.dialog_entry_DIALOG_034
                0x000000001b001668        0xc build/us_n64/bin/translation_fr.o
 .rodata.dialog_entry_DIALOG_033
                0x000000001b001674        0xc build/us_n64/bin/translation_fr.o
 .rodata.dialog_entry_DIALOG_032
                0x000000001b001680        0xc build/us_n64/bin/translation_fr.o
 .rodata.dialog_entry_DIALOG_031
                0x000000001b00168c        0xc build/us_n64/bin/translation_fr.o
 .rodata.dialog_entry_DIALOG_030
                0x000000001b001698        0xc build/us_n64/bin/translation_fr.o
 .rodata.dialog_entry_DIALOG_029
                0x000000001b0016a4        0xc build/us_n64/bin/translation_fr.o
 .rodata.dialog_entry_DIALOG_028
                0x000000001b0016b0        0xc build/us_n64/bin/translation_fr.o
 .rodata.dialog_entry_DIALOG_027
                0x000000001b0016bc        0xc build/us_n64/bin/translation_fr.o
 .rodata.dialog_entry_DIALOG_026
                0x000000001b0016c8        0xc build/us_n64/bin/translation_fr.o
 .rodata.dialog_entry_DIALOG_025
                0x000000001b0016d4        0xc build/us_n64/bin/translation_fr.o
 .rodata.dialog_entry_DIALOG_024
                0x000000001b0016e0        0xc build/us_n64/bin/translation_fr.o
 .rodata.dialog_entry_DIALOG_023
                0x000000001b0016ec        0xc build/us_n64/bin/translation_fr.o
 .rodata.dialog_entry_DIALOG_022
                0x000000001b0016f8        0xc build/us_n64/bin/translation_fr.o
 .rodata.dialog_entry_DIALOG_021
                0x000000001b001704        0xc build/us_n64/bin/translation_fr.o
 .rodata.dialog_entry_DIALOG_020
                0x000000001b001710        0xc build/us_n64/bin/translation_fr.o
 .rodata.dialog_entry_DIALOG_019
                0x000000001b00171c        0xc build/us_n64/bin/translation_fr.o
 .rodata.dialog_entry_DIALOG_018
                0x000000001b001728        0xc build/us_n64/bin/translation_fr.o
 .rodata.dialog_entry_DIALOG_017
                0x000000001b001734        0xc build/us_n64/bin/translation_fr.o
 .rodata.dialog_entry_DIALOG_016
                0x000000001b001740        0xc build/us_n64/bin/translation_fr.o
 .rodata.dialog_entry_DIALOG_015
                0x000000001b00174c        0xc build/us_n64/bin/translation_fr.o
 .rodata.dialog_entry_DIALOG_014
                0x000000001b001758        0xc build/us_n64/bin/translation_fr.o
 .rodata.dialog_entry_DIALOG_013
                0x000000001b001764        0xc build/us_n64/bin/translation_fr.o
 .rodata.dialog_entry_DIALOG_012
                0x000000001b001770        0xc build/us_n64/bin/translation_fr.o
 .rodata.dialog_entry_DIALOG_011
                0x000000001b00177c        0xc build/us_n64/bin/translation_fr.o
 .rodata.dialog_entry_DIALOG_010
                0x000000001b001788        0xc build/us_n64/bin/translation_fr.o
 .rodata.dialog_entry_DIALOG_009
                0x000000001b001794        0xc build/us_n64/bin/translation_fr.o
 .rodata.dialog_entry_DIALOG_008
                0x000000001b0017a0        0xc build/us_n64/bin/translation_fr.o
 .rodata.dialog_entry_DIALOG_007
                0x000000001b0017ac        0xc build/us_n64/bin/translation_fr.o
 .rodata.dialog_entry_DIALOG_006
                0x000000001b0017b8        0xc build/us_n64/bin/translation_fr.o
 .rodata.dialog_entry_DIALOG_005
                0x000000001b0017c4        0xc build/us_n64/bin/translation_fr.o
 .rodata.dialog_entry_DIALOG_004
                0x000000001b0017d0        0xc build/us_n64/bin/translation_fr.o
 .rodata.dialog_entry_DIALOG_003
                0x000000001b0017dc        0xc build/us_n64/bin/translation_fr.o
 .rodata.dialog_entry_DIALOG_002
                0x000000001b0017e8        0xc build/us_n64/bin/translation_fr.o
 .rodata.dialog_entry_DIALOG_001
                0x000000001b0017f4        0xc build/us_n64/bin/translation_fr.o
 .rodata.dialog_entry_DIALOG_000
                0x000000001b001800        0xc build/us_n64/bin/translation_fr.o
 .rodata.dialog_text_DIALOG_169
                0x000000001b00180c       0x64 build/us_n64/bin/translation_fr.o
 .rodata.dialog_text_DIALOG_168
                0x000000001b001870       0x7c build/us_n64/bin/translation_fr.o
 .rodata.dialog_text_DIALOG_167
                0x000000001b0018ec       0xd1 build/us_n64/bin/translation_fr.o
 *fill*         0x000000001b0019bd        0x3 
 .rodata.dialog_text_DIALOG_166
                0x000000001b0019c0       0x3e build/us_n64/bin/translation_fr.o
 *fill*         0x000000001b0019fe        0x2 
 .rodata.dialog_text_DIALOG_165
                0x000000001b001a00       0x3a build/us_n64/bin/translation_fr.o
 *fill*         0x000000001b001a3a        0x2 
 .rodata.dialog_text_DIALOG_164
                0x000000001b001a3c       0xca build/us_n64/bin/translation_fr.o
 *fill*         0x000000001b001b06        0x2 
 .rodata.dialog_text_DIALOG_163
                0x000000001b001b08      0x194 build/us_n64/bin/translation_fr.o
 .rodata.dialog_text_DIALOG_162
                0x000000001b001c9c      0x11c build/us_n64/bin/translation_fr.o
 .rodata.dialog_text_DIALOG_161
                0x000000001b001db8      0x2a6 build/us_n64/bin/translation_fr.o
 *fill*         0x000000001b00205e        0x2 
 .rodata.dialog_text_DIALOG_160
                0x000000001b002060       0x7f build/us_n64/bin/translation_fr.o
 *fill*         0x000000001b0020df        0x1 
 .rodata.dialog_text_DIALOG_159
                0x000000001b0020e0       0xaa build/us_n64/bin/translation_fr.o
 *fill*         0x000000001b00218a        0x2 
 .rodata.dialog_text_DIALOG_158
                0x000000001b00218c      0x11e build/us_n64/bin/translation_fr.o
 *fill*         0x000000001b0022aa        0x2 
 .rodata.dialog_text_DIALOG_157
                0x000000001b0022ac       0xaf build/us_n64/bin/translation_fr.o
 *fill*         0x000000001b00235b        0x1 
 .rodata.dialog_text_DIALOG_156
                0x000000001b00235c       0x71 build/us_n64/bin/translation_fr.o
 *fill*         0x000000001b0023cd        0x3 
 .rodata.dialog_text_DIALOG_155
                0x000000001b0023d0      0x130 build/us_n64/bin/translation_fr.o
 .rodata.dialog_text_DIALOG_154
                0x000000001b002500      0x163 build/us_n64/bin/translation_fr.o
 *fill*         0x000000001b002663        0x1 
 .rodata.dialog_text_DIALOG_153
                0x000000001b002664       0x83 build/us_n64/bin/translation_fr.o
 *fill*         0x000000001b0026e7        0x1 
 .rodata.dialog_text_DIALOG_152
                0x000000001b0026e8       0x86 build/us_n64/bin/translation_fr.o
 *fill*         0x000000001b00276e        0x2 
 .rodata.dialog_text_DIALOG_151
                0x000000001b002770       0x7b build/us_n64/bin/translation_fr.o
 *fill*         0x000000001b0027eb        0x1 
 .rodata.dialog_text_DIALOG_150
                0x000000001b0027ec      0x13c build/us_n64/bin/translation_fr.o
 .rodata.dialog_text_DIALOG_149
                0x000000001b002928      0x134 build/us_n64/bin/translation_fr.o
 .rodata.dialog_text_DIALOG_148
                0x000000001b002a5c       0xf6 build/us_n64/bin/translation_fr.o
 *fill*         0x000000001b002b52        0x2 
 .rodata.dialog_text_DIALOG_147
                0x000000001b002b54      0x14e build/us_n64/bin/translation_fr.o
 *fill*         0x000000001b002ca2        0x2 
 .rodata.dialog_text_DIALOG_146
                0x000000001b002ca4       0xbd build/us_n64/bin/translation_fr.o
 *fill*         0x000000001b002d61        0x3 
 .rodata.dialog_text_DIALOG_145
                0x000000001b002d64      0x15d build/us_n64/bin/translation_fr.o
 *fill*         0x000000001b002ec1        0x3 
 .rodata.dialog_text_DIALOG_144
                0x000000001b002ec4      0x1d2 build/us_n64/bin/translation_fr.o
 *fill*         0x000000001b003096        0x2 
 .rodata.dialog_text_DIALOG_143
                0x000000001b003098       0xde build/us_n64/bin/translation_fr.o
 *fill*         0x000000001b003176        0x2 
 .rodata.dialog_text_DIALOG_142
                0x000000001b003178      0x10f build/us_n64/bin/translation_fr.o
 *fill*         0x000000001b003287        0x1 
 .rodata.dialog_text_DIALOG_141
                0x000000001b003288      0x177 build/us_n64/bin/translation_fr.o
 *fill*         0x000000001b0033ff        0x1 
 .rodata.dialog_text_DIALOG_140
                0x000000001b003400       0x8a build/us_n64/bin/translation_fr.o
 *fill*         0x000000001b00348a        0x2 
 .rodata.dialog_text_DIALOG_139
                0x000000001b00348c       0xb5 build/us_n64/bin/translation_fr.o
 *fill*         0x000000001b003541        0x3 
 .rodata.dialog_text_DIALOG_138
                0x000000001b003544       0x5f build/us_n64/bin/translation_fr.o
 *fill*         0x000000001b0035a3        0x1 
 .rodata.dialog_text_DIALOG_137
                0x000000001b0035a4       0xea build/us_n64/bin/translation_fr.o
 *fill*         0x000000001b00368e        0x2 
 .rodata.dialog_text_DIALOG_136
                0x000000001b003690      0x249 build/us_n64/bin/translation_fr.o
 *fill*         0x000000001b0038d9        0x3 
 .rodata.dialog_text_DIALOG_135
                0x000000001b0038dc      0x1d1 build/us_n64/bin/translation_fr.o
 *fill*         0x000000001b003aad        0x3 
 .rodata.dialog_text_DIALOG_134
                0x000000001b003ab0      0x183 build/us_n64/bin/translation_fr.o
 *fill*         0x000000001b003c33        0x1 
 .rodata.dialog_text_DIALOG_133
                0x000000001b003c34      0x2b2 build/us_n64/bin/translation_fr.o
 *fill*         0x000000001b003ee6        0x2 
 .rodata.dialog_text_DIALOG_132
                0x000000001b003ee8       0x6f build/us_n64/bin/translation_fr.o
 *fill*         0x000000001b003f57        0x1 
 .rodata.dialog_text_DIALOG_131
                0x000000001b003f58      0x1f2 build/us_n64/bin/translation_fr.o
 *fill*         0x000000001b00414a        0x2 
 .rodata.dialog_text_DIALOG_130
                0x000000001b00414c      0x117 build/us_n64/bin/translation_fr.o
 *fill*         0x000000001b004263        0x1 
 .rodata.dialog_text_DIALOG_129
                0x000000001b004264      0x101 build/us_n64/bin/translation_fr.o
 *fill*         0x000000001b004365        0x3 
 .rodata.dialog_text_DIALOG_128
                0x000000001b004368       0x70 build/us_n64/bin/translation_fr.o
 .rodata.dialog_text_DIALOG_127
                0x000000001b0043d8       0xbe build/us_n64/bin/translation_fr.o
 *fill*         0x000000001b004496        0x2 
 .rodata.dialog_text_DIALOG_126
                0x000000001b004498       0x5b build/us_n64/bin/translation_fr.o
 *fill*         0x000000001b0044f3        0x1 
 .rodata.dialog_text_DIALOG_125
                0x000000001b0044f4       0x3b build/us_n64/bin/translation_fr.o
 *fill*         0x000000001b00452f        0x1 
 .rodata.dialog_text_DIALOG_124
                0x000000001b004530       0xe3 build/us_n64/bin/translation_fr.o
 *fill*         0x000000001b004613        0x1 
 .rodata.dialog_text_DIALOG_123
                0x000000001b004614       0x5d build/us_n64/bin/translation_fr.o
 *fill*         0x000000001b004671        0x3 
 .rodata.dialog_text_DIALOG_122
                0x000000001b004674       0x61 build/us_n64/bin/translation_fr.o
 *fill*         0x000000001b0046d5        0x3 
 .rodata.dialog_text_DIALOG_121
                0x000000001b0046d8      0x149 build/us_n64/bin/translation_fr.o
 *fill*         0x000000001b004821        0x3 
 .rodata.dialog_text_DIALOG_120
                0x000000001b004824      0x113 build/us_n64/bin/translation_fr.o
 *fill*         0x000000001b004937        0x1 
 .rodata.dialog_text_DIALOG_119
                0x000000001b004938       0xeb build/us_n64/bin/translation_fr.o
 *fill*         0x000000001b004a23        0x1 
 .rodata.dialog_text_DIALOG_118
                0x000000001b004a24       0x86 build/us_n64/bin/translation_fr.o
 *fill*         0x000000001b004aaa        0x2 
 .rodata.dialog_text_DIALOG_117
                0x000000001b004aac       0xae build/us_n64/bin/translation_fr.o
 *fill*         0x000000001b004b5a        0x2 
 .rodata.dialog_text_DIALOG_116
                0x000000001b004b5c      0x138 build/us_n64/bin/translation_fr.o
 .rodata.dialog_text_DIALOG_115
                0x000000001b004c94       0x7b build/us_n64/bin/translation_fr.o
 *fill*         0x000000001b004d0f        0x1 
 .rodata.dialog_text_DIALOG_114
                0x000000001b004d10      0x16a build/us_n64/bin/translation_fr.o
 *fill*         0x000000001b004e7a        0x2 
 .rodata.dialog_text_DIALOG_113
                0x000000001b004e7c       0xb1 build/us_n64/bin/translation_fr.o
 *fill*         0x000000001b004f2d        0x3 
 .rodata.dialog_text_DIALOG_112
                0x000000001b004f30      0x13a build/us_n64/bin/translation_fr.o
 *fill*         0x000000001b00506a        0x2 
 .rodata.dialog_text_DIALOG_111
                0x000000001b00506c       0x77 build/us_n64/bin/translation_fr.o
 *fill*         0x000000001b0050e3        0x1 
 .rodata.dialog_text_DIALOG_110
                0x000000001b0050e4       0xab build/us_n64/bin/translation_fr.o
 *fill*         0x000000001b00518f        0x1 
 .rodata.dialog_text_DIALOG_109
                0x000000001b005190       0x8b build/us_n64/bin/translation_fr.o
 *fill*         0x000000001b00521b        0x1 
 .rodata.dialog_text_DIALOG_108
                0x000000001b00521c       0xb1 build/us_n64/bin/translation_fr.o
 *fill*         0x000000001b0052cd        0x3 
 .rodata.dialog_text_DIALOG_107
                0x000000001b0052d0       0x73 build/us_n64/bin/translation_fr.o
 *fill*         0x000000001b005343        0x1 
 .rodata.dialog_text_DIALOG_106
                0x000000001b005344       0x34 build/us_n64/bin/translation_fr.o
 .rodata.dialog_text_DIALOG_105
                0x000000001b005378      0x118 build/us_n64/bin/translation_fr.o
 .rodata.dialog_text_DIALOG_104
                0x000000001b005490       0xa0 build/us_n64/bin/translation_fr.o
 .rodata.dialog_text_DIALOG_103
                0x000000001b005530       0x5e build/us_n64/bin/translation_fr.o
 *fill*         0x000000001b00558e        0x2 
 .rodata.dialog_text_DIALOG_102
                0x000000001b005590       0xf2 build/us_n64/bin/translation_fr.o
 *fill*         0x000000001b005682        0x2 
 .rodata.dialog_text_DIALOG_101
                0x000000001b005684       0xa5 build/us_n64/bin/translation_fr.o
 *fill*         0x000000001b005729        0x3 
 .rodata.dialog_text_DIALOG_100
                0x000000001b00572c       0x43 build/us_n64/bin/translation_fr.o
 *fill*         0x000000001b00576f        0x1 
 .rodata.dialog_text_DIALOG_099
                0x000000001b005770       0x68 build/us_n64/bin/translation_fr.o
 .rodata.dialog_text_DIALOG_098
                0x000000001b0057d8       0x4e build/us_n64/bin/translation_fr.o
 *fill*         0x000000001b005826        0x2 
 .rodata.dialog_text_DIALOG_097
                0x000000001b005828       0x6e build/us_n64/bin/translation_fr.o
 *fill*         0x000000001b005896        0x2 
 .rodata.dialog_text_DIALOG_096
                0x000000001b005898       0xdf build/us_n64/bin/translation_fr.o
 *fill*         0x000000001b005977        0x1 
 .rodata.dialog_text_DIALOG_095
                0x000000001b005978      0x117 build/us_n64/bin/translation_fr.o
 *fill*         0x000000001b005a8f        0x1 
 .rodata.dialog_text_DIALOG_094
                0x000000001b005a90       0x88 build/us_n64/bin/translation_fr.o
 .rodata.dialog_text_DIALOG_093
                0x000000001b005b18       0xf9 build/us_n64/bin/translation_fr.o
 *fill*         0x000000001b005c11        0x3 
 .rodata.dialog_text_DIALOG_092
                0x000000001b005c14       0xc2 build/us_n64/bin/translation_fr.o
 *fill*         0x000000001b005cd6        0x2 
 .rodata.dialog_text_DIALOG_091
                0x000000001b005cd8       0x4c build/us_n64/bin/translation_fr.o
 .rodata.dialog_text_DIALOG_090
                0x000000001b005d24       0x7d build/us_n64/bin/translation_fr.o
 *fill*         0x000000001b005da1        0x3 
 .rodata.dialog_text_DIALOG_089
                0x000000001b005da4      0x139 build/us_n64/bin/translation_fr.o
 *fill*         0x000000001b005edd        0x3 
 .rodata.dialog_text_DIALOG_088
                0x000000001b005ee0       0x65 build/us_n64/bin/translation_fr.o
 *fill*         0x000000001b005f45        0x3 
 .rodata.dialog_text_DIALOG_087
                0x000000001b005f48       0x6e build/us_n64/bin/translation_fr.o
 *fill*         0x000000001b005fb6        0x2 
 .rodata.dialog_text_DIALOG_086
                0x000000001b005fb8       0x43 build/us_n64/bin/translation_fr.o
 *fill*         0x000000001b005ffb        0x1 
 .rodata.dialog_text_DIALOG_085
                0x000000001b005ffc       0x6d build/us_n64/bin/translation_fr.o
 *fill*         0x000000001b006069        0x3 
 .rodata.dialog_text_DIALOG_084
                0x000000001b00606c       0xa5 build/us_n64/bin/translation_fr.o
 *fill*         0x000000001b006111        0x3 
 .rodata.dialog_text_DIALOG_083
                0x000000001b006114       0xab build/us_n64/bin/translation_fr.o
 *fill*         0x000000001b0061bf        0x1 
 .rodata.dialog_text_DIALOG_082
                0x000000001b0061c0      0x1eb build/us_n64/bin/translation_fr.o
 *fill*         0x000000001b0063ab        0x1 
 .rodata.dialog_text_DIALOG_081
                0x000000001b0063ac       0x99 build/us_n64/bin/translation_fr.o
 *fill*         0x000000001b006445        0x3 
 .rodata.dialog_text_DIALOG_080
                0x000000001b006448       0x17 build/us_n64/bin/translation_fr.o
 *fill*         0x000000001b00645f        0x1 
 .rodata.dialog_text_DIALOG_079
                0x000000001b006460       0x8d build/us_n64/bin/translation_fr.o
 *fill*         0x000000001b0064ed        0x3 
 .rodata.dialog_text_DIALOG_078
                0x000000001b0064f0       0xbc build/us_n64/bin/translation_fr.o
 .rodata.dialog_text_DIALOG_077
                0x000000001b0065ac       0x36 build/us_n64/bin/translation_fr.o
 *fill*         0x000000001b0065e2        0x2 
 .rodata.dialog_text_DIALOG_076
                0x000000001b0065e4      0x184 build/us_n64/bin/translation_fr.o
 .rodata.dialog_text_DIALOG_075
                0x000000001b006768      0x2b9 build/us_n64/bin/translation_fr.o
 *fill*         0x000000001b006a21        0x3 
 .rodata.dialog_text_DIALOG_074
                0x000000001b006a24      0x106 build/us_n64/bin/translation_fr.o
 *fill*         0x000000001b006b2a        0x2 
 .rodata.dialog_text_DIALOG_073
                0x000000001b006b2c       0xba build/us_n64/bin/translation_fr.o
 *fill*         0x000000001b006be6        0x2 
 .rodata.dialog_text_DIALOG_072
                0x000000001b006be8       0x8f build/us_n64/bin/translation_fr.o
 *fill*         0x000000001b006c77        0x1 
 .rodata.dialog_text_DIALOG_071
                0x000000001b006c78       0xa6 build/us_n64/bin/translation_fr.o
 *fill*         0x000000001b006d1e        0x2 
 .rodata.dialog_text_DIALOG_070
                0x000000001b006d20      0x266 build/us_n64/bin/translation_fr.o
 *fill*         0x000000001b006f86        0x2 
 .rodata.dialog_text_DIALOG_069
                0x000000001b006f88       0x9b build/us_n64/bin/translation_fr.o
 *fill*         0x000000001b007023        0x1 
 .rodata.dialog_text_DIALOG_068
                0x000000001b007024       0xaf build/us_n64/bin/translation_fr.o
 *fill*         0x000000001b0070d3        0x1 
 .rodata.dialog_text_DIALOG_067
                0x000000001b0070d4      0x13d build/us_n64/bin/translation_fr.o
 *fill*         0x000000001b007211        0x3 
 .rodata.dialog_text_DIALOG_066
                0x000000001b007214      0x255 build/us_n64/bin/translation_fr.o
 *fill*         0x000000001b007469        0x3 
 .rodata.dialog_text_DIALOG_065
                0x000000001b00746c      0x28f build/us_n64/bin/translation_fr.o
 *fill*         0x000000001b0076fb        0x1 
 .rodata.dialog_text_DIALOG_064
                0x000000001b0076fc      0x130 build/us_n64/bin/translation_fr.o
 .rodata.dialog_text_DIALOG_063
                0x000000001b00782c       0xc5 build/us_n64/bin/translation_fr.o
 *fill*         0x000000001b0078f1        0x3 
 .rodata.dialog_text_DIALOG_062
                0x000000001b0078f4       0xf1 build/us_n64/bin/translation_fr.o
 *fill*         0x000000001b0079e5        0x3 
 .rodata.dialog_text_DIALOG_061
                0x000000001b0079e8       0x47 build/us_n64/bin/translation_fr.o
 *fill*         0x000000001b007a2f        0x1 
 .rodata.dialog_text_DIALOG_060
                0x000000001b007a30      0x270 build/us_n64/bin/translation_fr.o
 .rodata.dialog_text_DIALOG_059
                0x000000001b007ca0       0x58 build/us_n64/bin/translation_fr.o
 .rodata.dialog_text_DIALOG_058
                0x000000001b007cf8       0xc7 build/us_n64/bin/translation_fr.o
 *fill*         0x000000001b007dbf        0x1 
 .rodata.dialog_text_DIALOG_057
                0x000000001b007dc0       0x8f build/us_n64/bin/translation_fr.o
 *fill*         0x000000001b007e4f        0x1 
 .rodata.dialog_text_DIALOG_056
                0x000000001b007e50       0xa6 build/us_n64/bin/translation_fr.o
 *fill*         0x000000001b007ef6        0x2 
 .rodata.dialog_text_DIALOG_055
                0x000000001b007ef8       0xa7 build/us_n64/bin/translation_fr.o
 *fill*         0x000000001b007f9f        0x1 
 .rodata.dialog_text_DIALOG_054
                0x000000001b007fa0       0xb6 build/us_n64/bin/translation_fr.o
 *fill*         0x000000001b008056        0x2 
 .rodata.dialog_text_DIALOG_053
                0x000000001b008058       0xcc build/us_n64/bin/translation_fr.o
 .rodata.dialog_text_DIALOG_052
                0x000000001b008124      0x124 build/us_n64/bin/translation_fr.o
 .rodata.dialog_text_DIALOG_051
                0x000000001b008248      0x1b9 build/us_n64/bin/translation_fr.o
 *fill*         0x000000001b008401        0x3 
 .rodata.dialog_text_DIALOG_050
                0x000000001b008404      0x1d3 build/us_n64/bin/translation_fr.o
 *fill*         0x000000001b0085d7        0x1 
 .rodata.dialog_text_DIALOG_049
                0x000000001b0085d8       0xf7 build/us_n64/bin/translation_fr.o
 *fill*         0x000000001b0086cf        0x1 
 .rodata.dialog_text_DIALOG_048
                0x000000001b0086d0       0x55 build/us_n64/bin/translation_fr.o
 *fill*         0x000000001b008725        0x3 
 .rodata.dialog_text_DIALOG_047
                0x000000001b008728       0x31 build/us_n64/bin/translation_fr.o
 *fill*         0x000000001b008759        0x3 
 .rodata.dialog_text_DIALOG_046
                0x000000001b00875c      0x288 build/us_n64/bin/translation_fr.o
 .rodata.dialog_text_DIALOG_045
                0x000000001b0089e4       0xa2 build/us_n64/bin/translation_fr.o
 *fill*         0x000000001b008a86        0x2 
 .rodata.dialog_text_DIALOG_044
                0x000000001b008a88      0x171 build/us_n64/bin/translation_fr.o
 *fill*         0x000000001b008bf9        0x3 
 .rodata.dialog_text_DIALOG_043
                0x000000001b008bfc       0x9b build/us_n64/bin/translation_fr.o
 *fill*         0x000000001b008c97        0x1 
 .rodata.dialog_text_DIALOG_042
                0x000000001b008c98      0x181 build/us_n64/bin/translation_fr.o
 *fill*         0x000000001b008e19        0x3 
 .rodata.dialog_text_DIALOG_041
                0x000000001b008e1c       0x8c build/us_n64/bin/translation_fr.o
 .rodata.dialog_text_DIALOG_040
                0x000000001b008ea8       0x2f build/us_n64/bin/translation_fr.o
 *fill*         0x000000001b008ed7        0x1 
 .rodata.dialog_text_DIALOG_039
                0x000000001b008ed8      0x13e build/us_n64/bin/translation_fr.o
 *fill*         0x000000001b009016        0x2 
 .rodata.dialog_text_DIALOG_038
                0x000000001b009018       0x43 build/us_n64/bin/translation_fr.o
 *fill*         0x000000001b00905b        0x1 
 .rodata.dialog_text_DIALOG_037
                0x000000001b00905c       0x8b build/us_n64/bin/translation_fr.o
 *fill*         0x000000001b0090e7        0x1 
 .rodata.dialog_text_DIALOG_036
                0x000000001b0090e8      0x15d build/us_n64/bin/translation_fr.o
 *fill*         0x000000001b009245        0x3 
 .rodata.dialog_text_DIALOG_035
                0x000000001b009248      0x1ba build/us_n64/bin/translation_fr.o
 *fill*         0x000000001b009402        0x2 
 .rodata.dialog_text_DIALOG_034
                0x000000001b009404      0x24e build/us_n64/bin/translation_fr.o
 *fill*         0x000000001b009652        0x2 
 .rodata.dialog_text_DIALOG_033
                0x000000001b009654      0x14e build/us_n64/bin/translation_fr.o
 *fill*         0x000000001b0097a2        0x2 
 .rodata.dialog_text_DIALOG_032
                0x000000001b0097a4      0x11c build/us_n64/bin/translation_fr.o
 .rodata.dialog_text_DIALOG_031
                0x000000001b0098c0       0x80 build/us_n64/bin/translation_fr.o
 .rodata.dialog_text_DIALOG_030
                0x000000001b009940      0x19d build/us_n64/bin/translation_fr.o
 *fill*         0x000000001b009add        0x3 
 .rodata.dialog_text_DIALOG_029
                0x000000001b009ae0       0x90 build/us_n64/bin/translation_fr.o
 .rodata.dialog_text_DIALOG_028
                0x000000001b009b70       0x5e build/us_n64/bin/translation_fr.o
 *fill*         0x000000001b009bce        0x2 
 .rodata.dialog_text_DIALOG_027
                0x000000001b009bd0       0x5e build/us_n64/bin/translation_fr.o
 *fill*         0x000000001b009c2e        0x2 
 .rodata.dialog_text_DIALOG_026
                0x000000001b009c30       0x5d build/us_n64/bin/translation_fr.o
 *fill*         0x000000001b009c8d        0x3 
 .rodata.dialog_text_DIALOG_025
                0x000000001b009c90       0x5d build/us_n64/bin/translation_fr.o
 *fill*         0x000000001b009ced        0x3 
 .rodata.dialog_text_DIALOG_024
                0x000000001b009cf0       0x9a build/us_n64/bin/translation_fr.o
 *fill*         0x000000001b009d8a        0x2 
 .rodata.dialog_text_DIALOG_023
                0x000000001b009d8c       0x35 build/us_n64/bin/translation_fr.o
 *fill*         0x000000001b009dc1        0x3 
 .rodata.dialog_text_DIALOG_022
                0x000000001b009dc4       0x23 build/us_n64/bin/translation_fr.o
 *fill*         0x000000001b009de7        0x1 
 .rodata.dialog_text_DIALOG_021
                0x000000001b009de8       0x58 build/us_n64/bin/translation_fr.o
 .rodata.dialog_text_DIALOG_020
                0x000000001b009e40       0x7a build/us_n64/bin/translation_fr.o
 *fill*         0x000000001b009eba        0x2 
 .rodata.dialog_text_DIALOG_019
                0x000000001b009ebc       0x2d build/us_n64/bin/translation_fr.o
 *fill*         0x000000001b009ee9        0x3 
 .rodata.dialog_text_DIALOG_018
                0x000000001b009eec       0x5c build/us_n64/bin/translation_fr.o
 .rodata.dialog_text_DIALOG_017
                0x000000001b009f48       0xe8 build/us_n64/bin/translation_fr.o
 .rodata.dialog_text_DIALOG_016
                0x000000001b00a030       0x66 build/us_n64/bin/translation_fr.o
 *fill*         0x000000001b00a096        0x2 
 .rodata.dialog_text_DIALOG_015
                0x000000001b00a098      0x112 build/us_n64/bin/translation_fr.o
 *fill*         0x000000001b00a1aa        0x2 
 .rodata.dialog_text_DIALOG_014
                0x000000001b00a1ac       0x7c build/us_n64/bin/translation_fr.o
 .rodata.dialog_text_DIALOG_013
                0x000000001b00a228       0x6d build/us_n64/bin/translation_fr.o
 *fill*         0x000000001b00a295        0x3 
 .rodata.dialog_text_DIALOG_012
                0x000000001b00a298      0x108 build/us_n64/bin/translation_fr.o
 .rodata.dialog_text_DIALOG_011
                0x000000001b00a3a0       0xf5 build/us_n64/bin/translation_fr.o
 *fill*         0x000000001b00a495        0x3 
 .rodata.dialog_text_DIALOG_010
                0x000000001b00a498      0x104 build/us_n64/bin/translation_fr.o
 .rodata.dialog_text_DIALOG_009
                0x000000001b00a59c      0x171 build/us_n64/bin/translation_fr.o
 *fill*         0x000000001b00a70d        0x3 
 .rodata.dialog_text_DIALOG_008
                0x000000001b00a710      0x11d build/us_n64/bin/translation_fr.o
 *fill*         0x000000001b00a82d        0x3 
 .rodata.dialog_text_DIALOG_007
                0x000000001b00a830       0x7b build/us_n64/bin/translation_fr.o
 *fill*         0x000000001b00a8ab        0x1 
 .rodata.dialog_text_DIALOG_006
                0x000000001b00a8ac       0x9a build/us_n64/bin/translation_fr.o
 *fill*         0x000000001b00a946        0x2 
 .rodata.dialog_text_DIALOG_005
                0x000000001b00a948      0x189 build/us_n64/bin/translation_fr.o
 *fill*         0x000000001b00aad1        0x3 
 .rodata.dialog_text_DIALOG_004
                0x000000001b00aad4       0xd4 build/us_n64/bin/translation_fr.o
 .rodata.dialog_text_DIALOG_003
                0x000000001b00aba8      0x18a build/us_n64/bin/translation_fr.o
 *fill*         0x000000001b00ad32        0x2 
 .rodata.dialog_text_DIALOG_002
                0x000000001b00ad34      0x17a build/us_n64/bin/translation_fr.o
 *fill*         0x000000001b00aeae        0x2 
 .rodata.dialog_text_DIALOG_001
                0x000000001b00aeb0      0x20c build/us_n64/bin/translation_fr.o
 .rodata.dialog_text_DIALOG_000
                0x000000001b00b0bc      0x1c3 build/us_n64/bin/translation_fr.o

.rodata1
 *(.rodata1)

.sdata2
 *(.sdata2 .sdata2.* .gnu.linkonce.s2.*)

.sbss2
 *(.sbss2 .sbss2.* .gnu.linkonce.sb2.*)

.eh_frame_hdr
 *(.eh_frame_hdr)
 *(.eh_frame_entry .eh_frame_entry.*)

.eh_frame
 *(.eh_frame)
 *(.eh_frame.*)

.gcc_except_table
 *(.gcc_except_table .gcc_except_table.*)

.gnu_extab
 *(.gnu_extab*)

.exception_ranges
 *(.exception_ranges .exception_ranges*)
                0x000000001b00c27f                . = DATA_SEGMENT_ALIGN (CONSTANT (MAXPAGESIZE), CONSTANT (COMMONPAGESIZE))

.eh_frame
 *(.eh_frame)
 *(.eh_frame.*)

.gnu_extab
 *(.gnu_extab)

.gcc_except_table
 *(.gcc_except_table .gcc_except_table.*)

.exception_ranges
 *(.exception_ranges .exception_ranges*)

.tdata
 *(.tdata .tdata.* .gnu.linkonce.td.*)

.tbss
 *(.tbss .tbss.* .gnu.linkonce.tb.*)
 *(.tcommon)

.preinit_array  0x000000001b00c27f        0x0
                [!provide]                        PROVIDE (__preinit_array_start = .)
 *(.preinit_array)
                [!provide]                        PROVIDE (__preinit_array_end = .)

.init_array     0x000000001b00c27f        0x0
                [!provide]                        PROVIDE (__init_array_start = .)
 *(SORT_BY_INIT_PRIORITY(.init_array.*) SORT_BY_INIT_PRIORITY(.ctors.*))
 *(.init_array EXCLUDE_FILE(*crtend?.o *crtend.o *crtbegin?.o *crtbegin.o) .ctors)
                [!provide]                        PROVIDE (__init_array_end = .)

.fini_array     0x000000001b00c27f        0x0
                [!provide]                        PROVIDE (__fini_array_start = .)
 *(SORT_BY_INIT_PRIORITY(.fini_array.*) SORT_BY_INIT_PRIORITY(.dtors.*))
 *(.fini_array EXCLUDE_FILE(*crtend?.o *crtend.o *crtbegin?.o *crtbegin.o) .dtors)
                [!provide]                        PROVIDE (__fini_array_end = .)

.ctors
 *crtbegin.o(.ctors)
 *crtbegin?.o(.ctors)
 *(EXCLUDE_FILE(*crtend?.o *crtend.o) .ctors)
 *(SORT_BY_NAME(.ctors.*))
 *(.ctors)

.dtors
 *crtbegin.o(.dtors)
 *crtbegin?.o(.dtors)
 *(EXCLUDE_FILE(*crtend?.o *crtend.o) .dtors)
 *(SORT_BY_NAME(.dtors.*))
 *(.dtors)

.jcr
 *(.jcr)

.data.rel.ro
 *(.data.rel.ro.local* .gnu.linkonce.d.rel.ro.local.*)
 *(.data.rel.ro .data.rel.ro.* .gnu.linkonce.d.rel.ro.*)
                0x000000001b00c27f                . = DATA_SEGMENT_RELRO_END (., 0x0)

.data           0x000000001b00c27f        0x0
                0x000000001b00c27f                _fdata = .
 *(.data .data.* .gnu.linkonce.d.*)
 .data          0x000000001b00c27f        0x0 build/us_n64/bin/translation_fr.o

.data1
 *(.data1)

.got.plt
 *(.got.plt)
                0x000000001b00c27f                . = .
                0x000000001b00c27f                . = .
                0x000000001b014270                _gp = (ALIGN (0x10) + 0x7ff0)

.got
 *(.got)

.sdata
 *(.sdata .sdata.* .gnu.linkonce.s.*)

.lit8
 *(.lit8)

.lit4
 *(.lit4)
                0x000000001b00c27f                _edata = .
                [!provide]                        PROVIDE (edata = .)
                0x000000001b00c27f                . = .
                0x000000001b00c27f                __bss_start = .
                0x000000001b00c27f                _fbss = .

.sbss
 *(.dynsbss)
 *(.sbss .sbss.* .gnu.linkonce.sb.*)
 *(.scommon)

.bss            0x000000001b00c27f        0x0
 *(.dynbss)
 *(.bss .bss.* .gnu.linkonce.b.*)
 .bss           0x000000001b00c27f        0x0 build/us_n64/bin/translation_fr.o
 *(COMMON)
                0x000000001b00c27f                . = ALIGN ((. != 0x0)?0x4:0x1)
                0x000000001b00c280                . = ALIGN (0x4)
                0x000000001b00c280                . = SEGMENT_START ("ldata-segment", .)
                0x000000001b00c280                . = ALIGN (0x4)
                0x000000001b00c280                _end = .
                [!provide]                        PROVIDE (end = .)
                0x000000001b00c280                . = DATA_SEGMENT_END (.)

.stab
 *(.stab)

.stabstr
 *(.stabstr)

.stab.excl
 *(.stab.excl)

.stab.exclstr
 *(.stab.exclstr)

.stab.index
 *(.stab.index)

.stab.indexstr
 *(.stab.indexstr)

.comment        0x0000000000000000       0x12
 *(.comment)
 .comment       0x0000000000000000       0x12 build/us_n64/bin/translation_fr.o
                                         0x13 (size before relaxing)

.pdr            0x0000000000000000        0x0
 .pdr           0x0000000000000000        0x0 build/us_n64/bin/translation_fr.o

.debug
 *(.debug)

.line
 *(.line)

.debug_srcinfo
 *(.debug_srcinfo)

.debug_sfnames
 *(.debug_sfnames)

.debug_aranges
 *(.debug_aranges)

.debug_pubnames
 *(.debug_pubnames)

.debug_info
 *(.debug_info .gnu.linkonce.wi.*)

.debug_abbrev
 *(.debug_abbrev)

.debug_line
 *(.debug_line .debug_line.* .debug_line_end)

.debug_frame
 *(.debug_frame)

.debug_str
 *(.debug_str)

.debug_loc
 *(.debug_loc)

.debug_macinfo
 *(.debug_macinfo)

.debug_weaknames
 *(.debug_weaknames)

.debug_funcnames
 *(.debug_funcnames)

.debug_typenames
 *(.debug_typenames)

.debug_varnames
 *(.debug_varnames)

.debug_pubtypes
 *(.debug_pubtypes)

.debug_ranges
 *(.debug_ranges)

.debug_macro
 *(.debug_macro)

.debug_addr
 *(.debug_addr)

.gnu.attributes
                0x0000000000000000       0x10
 *(.gnu.attributes)
 .gnu.attributes
                0x0000000000000000       0x10 build/us_n64/bin/translation_fr.o

.gptab.sdata
 *(.gptab.data)
 *(.gptab.sdata)

.gptab.sbss
 *(.gptab.bss)
 *(.gptab.sbss)

.mdebug.abi32   0x0000000000000000        0x0
 *(.mdebug.abi32)
 .mdebug.abi32  0x0000000000000000        0x0 build/us_n64/bin/translation_fr.o

.mdebug.abiN32
 *(.mdebug.abiN32)

.mdebug.abi64
 *(.mdebug.abi64)

.mdebug.abiO64
 *(.mdebug.abiO64)

.mdebug.eabi32
 *(.mdebug.eabi32)

.mdebug.eabi64
 *(.mdebug.eabi64)

.gcc_compiled_long32
 *(.gcc_compiled_long32)

.gcc_compiled_long64
 *(.gcc_compiled_long64)

/DISCARD/
 *(.note.GNU-stack)
 *(.gnu_debuglink)
 *(.gnu.lto_*)
OUTPUT(build/us_n64/bin/translation_fr.elf elf32-bigmips)
