
Memory Configuration

Name             Origin             Length             Attributes
*default*        0x0000000000000000 0xffffffffffffffff

Linker script and memory map

Address of section .text set to 0x1b000000
LOAD build/us_n64/bin/translation_de.o
                [!provide]                        PROVIDE (__executable_start = SEGMENT_START ("text-segment", 0x400000))
                0x0000000000400000                . = SEGMENT_START ("text-segment", 0x400000)

.interp
 *(.interp)

.MIPS.abiflags  0x0000000000400000       0x18
 *(.MIPS.abiflags)
 .MIPS.abiflags
                0x0000000000400000       0x18 build/us_n64/bin/translation_de.o

.reginfo        0x0000000000400018       0x18
 *(.reginfo)
 .reginfo       0x0000000000400018       0x18 build/us_n64/bin/translation_de.o

.note.gnu.build-id
 *(.note.gnu.build-id)

.dynamic
 *(.dynamic)

.hash
 *(.hash)

.gnu.hash
 *(.gnu.hash)

.dynsym
 *(.dynsym)

.dynstr
 *(.dynstr)

.gnu.version
 *(.gnu.version)

.gnu.version_d
 *(.gnu.version_d)

.gnu.version_r
 *(.gnu.version_r)

.rel.dyn        0x0000000000400018        0x0
 *(.rel.init)
 *(.rel.text .rel.text.* .rel.gnu.linkonce.t.*)
 *(.rel.fini)
 *(.rel.rodata .rel.rodata.* .rel.gnu.linkonce.r.*)
 *(.rel.data.rel.ro .rel.data.rel.ro.* .rel.gnu.linkonce.d.rel.ro.*)
 *(.rel.data .rel.data.* .rel.gnu.linkonce.d.*)
 *(.rel.tdata .rel.tdata.* .rel.gnu.linkonce.td.*)
 *(.rel.tbss .rel.tbss.* .rel.gnu.linkonce.tb.*)
 *(.rel.ctors)
 *(.rel.dtors)
 *(.rel.got)
 *(.rel.dyn)
 *(.rel.sdata .rel.sdata.* .rel.gnu.linkonce.s.*)
 *(.rel.sbss .rel.sbss.* .rel.gnu.linkonce.sb.*)
 *(.rel.sdata2 .rel.sdata2.* .rel.gnu.linkonce.s2.*)
 *(.rel.sbss2 .rel.sbss2.* .rel.gnu.linkonce.sb2.*)
 *(.rel.bss .rel.bss.* .rel.gnu.linkonce.b.*)
                [!provide]                        PROVIDE (__rel_iplt_start = .)
 *(.rel.iplt)
                [!provide]                        PROVIDE (__rel_iplt_end = .)

.rela.dyn       0x0000000000400018        0x0
 *(.rela.init)
 *(.rela.text .rela.text.* .rela.gnu.linkonce.t.*)
 *(.rela.fini)
 *(.rela.rodata .rela.rodata.* .rela.gnu.linkonce.r.*)
 *(.rela.data .rela.data.* .rela.gnu.linkonce.d.*)
 *(.rela.tdata .rela.tdata.* .rela.gnu.linkonce.td.*)
 *(.rela.tbss .rela.tbss.* .rela.gnu.linkonce.tb.*)
 *(.rela.ctors)
 *(.rela.dtors)
 *(.rela.got)
 *(.rela.sdata .rela.sdata.* .rela.gnu.linkonce.s.*)
 *(.rela.sbss .rela.sbss.* .rela.gnu.linkonce.sb.*)
 *(.rela.sdata2 .rela.sdata2.* .rela.gnu.linkonce.s2.*)
 *(.rela.sbss2 .rela.sbss2.* .rela.gnu.linkonce.sb2.*)
 *(.rela.bss .rela.bss.* .rela.gnu.linkonce.b.*)
                [!provide]                        PROVIDE (__rela_iplt_start = .)
 *(.rela.iplt)
                [!provide]                        PROVIDE (__rela_iplt_end = .)

.rel.plt
 *(.rel.plt)

.rela.plt
 *(.rela.plt)

.init
 *(SORT_NONE(.init))

.plt
 *(.plt)

.iplt
 *(.iplt)

.text           0x000000001b000000        0x0
                0x000000001b000000                _ftext = .
 *(.text.unlikely .text.*_unlikely .text.unlikely.*)
 *(.text.exit .text.exit.*)
 *(.text.startup .text.startup.*)
 *(.text.hot .text.hot.*)
 *(.text .stub .text.* .gnu.linkonce.t.*)
 .text          0x000000001b000000        0x0 build/us_n64/bin/translation_de.o
 *(.gnu.warning)
 *(.mips16.fn.*)
 *(.mips16.call.*)

.fini
 *(SORT_NONE(.fini))
                [!provide]                        PROVIDE (__etext = .)
                [!provide]                        PROVIDE (_etext = .)
                [!provide]                        PROVIDE (etext = .)

.rodata         0x000000001b000000     0xad98
 *(.rodata .rodata.* .gnu.linkonce.r.*)
 .rodata.act_name_table_de
                0x000000001b000000      0x188 build/us_n64/bin/translation_de.o
                0x000000001b000000                act_name_table_de
 .rodata.extra_text_6
                0x000000001b000188        0x1 build/us_n64/bin/translation_de.o
 *fill*         0x000000001b000189        0x3 
 .rodata.extra_text_5
                0x000000001b00018c        0x1 build/us_n64/bin/translation_de.o
 *fill*         0x000000001b00018d        0x3 
 .rodata.extra_text_4
                0x000000001b000190        0x1 build/us_n64/bin/translation_de.o
 *fill*         0x000000001b000191        0x3 
 .rodata.extra_text_3
                0x000000001b000194        0x1 build/us_n64/bin/translation_de.o
 *fill*         0x000000001b000195        0x3 
 .rodata.extra_text_2
                0x000000001b000198        0x1 build/us_n64/bin/translation_de.o
 *fill*         0x000000001b000199        0x3 
 .rodata.extra_text_1
                0x000000001b00019c        0x1 build/us_n64/bin/translation_de.o
 *fill*         0x000000001b00019d        0x3 
 .rodata.extra_text_0
                0x000000001b0001a0       0x22 build/us_n64/bin/translation_de.o
 *fill*         0x000000001b0001c2        0x2 
 .rodata.act_name_COURSE_RR_6
                0x000000001b0001c4       0x1d build/us_n64/bin/translation_de.o
 *fill*         0x000000001b0001e1        0x3 
 .rodata.act_name_COURSE_RR_5
                0x000000001b0001e4       0x23 build/us_n64/bin/translation_de.o
 *fill*         0x000000001b000207        0x1 
 .rodata.act_name_COURSE_RR_4
                0x000000001b000208       0x20 build/us_n64/bin/translation_de.o
 .rodata.act_name_COURSE_RR_3
                0x000000001b000228       0x1b build/us_n64/bin/translation_de.o
 *fill*         0x000000001b000243        0x1 
 .rodata.act_name_COURSE_RR_2
                0x000000001b000244       0x1a build/us_n64/bin/translation_de.o
 *fill*         0x000000001b00025e        0x2 
 .rodata.act_name_COURSE_RR_1
                0x000000001b000260       0x1b build/us_n64/bin/translation_de.o
 *fill*         0x000000001b00027b        0x1 
 .rodata.act_name_COURSE_TTC_6
                0x000000001b00027c       0x1b build/us_n64/bin/translation_de.o
 *fill*         0x000000001b000297        0x1 
 .rodata.act_name_COURSE_TTC_5
                0x000000001b000298       0x1f build/us_n64/bin/translation_de.o
 *fill*         0x000000001b0002b7        0x1 
 .rodata.act_name_COURSE_TTC_4
                0x000000001b0002b8       0x16 build/us_n64/bin/translation_de.o
 *fill*         0x000000001b0002ce        0x2 
 .rodata.act_name_COURSE_TTC_3
                0x000000001b0002d0       0x19 build/us_n64/bin/translation_de.o
 *fill*         0x000000001b0002e9        0x3 
 .rodata.act_name_COURSE_TTC_2
                0x000000001b0002ec       0x16 build/us_n64/bin/translation_de.o
 *fill*         0x000000001b000302        0x2 
 .rodata.act_name_COURSE_TTC_1
                0x000000001b000304       0x12 build/us_n64/bin/translation_de.o
 *fill*         0x000000001b000316        0x2 
 .rodata.act_name_COURSE_THI_6
                0x000000001b000318       0x18 build/us_n64/bin/translation_de.o
 .rodata.act_name_COURSE_THI_5
                0x000000001b000330       0x1b build/us_n64/bin/translation_de.o
 *fill*         0x000000001b00034b        0x1 
 .rodata.act_name_COURSE_THI_4
                0x000000001b00034c       0x20 build/us_n64/bin/translation_de.o
 .rodata.act_name_COURSE_THI_3
                0x000000001b00036c       0x22 build/us_n64/bin/translation_de.o
 *fill*         0x000000001b00038e        0x2 
 .rodata.act_name_COURSE_THI_2
                0x000000001b000390       0x21 build/us_n64/bin/translation_de.o
 *fill*         0x000000001b0003b1        0x3 
 .rodata.act_name_COURSE_THI_1
                0x000000001b0003b4       0x1e build/us_n64/bin/translation_de.o
 *fill*         0x000000001b0003d2        0x2 
 .rodata.act_name_COURSE_TTM_6
                0x000000001b0003d4       0x19 build/us_n64/bin/translation_de.o
 *fill*         0x000000001b0003ed        0x3 
 .rodata.act_name_COURSE_TTM_5
                0x000000001b0003f0       0x20 build/us_n64/bin/translation_de.o
 .rodata.act_name_COURSE_TTM_4
                0x000000001b000410       0x19 build/us_n64/bin/translation_de.o
 *fill*         0x000000001b000429        0x3 
 .rodata.act_name_COURSE_TTM_3
                0x000000001b00042c       0x1b build/us_n64/bin/translation_de.o
 *fill*         0x000000001b000447        0x1 
 .rodata.act_name_COURSE_TTM_2
                0x000000001b000448       0x19 build/us_n64/bin/translation_de.o
 *fill*         0x000000001b000461        0x3 
 .rodata.act_name_COURSE_TTM_1
                0x000000001b000464       0x13 build/us_n64/bin/translation_de.o
 *fill*         0x000000001b000477        0x1 
 .rodata.act_name_COURSE_WDW_6
                0x000000001b000478       0x17 build/us_n64/bin/translation_de.o
 *fill*         0x000000001b00048f        0x1 
 .rodata.act_name_COURSE_WDW_5
                0x000000001b000490       0x1b build/us_n64/bin/translation_de.o
 *fill*         0x000000001b0004ab        0x1 
 .rodata.act_name_COURSE_WDW_4
                0x000000001b0004ac       0x1d build/us_n64/bin/translation_de.o
 *fill*         0x000000001b0004c9        0x3 
 .rodata.act_name_COURSE_WDW_3
                0x000000001b0004cc       0x21 build/us_n64/bin/translation_de.o
 *fill*         0x000000001b0004ed        0x3 
 .rodata.act_name_COURSE_WDW_2
                0x000000001b0004f0       0x21 build/us_n64/bin/translation_de.o
 *fill*         0x000000001b000511        0x3 
 .rodata.act_name_COURSE_WDW_1
                0x000000001b000514       0x1a build/us_n64/bin/translation_de.o
 *fill*         0x000000001b00052e        0x2 
 .rodata.act_name_COURSE_SL_6
                0x000000001b000530       0x14 build/us_n64/bin/translation_de.o
 .rodata.act_name_COURSE_SL_5
                0x000000001b000544       0x1b build/us_n64/bin/translation_de.o
 *fill*         0x000000001b00055f        0x1 
 .rodata.act_name_COURSE_SL_4
                0x000000001b000560       0x11 build/us_n64/bin/translation_de.o
 *fill*         0x000000001b000571        0x3 
 .rodata.act_name_COURSE_SL_3
                0x000000001b000574       0x13 build/us_n64/bin/translation_de.o
 *fill*         0x000000001b000587        0x1 
 .rodata.act_name_COURSE_SL_2
                0x000000001b000588       0x16 build/us_n64/bin/translation_de.o
 *fill*         0x000000001b00059e        0x2 
 .rodata.act_name_COURSE_SL_1
                0x000000001b0005a0       0x13 build/us_n64/bin/translation_de.o
 *fill*         0x000000001b0005b3        0x1 
 .rodata.act_name_COURSE_DDD_6
                0x000000001b0005b4       0x15 build/us_n64/bin/translation_de.o
 *fill*         0x000000001b0005c9        0x3 
 .rodata.act_name_COURSE_DDD_5
                0x000000001b0005cc       0x11 build/us_n64/bin/translation_de.o
 *fill*         0x000000001b0005dd        0x3 
 .rodata.act_name_COURSE_DDD_4
                0x000000001b0005e0       0x1a build/us_n64/bin/translation_de.o
 *fill*         0x000000001b0005fa        0x2 
 .rodata.act_name_COURSE_DDD_3
                0x000000001b0005fc       0x1e build/us_n64/bin/translation_de.o
 *fill*         0x000000001b00061a        0x2 
 .rodata.act_name_COURSE_DDD_2
                0x000000001b00061c       0x13 build/us_n64/bin/translation_de.o
 *fill*         0x000000001b00062f        0x1 
 .rodata.act_name_COURSE_DDD_1
                0x000000001b000630       0x17 build/us_n64/bin/translation_de.o
 *fill*         0x000000001b000647        0x1 
 .rodata.act_name_COURSE_SSL_6
                0x000000001b000648       0x1b build/us_n64/bin/translation_de.o
 *fill*         0x000000001b000663        0x1 
 .rodata.act_name_COURSE_SSL_5
                0x000000001b000664       0x1b build/us_n64/bin/translation_de.o
 *fill*         0x000000001b00067f        0x1 
 .rodata.act_name_COURSE_SSL_4
                0x000000001b000680       0x1e build/us_n64/bin/translation_de.o
 *fill*         0x000000001b00069e        0x2 
 .rodata.act_name_COURSE_SSL_3
                0x000000001b0006a0       0x1d build/us_n64/bin/translation_de.o
 *fill*         0x000000001b0006bd        0x3 
 .rodata.act_name_COURSE_SSL_2
                0x000000001b0006c0       0x1e build/us_n64/bin/translation_de.o
 *fill*         0x000000001b0006de        0x2 
 .rodata.act_name_COURSE_SSL_1
                0x000000001b0006e0       0x17 build/us_n64/bin/translation_de.o
 *fill*         0x000000001b0006f7        0x1 
 .rodata.act_name_COURSE_LLL_6
                0x000000001b0006f8       0x1c build/us_n64/bin/translation_de.o
 .rodata.act_name_COURSE_LLL_5
                0x000000001b000714       0x14 build/us_n64/bin/translation_de.o
 .rodata.act_name_COURSE_LLL_4
                0x000000001b000728       0x19 build/us_n64/bin/translation_de.o
 *fill*         0x000000001b000741        0x3 
 .rodata.act_name_COURSE_LLL_3
                0x000000001b000744       0x1b build/us_n64/bin/translation_de.o
 *fill*         0x000000001b00075f        0x1 
 .rodata.act_name_COURSE_LLL_2
                0x000000001b000760       0x1f build/us_n64/bin/translation_de.o
 *fill*         0x000000001b00077f        0x1 
 .rodata.act_name_COURSE_LLL_1
                0x000000001b000780       0x1d build/us_n64/bin/translation_de.o
 *fill*         0x000000001b00079d        0x3 
 .rodata.act_name_COURSE_HMC_6
                0x000000001b0007a0       0x1b build/us_n64/bin/translation_de.o
 *fill*         0x000000001b0007bb        0x1 
 .rodata.act_name_COURSE_HMC_5
                0x000000001b0007bc       0x1f build/us_n64/bin/translation_de.o
 *fill*         0x000000001b0007db        0x1 
 .rodata.act_name_COURSE_HMC_4
                0x000000001b0007dc       0x1f build/us_n64/bin/translation_de.o
 *fill*         0x000000001b0007fb        0x1 
 .rodata.act_name_COURSE_HMC_3
                0x000000001b0007fc       0x1e build/us_n64/bin/translation_de.o
 *fill*         0x000000001b00081a        0x2 
 .rodata.act_name_COURSE_HMC_2
                0x000000001b00081c       0x1b build/us_n64/bin/translation_de.o
 *fill*         0x000000001b000837        0x1 
 .rodata.act_name_COURSE_HMC_1
                0x000000001b000838       0x1d build/us_n64/bin/translation_de.o
 *fill*         0x000000001b000855        0x3 
 .rodata.act_name_COURSE_BBH_6
                0x000000001b000858       0x1e build/us_n64/bin/translation_de.o
 *fill*         0x000000001b000876        0x2 
 .rodata.act_name_COURSE_BBH_5
                0x000000001b000878       0x1e build/us_n64/bin/translation_de.o
 *fill*         0x000000001b000896        0x2 
 .rodata.act_name_COURSE_BBH_4
                0x000000001b000898       0x1b build/us_n64/bin/translation_de.o
 *fill*         0x000000001b0008b3        0x1 
 .rodata.act_name_COURSE_BBH_3
                0x000000001b0008b4       0x1d build/us_n64/bin/translation_de.o
 *fill*         0x000000001b0008d1        0x3 
 .rodata.act_name_COURSE_BBH_2
                0x000000001b0008d4       0x1b build/us_n64/bin/translation_de.o
 *fill*         0x000000001b0008ef        0x1 
 .rodata.act_name_COURSE_BBH_1
                0x000000001b0008f0       0x16 build/us_n64/bin/translation_de.o
 *fill*         0x000000001b000906        0x2 
 .rodata.act_name_COURSE_CCM_6
                0x000000001b000908       0x19 build/us_n64/bin/translation_de.o
 *fill*         0x000000001b000921        0x3 
 .rodata.act_name_COURSE_CCM_5
                0x000000001b000924       0x17 build/us_n64/bin/translation_de.o
 *fill*         0x000000001b00093b        0x1 
 .rodata.act_name_COURSE_CCM_4
                0x000000001b00093c       0x1b build/us_n64/bin/translation_de.o
 *fill*         0x000000001b000957        0x1 
 .rodata.act_name_COURSE_CCM_3
                0x000000001b000958       0x1f build/us_n64/bin/translation_de.o
 *fill*         0x000000001b000977        0x1 
 .rodata.act_name_COURSE_CCM_2
                0x000000001b000978       0x17 build/us_n64/bin/translation_de.o
 *fill*         0x000000001b00098f        0x1 
 .rodata.act_name_COURSE_CCM_1
                0x000000001b000990       0x19 build/us_n64/bin/translation_de.o
 *fill*         0x000000001b0009a9        0x3 
 .rodata.act_name_COURSE_JRB_6
                0x000000001b0009ac       0x19 build/us_n64/bin/translation_de.o
 *fill*         0x000000001b0009c5        0x3 
 .rodata.act_name_COURSE_JRB_5
                0x000000001b0009c8       0x1c build/us_n64/bin/translation_de.o
 .rodata.act_name_COURSE_JRB_4
                0x000000001b0009e4       0x1b build/us_n64/bin/translation_de.o
 *fill*         0x000000001b0009ff        0x1 
 .rodata.act_name_COURSE_JRB_3
                0x000000001b000a00       0x19 build/us_n64/bin/translation_de.o
 *fill*         0x000000001b000a19        0x3 
 .rodata.act_name_COURSE_JRB_2
                0x000000001b000a1c       0x1b build/us_n64/bin/translation_de.o
 *fill*         0x000000001b000a37        0x1 
 .rodata.act_name_COURSE_JRB_1
                0x000000001b000a38       0x1c build/us_n64/bin/translation_de.o
 .rodata.act_name_COURSE_WF_6
                0x000000001b000a54       0x18 build/us_n64/bin/translation_de.o
 .rodata.act_name_COURSE_WF_5
                0x000000001b000a6c       0x10 build/us_n64/bin/translation_de.o
 .rodata.act_name_COURSE_WF_4
                0x000000001b000a7c       0x1b build/us_n64/bin/translation_de.o
 *fill*         0x000000001b000a97        0x1 
 .rodata.act_name_COURSE_WF_3
                0x000000001b000a98       0x11 build/us_n64/bin/translation_de.o
 *fill*         0x000000001b000aa9        0x3 
 .rodata.act_name_COURSE_WF_2
                0x000000001b000aac       0x1c build/us_n64/bin/translation_de.o
 .rodata.act_name_COURSE_WF_1
                0x000000001b000ac8       0x16 build/us_n64/bin/translation_de.o
 *fill*         0x000000001b000ade        0x2 
 .rodata.act_name_COURSE_BOB_6
                0x000000001b000ae0       0x18 build/us_n64/bin/translation_de.o
 .rodata.act_name_COURSE_BOB_5
                0x000000001b000af8       0x1f build/us_n64/bin/translation_de.o
 *fill*         0x000000001b000b17        0x1 
 .rodata.act_name_COURSE_BOB_4
                0x000000001b000b18       0x1b build/us_n64/bin/translation_de.o
 *fill*         0x000000001b000b33        0x1 
 .rodata.act_name_COURSE_BOB_3
                0x000000001b000b34       0x1e build/us_n64/bin/translation_de.o
 *fill*         0x000000001b000b52        0x2 
 .rodata.act_name_COURSE_BOB_2
                0x000000001b000b54       0x1d build/us_n64/bin/translation_de.o
 *fill*         0x000000001b000b71        0x3 
 .rodata.act_name_COURSE_BOB_1
                0x000000001b000b74       0x18 build/us_n64/bin/translation_de.o
 .rodata.course_name_table_de
                0x000000001b000b8c       0x6c build/us_n64/bin/translation_de.o
                0x000000001b000b8c                course_name_table_de
 .rodata.course_name_table_de_castle_secret_stars
                0x000000001b000bf8        0xf build/us_n64/bin/translation_de.o
 *fill*         0x000000001b000c07        0x1 
 .rodata.course_name_table_de_COURSE_CAKE_END
                0x000000001b000c08        0x1 build/us_n64/bin/translation_de.o
 *fill*         0x000000001b000c09        0x3 
 .rodata.course_name_table_de_COURSE_SA
                0x000000001b000c0c       0x15 build/us_n64/bin/translation_de.o
 *fill*         0x000000001b000c21        0x3 
 .rodata.course_name_table_de_COURSE_WMOTR
                0x000000001b000c24       0x15 build/us_n64/bin/translation_de.o
 *fill*         0x000000001b000c39        0x3 
 .rodata.course_name_table_de_COURSE_VCUTM
                0x000000001b000c3c       0x16 build/us_n64/bin/translation_de.o
 *fill*         0x000000001b000c52        0x2 
 .rodata.course_name_table_de_COURSE_TOTWC
                0x000000001b000c54       0x15 build/us_n64/bin/translation_de.o
 *fill*         0x000000001b000c69        0x3 
 .rodata.course_name_table_de_COURSE_COTMC
                0x000000001b000c6c       0x17 build/us_n64/bin/translation_de.o
 *fill*         0x000000001b000c83        0x1 
 .rodata.course_name_table_de_COURSE_PSS
                0x000000001b000c84       0x16 build/us_n64/bin/translation_de.o
 *fill*         0x000000001b000c9a        0x2 
 .rodata.course_name_table_de_COURSE_BITS
                0x000000001b000c9c       0x14 build/us_n64/bin/translation_de.o
 .rodata.course_name_table_de_COURSE_BITFS
                0x000000001b000cb0       0x10 build/us_n64/bin/translation_de.o
 .rodata.course_name_table_de_COURSE_BITDW
                0x000000001b000cc0       0x15 build/us_n64/bin/translation_de.o
 *fill*         0x000000001b000cd5        0x3 
 .rodata.course_name_table_de_COURSE_RR
                0x000000001b000cd8       0x13 build/us_n64/bin/translation_de.o
 *fill*         0x000000001b000ceb        0x1 
 .rodata.course_name_table_de_COURSE_TTC
                0x000000001b000cec       0x11 build/us_n64/bin/translation_de.o
 *fill*         0x000000001b000cfd        0x3 
 .rodata.course_name_table_de_COURSE_THI
                0x000000001b000d00        0xf build/us_n64/bin/translation_de.o
 *fill*         0x000000001b000d0f        0x1 
 .rodata.course_name_table_de_COURSE_TTM
                0x000000001b000d10       0x13 build/us_n64/bin/translation_de.o
 *fill*         0x000000001b000d23        0x1 
 .rodata.course_name_table_de_COURSE_WDW
                0x000000001b000d24       0x11 build/us_n64/bin/translation_de.o
 *fill*         0x000000001b000d35        0x3 
 .rodata.course_name_table_de_COURSE_SL
                0x000000001b000d38       0x12 build/us_n64/bin/translation_de.o
 *fill*         0x000000001b000d4a        0x2 
 .rodata.course_name_table_de_COURSE_DDD
                0x000000001b000d4c       0x12 build/us_n64/bin/translation_de.o
 *fill*         0x000000001b000d5e        0x2 
 .rodata.course_name_table_de_COURSE_SSL
                0x000000001b000d60       0x10 build/us_n64/bin/translation_de.o
 .rodata.course_name_table_de_COURSE_LLL
                0x000000001b000d70        0xc build/us_n64/bin/translation_de.o
 .rodata.course_name_table_de_COURSE_HMC
                0x000000001b000d7c       0x12 build/us_n64/bin/translation_de.o
 *fill*         0x000000001b000d8e        0x2 
 .rodata.course_name_table_de_COURSE_BBH
                0x000000001b000d90        0xe build/us_n64/bin/translation_de.o
 *fill*         0x000000001b000d9e        0x2 
 .rodata.course_name_table_de_COURSE_CCM
                0x000000001b000da0        0xf build/us_n64/bin/translation_de.o
 *fill*         0x000000001b000daf        0x1 
 .rodata.course_name_table_de_COURSE_JRB
                0x000000001b000db0       0x13 build/us_n64/bin/translation_de.o
 *fill*         0x000000001b000dc3        0x1 
 .rodata.course_name_table_de_COURSE_WF
                0x000000001b000dc4       0x11 build/us_n64/bin/translation_de.o
 *fill*         0x000000001b000dd5        0x3 
 .rodata.course_name_table_de_COURSE_BOB
                0x000000001b000dd8       0x14 build/us_n64/bin/translation_de.o
 .rodata.dialog_table_de
                0x000000001b000dec      0x2ac build/us_n64/bin/translation_de.o
                0x000000001b000dec                dialog_table_de
 .rodata.dialog_entry_DIALOG_169
                0x000000001b001098        0xc build/us_n64/bin/translation_de.o
 .rodata.dialog_entry_DIALOG_168
                0x000000001b0010a4        0xc build/us_n64/bin/translation_de.o
 .rodata.dialog_entry_DIALOG_167
                0x000000001b0010b0        0xc build/us_n64/bin/translation_de.o
 .rodata.dialog_entry_DIALOG_166
                0x000000001b0010bc        0xc build/us_n64/bin/translation_de.o
 .rodata.dialog_entry_DIALOG_165
                0x000000001b0010c8        0xc build/us_n64/bin/translation_de.o
 .rodata.dialog_entry_DIALOG_164
                0x000000001b0010d4        0xc build/us_n64/bin/translation_de.o
 .rodata.dialog_entry_DIALOG_163
                0x000000001b0010e0        0xc build/us_n64/bin/translation_de.o
 .rodata.dialog_entry_DIALOG_162
                0x000000001b0010ec        0xc build/us_n64/bin/translation_de.o
 .rodata.dialog_entry_DIALOG_161
                0x000000001b0010f8        0xc build/us_n64/bin/translation_de.o
 .rodata.dialog_entry_DIALOG_160
                0x000000001b001104        0xc build/us_n64/bin/translation_de.o
 .rodata.dialog_entry_DIALOG_159
                0x000000001b001110        0xc build/us_n64/bin/translation_de.o
 .rodata.dialog_entry_DIALOG_158
                0x000000001b00111c        0xc build/us_n64/bin/translation_de.o
 .rodata.dialog_entry_DIALOG_157
                0x000000001b001128        0xc build/us_n64/bin/translation_de.o
 .rodata.dialog_entry_DIALOG_156
                0x000000001b001134        0xc build/us_n64/bin/translation_de.o
 .rodata.dialog_entry_DIALOG_155
                0x000000001b001140        0xc build/us_n64/bin/translation_de.o
 .rodata.dialog_entry_DIALOG_154
                0x000000001b00114c        0xc build/us_n64/bin/translation_de.o
 .rodata.dialog_entry_DIALOG_153
                0x000000001b001158        0xc build/us_n64/bin/translation_de.o
 .rodata.dialog_entry_DIALOG_152
                0x000000001b001164        0xc build/us_n64/bin/translation_de.o
 .rodata.dialog_entry_DIALOG_151
                0x000000001b001170        0xc build/us_n64/bin/translation_de.o
 .rodata.dialog_entry_DIALOG_150
                0x000000001b00117c        0xc build/us_n64/bin/translation_de.o
 .rodata.dialog_entry_DIALOG_149
                0x000000001b001188        0xc build/us_n64/bin/translation_de.o
 .rodata.dialog_entry_DIALOG_148
                0x000000001b001194        0xc build/us_n64/bin/translation_de.o
 .rodata.dialog_entry_DIALOG_147
                0x000000001b0011a0        0xc build/us_n64/bin/translation_de.o
 .rodata.dialog_entry_DIALOG_146
                0x000000001b0011ac        0xc build/us_n64/bin/translation_de.o
 .rodata.dialog_entry_DIALOG_145
                0x000000001b0011b8        0xc build/us_n64/bin/translation_de.o
 .rodata.dialog_entry_DIALOG_144
                0x000000001b0011c4        0xc build/us_n64/bin/translation_de.o
 .rodata.dialog_entry_DIALOG_143
                0x000000001b0011d0        0xc build/us_n64/bin/translation_de.o
 .rodata.dialog_entry_DIALOG_142
                0x000000001b0011dc        0xc build/us_n64/bin/translation_de.o
 .rodata.dialog_entry_DIALOG_141
                0x000000001b0011e8        0xc build/us_n64/bin/translation_de.o
 .rodata.dialog_entry_DIALOG_140
                0x000000001b0011f4        0xc build/us_n64/bin/translation_de.o
 .rodata.dialog_entry_DIALOG_139
                0x000000001b001200        0xc build/us_n64/bin/translation_de.o
 .rodata.dialog_entry_DIALOG_138
                0x000000001b00120c        0xc build/us_n64/bin/translation_de.o
 .rodata.dialog_entry_DIALOG_137
                0x000000001b001218        0xc build/us_n64/bin/translation_de.o
 .rodata.dialog_entry_DIALOG_136
                0x000000001b001224        0xc build/us_n64/bin/translation_de.o
 .rodata.dialog_entry_DIALOG_135
                0x000000001b001230        0xc build/us_n64/bin/translation_de.o
 .rodata.dialog_entry_DIALOG_134
                0x000000001b00123c        0xc build/us_n64/bin/translation_de.o
 .rodata.dialog_entry_DIALOG_133
                0x000000001b001248        0xc build/us_n64/bin/translation_de.o
 .rodata.dialog_entry_DIALOG_132
                0x000000001b001254        0xc build/us_n64/bin/translation_de.o
 .rodata.dialog_entry_DIALOG_131
                0x000000001b001260        0xc build/us_n64/bin/translation_de.o
 .rodata.dialog_entry_DIALOG_130
                0x000000001b00126c        0xc build/us_n64/bin/translation_de.o
 .rodata.dialog_entry_DIALOG_129
                0x000000001b001278        0xc build/us_n64/bin/translation_de.o
 .rodata.dialog_entry_DIALOG_128
                0x000000001b001284        0xc build/us_n64/bin/translation_de.o
 .rodata.dialog_entry_DIALOG_127
                0x000000001b001290        0xc build/us_n64/bin/translation_de.o
 .rodata.dialog_entry_DIALOG_126
                0x000000001b00129c        0xc build/us_n64/bin/translation_de.o
 .rodata.dialog_entry_DIALOG_125
                0x000000001b0012a8        0xc build/us_n64/bin/translation_de.o
 .rodata.dialog_entry_DIALOG_124
                0x000000001b0012b4        0xc build/us_n64/bin/translation_de.o
 .rodata.dialog_entry_DIALOG_123
                0x000000001b0012c0        0xc build/us_n64/bin/translation_de.o
 .rodata.dialog_entry_DIALOG_122
                0x000000001b0012cc        0xc build/us_n64/bin/translation_de.o
 .rodata.dialog_entry_DIALOG_121
                0x000000001b0012d8        0xc build/us_n64/bin/translation_de.o
 .rodata.dialog_entry_DIALOG_120
                0x000000001b0012e4        0xc build/us_n64/bin/translation_de.o
 .rodata.dialog_entry_DIALOG_119
                0x000000001b0012f0        0xc build/us_n64/bin/translation_de.o
 .rodata.dialog_entry_DIALOG_118
                0x000000001b0012fc        0xc build/us_n64/bin/translation_de.o
 .rodata.dialog_entry_DIALOG_117
                0x000000001b001308        0xc build/us_n64/bin/translation_de.o
 .rodata.dialog_entry_DIALOG_116
                0x000000001b001314        0xc build/us_n64/bin/translation_de.o
 .rodata.dialog_entry_DIALOG_115
                0x000000001b001320        0xc build/us_n64/bin/translation_de.o
 .rodata.dialog_entry_DIALOG_114
                0x000000001b00132c        0xc build/us_n64/bin/translation_de.o
 .rodata.dialog_entry_DIALOG_113
                0x000000001b001338        0xc build/us_n64/bin/translation_de.o
 .rodata.dialog_entry_DIALOG_112
                0x000000001b001344        0xc build/us_n64/bin/translation_de.o
 .rodata.dialog_entry_DIALOG_111
                0x000000001b001350        0xc build/us_n64/bin/translation_de.o
 .rodata.dialog_entry_DIALOG_110
                0x000000001b00135c        0xc build/us_n64/bin/translation_de.o
 .rodata.dialog_entry_DIALOG_109
                0x000000001b001368        0xc build/us_n64/bin/translation_de.o
 .rodata.dialog_entry_DIALOG_108
                0x000000001b001374        0xc build/us_n64/bin/translation_de.o
 .rodata.dialog_entry_DIALOG_107
                0x000000001b001380        0xc build/us_n64/bin/translation_de.o
 .rodata.dialog_entry_DIALOG_106
                0x000000001b00138c        0xc build/us_n64/bin/translation_de.o
 .rodata.dialog_entry_DIALOG_105
                0x000000001b001398        0xc build/us_n64/bin/translation_de.o
 .rodata.dialog_entry_DIALOG_104
                0x000000001b0013a4        0xc build/us_n64/bin/translation_de.o
 .rodata.dialog_entry_DIALOG_103
                0x000000001b0013b0        0xc build/us_n64/bin/translation_de.o
 .rodata.dialog_entry_DIALOG_102
                0x000000001b0013bc        0xc build/us_n64/bin/translation_de.o
 .rodata.dialog_entry_DIALOG_101
                0x000000001b0013c8        0xc build/us_n64/bin/translation_de.o
 .rodata.dialog_entry_DIALOG_100
                0x000000001b0013d4        0xc build/us_n64/bin/translation_de.o
 .rodata.dialog_entry_DIALOG_099
                0x000000001b0013e0        0xc build/us_n64/bin/translation_de.o
 .rodata.dialog_entry_DIALOG_098
                0x000000001b0013ec        0xc build/us_n64/bin/translation_de.o
 .rodata.dialog_entry_DIALOG_097
                0x000000001b0013f8        0xc build/us_n64/bin/translation_de.o
 .rodata.dialog_entry_DIALOG_096
                0x000000001b001404        0xc build/us_n64/bin/translation_de.o
 .rodata.dialog_entry_DIALOG_095
                0x000000001b001410        0xc build/us_n64/bin/translation_de.o
 .rodata.dialog_entry_DIALOG_094
                0x000000001b00141c        0xc build/us_n64/bin/translation_de.o
 .rodata.dialog_entry_DIALOG_093
                0x000000001b001428        0xc build/us_n64/bin/translation_de.o
 .rodata.dialog_entry_DIALOG_092
                0x000000001b001434        0xc build/us_n64/bin/translation_de.o
 .rodata.dialog_entry_DIALOG_091
                0x000000001b001440        0xc build/us_n64/bin/translation_de.o
 .rodata.dialog_entry_DIALOG_090
                0x000000001b00144c        0xc build/us_n64/bin/translation_de.o
 .rodata.dialog_entry_DIALOG_089
                0x000000001b001458        0xc build/us_n64/bin/translation_de.o
 .rodata.dialog_entry_DIALOG_088
                0x000000001b001464        0xc build/us_n64/bin/translation_de.o
 .rodata.dialog_entry_DIALOG_087
                0x000000001b001470        0xc build/us_n64/bin/translation_de.o
 .rodata.dialog_entry_DIALOG_086
                0x000000001b00147c        0xc build/us_n64/bin/translation_de.o
 .rodata.dialog_entry_DIALOG_085
                0x000000001b001488        0xc build/us_n64/bin/translation_de.o
 .rodata.dialog_entry_DIALOG_084
                0x000000001b001494        0xc build/us_n64/bin/translation_de.o
 .rodata.dialog_entry_DIALOG_083
                0x000000001b0014a0        0xc build/us_n64/bin/translation_de.o
 .rodata.dialog_entry_DIALOG_082
                0x000000001b0014ac        0xc build/us_n64/bin/translation_de.o
 .rodata.dialog_entry_DIALOG_081
                0x000000001b0014b8        0xc build/us_n64/bin/translation_de.o
 .rodata.dialog_entry_DIALOG_080
                0x000000001b0014c4        0xc build/us_n64/bin/translation_de.o
 .rodata.dialog_entry_DIALOG_079
                0x000000001b0014d0        0xc build/us_n64/bin/translation_de.o
 .rodata.dialog_entry_DIALOG_078
                0x000000001b0014dc        0xc build/us_n64/bin/translation_de.o
 .rodata.dialog_entry_DIALOG_077
                0x000000001b0014e8        0xc build/us_n64/bin/translation_de.o
 .rodata.dialog_entry_DIALOG_076
                0x000000001b0014f4        0xc build/us_n64/bin/translation_de.o
 .rodata.dialog_entry_DIALOG_075
                0x000000001b001500        0xc build/us_n64/bin/translation_de.o
 .rodata.dialog_entry_DIALOG_074
                0x000000001b00150c        0xc build/us_n64/bin/translation_de.o
 .rodata.dialog_entry_DIALOG_073
                0x000000001b001518        0xc build/us_n64/bin/translation_de.o
 .rodata.dialog_entry_DIALOG_072
                0x000000001b001524        0xc build/us_n64/bin/translation_de.o
 .rodata.dialog_entry_DIALOG_071
                0x000000001b001530        0xc build/us_n64/bin/translation_de.o
 .rodata.dialog_entry_DIALOG_070
                0x000000001b00153c        0xc build/us_n64/bin/translation_de.o
 .rodata.dialog_entry_DIALOG_069
                0x000000001b001548        0xc build/us_n64/bin/translation_de.o
 .rodata.dialog_entry_DIALOG_068
                0x000000001b001554        0xc build/us_n64/bin/translation_de.o
 .rodata.dialog_entry_DIALOG_067
                0x000000001b001560        0xc build/us_n64/bin/translation_de.o
 .rodata.dialog_entry_DIALOG_066
                0x000000001b00156c        0xc build/us_n64/bin/translation_de.o
 .rodata.dialog_entry_DIALOG_065
                0x000000001b001578        0xc build/us_n64/bin/translation_de.o
 .rodata.dialog_entry_DIALOG_064
                0x000000001b001584        0xc build/us_n64/bin/translation_de.o
 .rodata.dialog_entry_DIALOG_063
                0x000000001b001590        0xc build/us_n64/bin/translation_de.o
 .rodata.dialog_entry_DIALOG_062
                0x000000001b00159c        0xc build/us_n64/bin/translation_de.o
 .rodata.dialog_entry_DIALOG_061
                0x000000001b0015a8        0xc build/us_n64/bin/translation_de.o
 .rodata.dialog_entry_DIALOG_060
                0x000000001b0015b4        0xc build/us_n64/bin/translation_de.o
 .rodata.dialog_entry_DIALOG_059
                0x000000001b0015c0        0xc build/us_n64/bin/translation_de.o
 .rodata.dialog_entry_DIALOG_058
                0x000000001b0015cc        0xc build/us_n64/bin/translation_de.o
 .rodata.dialog_entry_DIALOG_057
                0x000000001b0015d8        0xc build/us_n64/bin/translation_de.o
 .rodata.dialog_entry_DIALOG_056
                0x000000001b0015e4        0xc build/us_n64/bin/translation_de.o
 .rodata.dialog_entry_DIALOG_055
                0x000000001b0015f0        0xc build/us_n64/bin/translation_de.o
 .rodata.dialog_entry_DIALOG_054
                0x000000001b0015fc        0xc build/us_n64/bin/translation_de.o
 .rodata.dialog_entry_DIALOG_053
                0x000000001b001608        0xc build/us_n64/bin/translation_de.o
 .rodata.dialog_entry_DIALOG_052
                0x000000001b001614        0xc build/us_n64/bin/translation_de.o
 .rodata.dialog_entry_DIALOG_051
                0x000000001b001620        0xc build/us_n64/bin/translation_de.o
 .rodata.dialog_entry_DIALOG_050
                0x000000001b00162c        0xc build/us_n64/bin/translation_de.o
 .rodata.dialog_entry_DIALOG_049
                0x000000001b001638        0xc build/us_n64/bin/translation_de.o
 .rodata.dialog_entry_DIALOG_048
                0x000000001b001644        0xc build/us_n64/bin/translation_de.o
 .rodata.dialog_entry_DIALOG_047
                0x000000001b001650        0xc build/us_n64/bin/translation_de.o
 .rodata.dialog_entry_DIALOG_046
                0x000000001b00165c        0xc build/us_n64/bin/translation_de.o
 .rodata.dialog_entry_DIALOG_045
                0x000000001b001668        0xc build/us_n64/bin/translation_de.o
 .rodata.dialog_entry_DIALOG_044
                0x000000001b001674        0xc build/us_n64/bin/translation_de.o
 .rodata.dialog_entry_DIALOG_043
                0x000000001b001680        0xc build/us_n64/bin/translation_de.o
 .rodata.dialog_entry_DIALOG_042
                0x000000001b00168c        0xc build/us_n64/bin/translation_de.o
 .rodata.dialog_entry_DIALOG_041
                0x000000001b001698        0xc build/us_n64/bin/translation_de.o
 .rodata.dialog_entry_DIALOG_040
                0x000000001b0016a4        0xc build/us_n64/bin/translation_de.o
 .rodata.dialog_entry_DIALOG_039
                0x000000001b0016b0        0xc build/us_n64/bin/translation_de.o
 .rodata.dialog_entry_DIALOG_038
                0x000000001b0016bc        0xc build/us_n64/bin/translation_de.o
 .rodata.dialog_entry_DIALOG_037
                0x000000001b0016c8        0xc build/us_n64/bin/translation_de.o
 .rodata.dialog_entry_DIALOG_036
                0x000000001b0016d4        0xc build/us_n64/bin/translation_de.o
 .rodata.dialog_entry_DIALOG_035
                0x000000001b0016e0        0xc build/us_n64/bin/translation_de.o
 .rodata.dialog_entry_DIALOG_034
                0x000000001b0016ec        0xc build/us_n64/bin/translation_de.o
 .rodata.dialog_entry_DIALOG_033
                0x000000001b0016f8        0xc build/us_n64/bin/translation_de.o
 .rodata.dialog_entry_DIALOG_032
                0x000000001b001704        0xc build/us_n64/bin/translation_de.o
 .rodata.dialog_entry_DIALOG_031
                0x000000001b001710        0xc build/us_n64/bin/translation_de.o
 .rodata.dialog_entry_DIALOG_030
                0x000000001b00171c        0xc build/us_n64/bin/translation_de.o
 .rodata.dialog_entry_DIALOG_029
                0x000000001b001728        0xc build/us_n64/bin/translation_de.o
 .rodata.dialog_entry_DIALOG_028
                0x000000001b001734        0xc build/us_n64/bin/translation_de.o
 .rodata.dialog_entry_DIALOG_027
                0x000000001b001740        0xc build/us_n64/bin/translation_de.o
 .rodata.dialog_entry_DIALOG_026
                0x000000001b00174c        0xc build/us_n64/bin/translation_de.o
 .rodata.dialog_entry_DIALOG_025
                0x000000001b001758        0xc build/us_n64/bin/translation_de.o
 .rodata.dialog_entry_DIALOG_024
                0x000000001b001764        0xc build/us_n64/bin/translation_de.o
 .rodata.dialog_entry_DIALOG_023
                0x000000001b001770        0xc build/us_n64/bin/translation_de.o
 .rodata.dialog_entry_DIALOG_022
                0x000000001b00177c        0xc build/us_n64/bin/translation_de.o
 .rodata.dialog_entry_DIALOG_021
                0x000000001b001788        0xc build/us_n64/bin/translation_de.o
 .rodata.dialog_entry_DIALOG_020
                0x000000001b001794        0xc build/us_n64/bin/translation_de.o
 .rodata.dialog_entry_DIALOG_019
                0x000000001b0017a0        0xc build/us_n64/bin/translation_de.o
 .rodata.dialog_entry_DIALOG_018
                0x000000001b0017ac        0xc build/us_n64/bin/translation_de.o
 .rodata.dialog_entry_DIALOG_017
                0x000000001b0017b8        0xc build/us_n64/bin/translation_de.o
 .rodata.dialog_entry_DIALOG_016
                0x000000001b0017c4        0xc build/us_n64/bin/translation_de.o
 .rodata.dialog_entry_DIALOG_015
                0x000000001b0017d0        0xc build/us_n64/bin/translation_de.o
 .rodata.dialog_entry_DIALOG_014
                0x000000001b0017dc        0xc build/us_n64/bin/translation_de.o
 .rodata.dialog_entry_DIALOG_013
                0x000000001b0017e8        0xc build/us_n64/bin/translation_de.o
 .rodata.dialog_entry_DIALOG_012
                0x000000001b0017f4        0xc build/us_n64/bin/translation_de.o
 .rodata.dialog_entry_DIALOG_011
                0x000000001b001800        0xc build/us_n64/bin/translation_de.o
 .rodata.dialog_entry_DIALOG_010
                0x000000001b00180c        0xc build/us_n64/bin/translation_de.o
 .rodata.dialog_entry_DIALOG_009
                0x000000001b001818        0xc build/us_n64/bin/translation_de.o
 .rodata.dialog_entry_DIALOG_008
                0x000000001b001824        0xc build/us_n64/bin/translation_de.o
 .rodata.dialog_entry_DIALOG_007
                0x000000001b001830        0xc build/us_n64/bin/translation_de.o
 .rodata.dialog_entry_DIALOG_006
                0x000000001b00183c        0xc build/us_n64/bin/translation_de.o
 .rodata.dialog_entry_DIALOG_005
                0x000000001b001848        0xc build/us_n64/bin/translation_de.o
 .rodata.dialog_entry_DIALOG_004
                0x000000001b001854        0xc build/us_n64/bin/translation_de.o
 .rodata.dialog_entry_DIALOG_003
                0x000000001b001860        0xc build/us_n64/bin/translation_de.o
 .rodata.dialog_entry_DIALOG_002
                0x000000001b00186c        0xc build/us_n64/bin/translation_de.o
 .rodata.dialog_entry_DIALOG_001
                0x000000001b001878        0xc build/us_n64/bin/translation_de.o
 .rodata.dialog_entry_DIALOG_000
                0x000000001b001884        0xc build/us_n64/bin/translation_de.o
 .rodata.dialog_text_DIALOG_169
                0x000000001b001890       0xaf build/us_n64/bin/translation_de.o
 *fill*         0x000000001b00193f        0x1 
 .rodata.dialog_text_DIALOG_168
                0x000000001b001940       0x5b build/us_n64/bin/translation_de.o
 *fill*         0x000000001b00199b        0x1 
 .rodata.dialog_text_DIALOG_167
                0x000000001b00199c      0x151 build/us_n64/bin/translation_de.o
 *fill*         0x000000001b001aed        0x3 
 .rodata.dialog_text_DIALOG_166
                0x000000001b001af0       0x5c build/us_n64/bin/translation_de.o
 .rodata.dialog_text_DIALOG_165
                0x000000001b001b4c       0x51 build/us_n64/bin/translation_de.o
 *fill*         0x000000001b001b9d        0x3 
 .rodata.dialog_text_DIALOG_164
                0x000000001b001ba0       0xdc build/us_n64/bin/translation_de.o
 .rodata.dialog_text_DIALOG_163
                0x000000001b001c7c      0x1cc build/us_n64/bin/translation_de.o
 .rodata.dialog_text_DIALOG_162
                0x000000001b001e48       0xbd build/us_n64/bin/translation_de.o
 *fill*         0x000000001b001f05        0x3 
 .rodata.dialog_text_DIALOG_161
                0x000000001b001f08      0x37c build/us_n64/bin/translation_de.o
 .rodata.dialog_text_DIALOG_160
                0x000000001b002284       0x81 build/us_n64/bin/translation_de.o
 *fill*         0x000000001b002305        0x3 
 .rodata.dialog_text_DIALOG_159
                0x000000001b002308       0xb4 build/us_n64/bin/translation_de.o
 .rodata.dialog_text_DIALOG_158
                0x000000001b0023bc      0x121 build/us_n64/bin/translation_de.o
 *fill*         0x000000001b0024dd        0x3 
 .rodata.dialog_text_DIALOG_157
                0x000000001b0024e0       0xed build/us_n64/bin/translation_de.o
 *fill*         0x000000001b0025cd        0x3 
 .rodata.dialog_text_DIALOG_156
                0x000000001b0025d0       0x55 build/us_n64/bin/translation_de.o
 *fill*         0x000000001b002625        0x3 
 .rodata.dialog_text_DIALOG_155
                0x000000001b002628      0x1cd build/us_n64/bin/translation_de.o
 *fill*         0x000000001b0027f5        0x3 
 .rodata.dialog_text_DIALOG_154
                0x000000001b0027f8       0x88 build/us_n64/bin/translation_de.o
 .rodata.dialog_text_DIALOG_153
                0x000000001b002880       0xbc build/us_n64/bin/translation_de.o
 .rodata.dialog_text_DIALOG_152
                0x000000001b00293c       0xa8 build/us_n64/bin/translation_de.o
 .rodata.dialog_text_DIALOG_151
                0x000000001b0029e4       0xdf build/us_n64/bin/translation_de.o
 *fill*         0x000000001b002ac3        0x1 
 .rodata.dialog_text_DIALOG_150
                0x000000001b002ac4       0xe0 build/us_n64/bin/translation_de.o
 .rodata.dialog_text_DIALOG_149
                0x000000001b002ba4       0xd8 build/us_n64/bin/translation_de.o
 .rodata.dialog_text_DIALOG_148
                0x000000001b002c7c       0xb3 build/us_n64/bin/translation_de.o
 *fill*         0x000000001b002d2f        0x1 
 .rodata.dialog_text_DIALOG_147
                0x000000001b002d30      0x158 build/us_n64/bin/translation_de.o
 .rodata.dialog_text_DIALOG_146
                0x000000001b002e88       0x87 build/us_n64/bin/translation_de.o
 *fill*         0x000000001b002f0f        0x1 
 .rodata.dialog_text_DIALOG_145
                0x000000001b002f10       0xc5 build/us_n64/bin/translation_de.o
 *fill*         0x000000001b002fd5        0x3 
 .rodata.dialog_text_DIALOG_144
                0x000000001b002fd8      0x15c build/us_n64/bin/translation_de.o
 .rodata.dialog_text_DIALOG_143
                0x000000001b003134       0x7f build/us_n64/bin/translation_de.o
 *fill*         0x000000001b0031b3        0x1 
 .rodata.dialog_text_DIALOG_142
                0x000000001b0031b4       0xee build/us_n64/bin/translation_de.o
 *fill*         0x000000001b0032a2        0x2 
 .rodata.dialog_text_DIALOG_141
                0x000000001b0032a4      0x136 build/us_n64/bin/translation_de.o
 *fill*         0x000000001b0033da        0x2 
 .rodata.dialog_text_DIALOG_140
                0x000000001b0033dc       0x65 build/us_n64/bin/translation_de.o
 *fill*         0x000000001b003441        0x3 
 .rodata.dialog_text_DIALOG_139
                0x000000001b003444       0xb1 build/us_n64/bin/translation_de.o
 *fill*         0x000000001b0034f5        0x3 
 .rodata.dialog_text_DIALOG_138
                0x000000001b0034f8       0x54 build/us_n64/bin/translation_de.o
 .rodata.dialog_text_DIALOG_137
                0x000000001b00354c       0xd2 build/us_n64/bin/translation_de.o
 *fill*         0x000000001b00361e        0x2 
 .rodata.dialog_text_DIALOG_136
                0x000000001b003620      0x23d build/us_n64/bin/translation_de.o
 *fill*         0x000000001b00385d        0x3 
 .rodata.dialog_text_DIALOG_135
                0x000000001b003860      0x15b build/us_n64/bin/translation_de.o
 *fill*         0x000000001b0039bb        0x1 
 .rodata.dialog_text_DIALOG_134
                0x000000001b0039bc      0x114 build/us_n64/bin/translation_de.o
 .rodata.dialog_text_DIALOG_133
                0x000000001b003ad0      0x23f build/us_n64/bin/translation_de.o
 *fill*         0x000000001b003d0f        0x1 
 .rodata.dialog_text_DIALOG_132
                0x000000001b003d10       0x7e build/us_n64/bin/translation_de.o
 *fill*         0x000000001b003d8e        0x2 
 .rodata.dialog_text_DIALOG_131
                0x000000001b003d90      0x166 build/us_n64/bin/translation_de.o
 *fill*         0x000000001b003ef6        0x2 
 .rodata.dialog_text_DIALOG_130
                0x000000001b003ef8      0x11b build/us_n64/bin/translation_de.o
 *fill*         0x000000001b004013        0x1 
 .rodata.dialog_text_DIALOG_129
                0x000000001b004014      0x10a build/us_n64/bin/translation_de.o
 *fill*         0x000000001b00411e        0x2 
 .rodata.dialog_text_DIALOG_128
                0x000000001b004120       0x51 build/us_n64/bin/translation_de.o
 *fill*         0x000000001b004171        0x3 
 .rodata.dialog_text_DIALOG_127
                0x000000001b004174       0xb1 build/us_n64/bin/translation_de.o
 *fill*         0x000000001b004225        0x3 
 .rodata.dialog_text_DIALOG_126
                0x000000001b004228       0x41 build/us_n64/bin/translation_de.o
 *fill*         0x000000001b004269        0x3 
 .rodata.dialog_text_DIALOG_125
                0x000000001b00426c       0x4a build/us_n64/bin/translation_de.o
 *fill*         0x000000001b0042b6        0x2 
 .rodata.dialog_text_DIALOG_124
                0x000000001b0042b8       0x62 build/us_n64/bin/translation_de.o
 *fill*         0x000000001b00431a        0x2 
 .rodata.dialog_text_DIALOG_123
                0x000000001b00431c       0x3a build/us_n64/bin/translation_de.o
 *fill*         0x000000001b004356        0x2 
 .rodata.dialog_text_DIALOG_122
                0x000000001b004358       0x4f build/us_n64/bin/translation_de.o
 *fill*         0x000000001b0043a7        0x1 
 .rodata.dialog_text_DIALOG_121
                0x000000001b0043a8      0x10c build/us_n64/bin/translation_de.o
 .rodata.dialog_text_DIALOG_120
                0x000000001b0044b4      0x10c build/us_n64/bin/translation_de.o
 .rodata.dialog_text_DIALOG_119
                0x000000001b0045c0      0x10d build/us_n64/bin/translation_de.o
 *fill*         0x000000001b0046cd        0x3 
 .rodata.dialog_text_DIALOG_118
                0x000000001b0046d0       0x86 build/us_n64/bin/translation_de.o
 *fill*         0x000000001b004756        0x2 
 .rodata.dialog_text_DIALOG_117
                0x000000001b004758       0xf0 build/us_n64/bin/translation_de.o
 .rodata.dialog_text_DIALOG_116
                0x000000001b004848      0x145 build/us_n64/bin/translation_de.o
 *fill*         0x000000001b00498d        0x3 
 .rodata.dialog_text_DIALOG_115
                0x000000001b004990       0x61 build/us_n64/bin/translation_de.o
 *fill*         0x000000001b0049f1        0x3 
 .rodata.dialog_text_DIALOG_114
                0x000000001b0049f4       0x9e build/us_n64/bin/translation_de.o
 *fill*         0x000000001b004a92        0x2 
 .rodata.dialog_text_DIALOG_113
                0x000000001b004a94       0x9b build/us_n64/bin/translation_de.o
 *fill*         0x000000001b004b2f        0x1 
 .rodata.dialog_text_DIALOG_112
                0x000000001b004b30      0x159 build/us_n64/bin/translation_de.o
 *fill*         0x000000001b004c89        0x3 
 .rodata.dialog_text_DIALOG_111
                0x000000001b004c8c       0x74 build/us_n64/bin/translation_de.o
 .rodata.dialog_text_DIALOG_110
                0x000000001b004d00       0x6e build/us_n64/bin/translation_de.o
 *fill*         0x000000001b004d6e        0x2 
 .rodata.dialog_text_DIALOG_109
                0x000000001b004d70       0xad build/us_n64/bin/translation_de.o
 *fill*         0x000000001b004e1d        0x3 
 .rodata.dialog_text_DIALOG_108
                0x000000001b004e20       0x7b build/us_n64/bin/translation_de.o
 *fill*         0x000000001b004e9b        0x1 
 .rodata.dialog_text_DIALOG_107
                0x000000001b004e9c       0x52 build/us_n64/bin/translation_de.o
 *fill*         0x000000001b004eee        0x2 
 .rodata.dialog_text_DIALOG_106
                0x000000001b004ef0       0x31 build/us_n64/bin/translation_de.o
 *fill*         0x000000001b004f21        0x3 
 .rodata.dialog_text_DIALOG_105
                0x000000001b004f24       0xe4 build/us_n64/bin/translation_de.o
 .rodata.dialog_text_DIALOG_104
                0x000000001b005008       0x59 build/us_n64/bin/translation_de.o
 *fill*         0x000000001b005061        0x3 
 .rodata.dialog_text_DIALOG_103
                0x000000001b005064       0x6a build/us_n64/bin/translation_de.o
 *fill*         0x000000001b0050ce        0x2 
 .rodata.dialog_text_DIALOG_102
                0x000000001b0050d0       0xe3 build/us_n64/bin/translation_de.o
 *fill*         0x000000001b0051b3        0x1 
 .rodata.dialog_text_DIALOG_101
                0x000000001b0051b4       0x6f build/us_n64/bin/translation_de.o
 *fill*         0x000000001b005223        0x1 
 .rodata.dialog_text_DIALOG_100
                0x000000001b005224       0x35 build/us_n64/bin/translation_de.o
 *fill*         0x000000001b005259        0x3 
 .rodata.dialog_text_DIALOG_099
                0x000000001b00525c        0x1 build/us_n64/bin/translation_de.o
 *fill*         0x000000001b00525d        0x3 
 .rodata.dialog_text_DIALOG_098
                0x000000001b005260       0x19 build/us_n64/bin/translation_de.o
 *fill*         0x000000001b005279        0x3 
 .rodata.dialog_text_DIALOG_097
                0x000000001b00527c       0x84 build/us_n64/bin/translation_de.o
 .rodata.dialog_text_DIALOG_096
                0x000000001b005300       0xab build/us_n64/bin/translation_de.o
 *fill*         0x000000001b0053ab        0x1 
 .rodata.dialog_text_DIALOG_095
                0x000000001b0053ac       0x7d build/us_n64/bin/translation_de.o
 *fill*         0x000000001b005429        0x3 
 .rodata.dialog_text_DIALOG_094
                0x000000001b00542c       0x5f build/us_n64/bin/translation_de.o
 *fill*         0x000000001b00548b        0x1 
 .rodata.dialog_text_DIALOG_093
                0x000000001b00548c      0x113 build/us_n64/bin/translation_de.o
 *fill*         0x000000001b00559f        0x1 
 .rodata.dialog_text_DIALOG_092
                0x000000001b0055a0      0x10a build/us_n64/bin/translation_de.o
 *fill*         0x000000001b0056aa        0x2 
 .rodata.dialog_text_DIALOG_091
                0x000000001b0056ac       0x4a build/us_n64/bin/translation_de.o
 *fill*         0x000000001b0056f6        0x2 
 .rodata.dialog_text_DIALOG_090
                0x000000001b0056f8       0x79 build/us_n64/bin/translation_de.o
 *fill*         0x000000001b005771        0x3 
 .rodata.dialog_text_DIALOG_089
                0x000000001b005774       0xa7 build/us_n64/bin/translation_de.o
 *fill*         0x000000001b00581b        0x1 
 .rodata.dialog_text_DIALOG_088
                0x000000001b00581c       0x2f build/us_n64/bin/translation_de.o
 *fill*         0x000000001b00584b        0x1 
 .rodata.dialog_text_DIALOG_087
                0x000000001b00584c       0x48 build/us_n64/bin/translation_de.o
 .rodata.dialog_text_DIALOG_086
                0x000000001b005894       0x43 build/us_n64/bin/translation_de.o
 *fill*         0x000000001b0058d7        0x1 
 .rodata.dialog_text_DIALOG_085
                0x000000001b0058d8       0x64 build/us_n64/bin/translation_de.o
 .rodata.dialog_text_DIALOG_084
                0x000000001b00593c       0xd3 build/us_n64/bin/translation_de.o
 *fill*         0x000000001b005a0f        0x1 
 .rodata.dialog_text_DIALOG_083
                0x000000001b005a10       0x80 build/us_n64/bin/translation_de.o
 .rodata.dialog_text_DIALOG_082
                0x000000001b005a90      0x1c5 build/us_n64/bin/translation_de.o
 *fill*         0x000000001b005c55        0x3 
 .rodata.dialog_text_DIALOG_081
                0x000000001b005c58       0x77 build/us_n64/bin/translation_de.o
 *fill*         0x000000001b005ccf        0x1 
 .rodata.dialog_text_DIALOG_080
                0x000000001b005cd0       0x33 build/us_n64/bin/translation_de.o
 *fill*         0x000000001b005d03        0x1 
 .rodata.dialog_text_DIALOG_079
                0x000000001b005d04       0xe6 build/us_n64/bin/translation_de.o
 *fill*         0x000000001b005dea        0x2 
 .rodata.dialog_text_DIALOG_078
                0x000000001b005dec       0xe9 build/us_n64/bin/translation_de.o
 *fill*         0x000000001b005ed5        0x3 
 .rodata.dialog_text_DIALOG_077
                0x000000001b005ed8       0x54 build/us_n64/bin/translation_de.o
 .rodata.dialog_text_DIALOG_076
                0x000000001b005f2c      0x242 build/us_n64/bin/translation_de.o
 *fill*         0x000000001b00616e        0x2 
 .rodata.dialog_text_DIALOG_075
                0x000000001b006170      0x297 build/us_n64/bin/translation_de.o
 *fill*         0x000000001b006407        0x1 
 .rodata.dialog_text_DIALOG_074
                0x000000001b006408       0xd1 build/us_n64/bin/translation_de.o
 *fill*         0x000000001b0064d9        0x3 
 .rodata.dialog_text_DIALOG_073
                0x000000001b0064dc       0xda build/us_n64/bin/translation_de.o
 *fill*         0x000000001b0065b6        0x2 
 .rodata.dialog_text_DIALOG_072
                0x000000001b0065b8       0x79 build/us_n64/bin/translation_de.o
 *fill*         0x000000001b006631        0x3 
 .rodata.dialog_text_DIALOG_071
                0x000000001b006634       0xfe build/us_n64/bin/translation_de.o
 *fill*         0x000000001b006732        0x2 
 .rodata.dialog_text_DIALOG_070
                0x000000001b006734      0x220 build/us_n64/bin/translation_de.o
 .rodata.dialog_text_DIALOG_069
                0x000000001b006954       0xbe build/us_n64/bin/translation_de.o
 *fill*         0x000000001b006a12        0x2 
 .rodata.dialog_text_DIALOG_068
                0x000000001b006a14       0xe0 build/us_n64/bin/translation_de.o
 .rodata.dialog_text_DIALOG_067
                0x000000001b006af4      0x162 build/us_n64/bin/translation_de.o
 *fill*         0x000000001b006c56        0x2 
 .rodata.dialog_text_DIALOG_066
                0x000000001b006c58      0x21c build/us_n64/bin/translation_de.o
 .rodata.dialog_text_DIALOG_065
                0x000000001b006e74      0x2b3 build/us_n64/bin/translation_de.o
 *fill*         0x000000001b007127        0x1 
 .rodata.dialog_text_DIALOG_064
                0x000000001b007128      0x157 build/us_n64/bin/translation_de.o
 *fill*         0x000000001b00727f        0x1 
 .rodata.dialog_text_DIALOG_063
                0x000000001b007280       0x8a build/us_n64/bin/translation_de.o
 *fill*         0x000000001b00730a        0x2 
 .rodata.dialog_text_DIALOG_062
                0x000000001b00730c       0xf4 build/us_n64/bin/translation_de.o
 .rodata.dialog_text_DIALOG_061
                0x000000001b007400       0x6e build/us_n64/bin/translation_de.o
 *fill*         0x000000001b00746e        0x2 
 .rodata.dialog_text_DIALOG_060
                0x000000001b007470      0x282 build/us_n64/bin/translation_de.o
 *fill*         0x000000001b0076f2        0x2 
 .rodata.dialog_text_DIALOG_059
                0x000000001b0076f4       0x8c build/us_n64/bin/translation_de.o
 .rodata.dialog_text_DIALOG_058
                0x000000001b007780       0xc0 build/us_n64/bin/translation_de.o
 .rodata.dialog_text_DIALOG_057
                0x000000001b007840      0x125 build/us_n64/bin/translation_de.o
 *fill*         0x000000001b007965        0x3 
 .rodata.dialog_text_DIALOG_056
                0x000000001b007968       0xe6 build/us_n64/bin/translation_de.o
 *fill*         0x000000001b007a4e        0x2 
 .rodata.dialog_text_DIALOG_055
                0x000000001b007a50      0x128 build/us_n64/bin/translation_de.o
 .rodata.dialog_text_DIALOG_054
                0x000000001b007b78       0x84 build/us_n64/bin/translation_de.o
 .rodata.dialog_text_DIALOG_053
                0x000000001b007bfc       0xea build/us_n64/bin/translation_de.o
 *fill*         0x000000001b007ce6        0x2 
 .rodata.dialog_text_DIALOG_052
                0x000000001b007ce8       0xe3 build/us_n64/bin/translation_de.o
 *fill*         0x000000001b007dcb        0x1 
 .rodata.dialog_text_DIALOG_051
                0x000000001b007dcc      0x13e build/us_n64/bin/translation_de.o
 *fill*         0x000000001b007f0a        0x2 
 .rodata.dialog_text_DIALOG_050
                0x000000001b007f0c      0x169 build/us_n64/bin/translation_de.o
 *fill*         0x000000001b008075        0x3 
 .rodata.dialog_text_DIALOG_049
                0x000000001b008078      0x126 build/us_n64/bin/translation_de.o
 *fill*         0x000000001b00819e        0x2 
 .rodata.dialog_text_DIALOG_048
                0x000000001b0081a0       0x69 build/us_n64/bin/translation_de.o
 *fill*         0x000000001b008209        0x3 
 .rodata.dialog_text_DIALOG_047
                0x000000001b00820c       0x31 build/us_n64/bin/translation_de.o
 *fill*         0x000000001b00823d        0x3 
 .rodata.dialog_text_DIALOG_046
                0x000000001b008240      0x239 build/us_n64/bin/translation_de.o
 *fill*         0x000000001b008479        0x3 
 .rodata.dialog_text_DIALOG_045
                0x000000001b00847c       0x8d build/us_n64/bin/translation_de.o
 *fill*         0x000000001b008509        0x3 
 .rodata.dialog_text_DIALOG_044
                0x000000001b00850c      0x1ba build/us_n64/bin/translation_de.o
 *fill*         0x000000001b0086c6        0x2 
 .rodata.dialog_text_DIALOG_043
                0x000000001b0086c8       0xb9 build/us_n64/bin/translation_de.o
 *fill*         0x000000001b008781        0x3 
 .rodata.dialog_text_DIALOG_042
                0x000000001b008784      0x1dc build/us_n64/bin/translation_de.o
 .rodata.dialog_text_DIALOG_041
                0x000000001b008960       0xb8 build/us_n64/bin/translation_de.o
 .rodata.dialog_text_DIALOG_040
                0x000000001b008a18       0x42 build/us_n64/bin/translation_de.o
 *fill*         0x000000001b008a5a        0x2 
 .rodata.dialog_text_DIALOG_039
                0x000000001b008a5c      0x1af build/us_n64/bin/translation_de.o
 *fill*         0x000000001b008c0b        0x1 
 .rodata.dialog_text_DIALOG_038
                0x000000001b008c0c       0x31 build/us_n64/bin/translation_de.o
 *fill*         0x000000001b008c3d        0x3 
 .rodata.dialog_text_DIALOG_037
                0x000000001b008c40       0x4f build/us_n64/bin/translation_de.o
 *fill*         0x000000001b008c8f        0x1 
 .rodata.dialog_text_DIALOG_036
                0x000000001b008c90      0x165 build/us_n64/bin/translation_de.o
 *fill*         0x000000001b008df5        0x3 
 .rodata.dialog_text_DIALOG_035
                0x000000001b008df8      0x256 build/us_n64/bin/translation_de.o
 *fill*         0x000000001b00904e        0x2 
 .rodata.dialog_text_DIALOG_034
                0x000000001b009050      0x23c build/us_n64/bin/translation_de.o
 .rodata.dialog_text_DIALOG_033
                0x000000001b00928c      0x172 build/us_n64/bin/translation_de.o
 *fill*         0x000000001b0093fe        0x2 
 .rodata.dialog_text_DIALOG_032
                0x000000001b009400       0xeb build/us_n64/bin/translation_de.o
 *fill*         0x000000001b0094eb        0x1 
 .rodata.dialog_text_DIALOG_031
                0x000000001b0094ec       0xd7 build/us_n64/bin/translation_de.o
 *fill*         0x000000001b0095c3        0x1 
 .rodata.dialog_text_DIALOG_030
                0x000000001b0095c4      0x1ea build/us_n64/bin/translation_de.o
 *fill*         0x000000001b0097ae        0x2 
 .rodata.dialog_text_DIALOG_029
                0x000000001b0097b0       0x60 build/us_n64/bin/translation_de.o
 .rodata.dialog_text_DIALOG_028
                0x000000001b009810       0x59 build/us_n64/bin/translation_de.o
 *fill*         0x000000001b009869        0x3 
 .rodata.dialog_text_DIALOG_027
                0x000000001b00986c       0x59 build/us_n64/bin/translation_de.o
 *fill*         0x000000001b0098c5        0x3 
 .rodata.dialog_text_DIALOG_026
                0x000000001b0098c8       0x5b build/us_n64/bin/translation_de.o
 *fill*         0x000000001b009923        0x1 
 .rodata.dialog_text_DIALOG_025
                0x000000001b009924       0x5b build/us_n64/bin/translation_de.o
 *fill*         0x000000001b00997f        0x1 
 .rodata.dialog_text_DIALOG_024
                0x000000001b009980       0x62 build/us_n64/bin/translation_de.o
 *fill*         0x000000001b0099e2        0x2 
 .rodata.dialog_text_DIALOG_023
                0x000000001b0099e4       0x33 build/us_n64/bin/translation_de.o
 *fill*         0x000000001b009a17        0x1 
 .rodata.dialog_text_DIALOG_022
                0x000000001b009a18       0x3f build/us_n64/bin/translation_de.o
 *fill*         0x000000001b009a57        0x1 
 .rodata.dialog_text_DIALOG_021
                0x000000001b009a58       0x6b build/us_n64/bin/translation_de.o
 *fill*         0x000000001b009ac3        0x1 
 .rodata.dialog_text_DIALOG_020
                0x000000001b009ac4       0x6c build/us_n64/bin/translation_de.o
 .rodata.dialog_text_DIALOG_019
                0x000000001b009b30       0x2d build/us_n64/bin/translation_de.o
 *fill*         0x000000001b009b5d        0x3 
 .rodata.dialog_text_DIALOG_018
                0x000000001b009b60       0x61 build/us_n64/bin/translation_de.o
 *fill*         0x000000001b009bc1        0x3 
 .rodata.dialog_text_DIALOG_017
                0x000000001b009bc4      0x1c6 build/us_n64/bin/translation_de.o
 *fill*         0x000000001b009d8a        0x2 
 .rodata.dialog_text_DIALOG_016
                0x000000001b009d8c       0x57 build/us_n64/bin/translation_de.o
 *fill*         0x000000001b009de3        0x1 
 .rodata.dialog_text_DIALOG_015
                0x000000001b009de4       0xc4 build/us_n64/bin/translation_de.o
 .rodata.dialog_text_DIALOG_014
                0x000000001b009ea8       0x7a build/us_n64/bin/translation_de.o
 *fill*         0x000000001b009f22        0x2 
 .rodata.dialog_text_DIALOG_013
                0x000000001b009f24       0x6f build/us_n64/bin/translation_de.o
 *fill*         0x000000001b009f93        0x1 
 .rodata.dialog_text_DIALOG_012
                0x000000001b009f94       0xd8 build/us_n64/bin/translation_de.o
 .rodata.dialog_text_DIALOG_011
                0x000000001b00a06c       0xde build/us_n64/bin/translation_de.o
 *fill*         0x000000001b00a14a        0x2 
 .rodata.dialog_text_DIALOG_010
                0x000000001b00a14c       0xd8 build/us_n64/bin/translation_de.o
 .rodata.dialog_text_DIALOG_009
                0x000000001b00a224      0x130 build/us_n64/bin/translation_de.o
 .rodata.dialog_text_DIALOG_008
                0x000000001b00a354       0xe7 build/us_n64/bin/translation_de.o
 *fill*         0x000000001b00a43b        0x1 
 .rodata.dialog_text_DIALOG_007
                0x000000001b00a43c       0x79 build/us_n64/bin/translation_de.o
 *fill*         0x000000001b00a4b5        0x3 
 .rodata.dialog_text_DIALOG_006
                0x000000001b00a4b8       0x83 build/us_n64/bin/translation_de.o
 *fill*         0x000000001b00a53b        0x1 
 .rodata.dialog_text_DIALOG_005
                0x000000001b00a53c      0x189 build/us_n64/bin/translation_de.o
 *fill*         0x000000001b00a6c5        0x3 
 .rodata.dialog_text_DIALOG_004
                0x000000001b00a6c8       0xbe build/us_n64/bin/translation_de.o
 *fill*         0x000000001b00a786        0x2 
 .rodata.dialog_text_DIALOG_003
                0x000000001b00a788      0x152 build/us_n64/bin/translation_de.o
 *fill*         0x000000001b00a8da        0x2 
 .rodata.dialog_text_DIALOG_002
                0x000000001b00a8dc      0x156 build/us_n64/bin/translation_de.o
 *fill*         0x000000001b00aa32        0x2 
 .rodata.dialog_text_DIALOG_001
                0x000000001b00aa34      0x1b6 build/us_n64/bin/translation_de.o
 *fill*         0x000000001b00abea        0x2 
 .rodata.dialog_text_DIALOG_000
                0x000000001b00abec      0x1ac build/us_n64/bin/translation_de.o

.rodata1
 *(.rodata1)

.sdata2
 *(.sdata2 .sdata2.* .gnu.linkonce.s2.*)

.sbss2
 *(.sbss2 .sbss2.* .gnu.linkonce.sb2.*)

.eh_frame_hdr
 *(.eh_frame_hdr)
 *(.eh_frame_entry .eh_frame_entry.*)

.eh_frame
 *(.eh_frame)
 *(.eh_frame.*)

.gcc_except_table
 *(.gcc_except_table .gcc_except_table.*)

.gnu_extab
 *(.gnu_extab*)

.exception_ranges
 *(.exception_ranges .exception_ranges*)
                0x000000001b00bd98                . = DATA_SEGMENT_ALIGN (CONSTANT (MAXPAGESIZE), CONSTANT (COMMONPAGESIZE))

.eh_frame
 *(.eh_frame)
 *(.eh_frame.*)

.gnu_extab
 *(.gnu_extab)

.gcc_except_table
 *(.gcc_except_table .gcc_except_table.*)

.exception_ranges
 *(.exception_ranges .exception_ranges*)

.tdata
 *(.tdata .tdata.* .gnu.linkonce.td.*)

.tbss
 *(.tbss .tbss.* .gnu.linkonce.tb.*)
 *(.tcommon)

.preinit_array  0x000000001b00bd98        0x0
                [!provide]                        PROVIDE (__preinit_array_start = .)
 *(.preinit_array)
                [!provide]                        PROVIDE (__preinit_array_end = .)

.init_array     0x000000001b00bd98        0x0
                [!provide]                        PROVIDE (__init_array_start = .)
 *(SORT_BY_INIT_PRIORITY(.init_array.*) SORT_BY_INIT_PRIORITY(.ctors.*))
 *(.init_array EXCLUDE_FILE(*crtend?.o *crtend.o *crtbegin?.o *crtbegin.o) .ctors)
                [!provide]                        PROVIDE (__init_array_end = .)

.fini_array     0x000000001b00bd98        0x0
                [!provide]                        PROVIDE (__fini_array_start = .)
 *(SORT_BY_INIT_PRIORITY(.fini_array.*) SORT_BY_INIT_PRIORITY(.dtors.*))
 *(.fini_array EXCLUDE_FILE(*crtend?.o *crtend.o *crtbegin?.o *crtbegin.o) .dtors)
                [!provide]                        PROVIDE (__fini_array_end = .)

.ctors
 *crtbegin.o(.ctors)
 *crtbegin?.o(.ctors)
 *(EXCLUDE_FILE(*crtend?.o *crtend.o) .ctors)
 *(SORT_BY_NAME(.ctors.*))
 *(.ctors)

.dtors
 *crtbegin.o(.dtors)
 *crtbegin?.o(.dtors)
 *(EXCLUDE_FILE(*crtend?.o *crtend.o) .dtors)
 *(SORT_BY_NAME(.dtors.*))
 *(.dtors)

.jcr
 *(.jcr)

.data.rel.ro
 *(.data.rel.ro.local* .gnu.linkonce.d.rel.ro.local.*)
 *(.data.rel.ro .data.rel.ro.* .gnu.linkonce.d.rel.ro.*)
                0x000000001b00bd98                . = DATA_SEGMENT_RELRO_END (., 0x0)

.data           0x000000001b00bd98        0x0
                0x000000001b00bd98                _fdata = .
 *(.data .data.* .gnu.linkonce.d.*)
 .data          0x000000001b00bd98        0x0 build/us_n64/bin/translation_de.o

.data1
 *(.data1)

.got.plt
 *(.got.plt)
                0x000000001b00bd98                . = .
                0x000000001b00bd98                . = .
                0x000000001b013d90                _gp = (ALIGN (0x10) + 0x7ff0)

.got
 *(.got)

.sdata
 *(.sdata .sdata.* .gnu.linkonce.s.*)

.lit8
 *(.lit8)

.lit4
 *(.lit4)
                0x000000001b00bd98                _edata = .
                [!provide]                        PROVIDE (edata = .)
                0x000000001b00bd98                . = .
                0x000000001b00bd98                __bss_start = .
                0x000000001b00bd98                _fbss = .

.sbss
 *(.dynsbss)
 *(.sbss .sbss.* .gnu.linkonce.sb.*)
 *(.scommon)

.bss            0x000000001b00bd98        0x0
 *(.dynbss)
 *(.bss .bss.* .gnu.linkonce.b.*)
 .bss           0x000000001b00bd98        0x0 build/us_n64/bin/translation_de.o
 *(COMMON)
                0x000000001b00bd98                . = ALIGN ((. != 0x0)?0x4:0x1)
                0x000000001b00bd98                . = ALIGN (0x4)
                0x000000001b00bd98                . = SEGMENT_START ("ldata-segment", .)
                0x000000001b00bd98                . = ALIGN (0x4)
                0x000000001b00bd98                _end = .
                [!provide]                        PROVIDE (end = .)
                0x000000001b00bd98                . = DATA_SEGMENT_END (.)

.stab
 *(.stab)

.stabstr
 *(.stabstr)

.stab.excl
 *(.stab.excl)

.stab.exclstr
 *(.stab.exclstr)

.stab.index
 *(.stab.index)

.stab.indexstr
 *(.stab.indexstr)

.comment        0x0000000000000000       0x12
 *(.comment)
 .comment       0x0000000000000000       0x12 build/us_n64/bin/translation_de.o
                                         0x13 (size before relaxing)

.pdr            0x0000000000000000        0x0
 .pdr           0x0000000000000000        0x0 build/us_n64/bin/translation_de.o

.debug
 *(.debug)

.line
 *(.line)

.debug_srcinfo
 *(.debug_srcinfo)

.debug_sfnames
 *(.debug_sfnames)

.debug_aranges
 *(.debug_aranges)

.debug_pubnames
 *(.debug_pubnames)

.debug_info
 *(.debug_info .gnu.linkonce.wi.*)

.debug_abbrev
 *(.debug_abbrev)

.debug_line
 *(.debug_line .debug_line.* .debug_line_end)

.debug_frame
 *(.debug_frame)

.debug_str
 *(.debug_str)

.debug_loc
 *(.debug_loc)

.debug_macinfo
 *(.debug_macinfo)

.debug_weaknames
 *(.debug_weaknames)

.debug_funcnames
 *(.debug_funcnames)

.debug_typenames
 *(.debug_typenames)

.debug_varnames
 *(.debug_varnames)

.debug_pubtypes
 *(.debug_pubtypes)

.debug_ranges
 *(.debug_ranges)

.debug_macro
 *(.debug_macro)

.debug_addr
 *(.debug_addr)

.gnu.attributes
                0x0000000000000000       0x10
 *(.gnu.attributes)
 .gnu.attributes
                0x0000000000000000       0x10 build/us_n64/bin/translation_de.o

.gptab.sdata
 *(.gptab.data)
 *(.gptab.sdata)

.gptab.sbss
 *(.gptab.bss)
 *(.gptab.sbss)

.mdebug.abi32   0x0000000000000000        0x0
 *(.mdebug.abi32)
 .mdebug.abi32  0x0000000000000000        0x0 build/us_n64/bin/translation_de.o

.mdebug.abiN32
 *(.mdebug.abiN32)

.mdebug.abi64
 *(.mdebug.abi64)

.mdebug.abiO64
 *(.mdebug.abiO64)

.mdebug.eabi32
 *(.mdebug.eabi32)

.mdebug.eabi64
 *(.mdebug.eabi64)

.gcc_compiled_long32
 *(.gcc_compiled_long32)

.gcc_compiled_long64
 *(.gcc_compiled_long64)

/DISCARD/
 *(.note.GNU-stack)
 *(.gnu_debuglink)
 *(.gnu.lto_*)
OUTPUT(build/us_n64/bin/translation_de.elf elf32-bigmips)
